Archive member included because of file (symbol)

.\CortexM3\ARM_GCC_473\Debug\LauncherController.a(cyfitter_cfg.o)
                              .\CortexM3\ARM_GCC_473\Debug\Cm3Start.o (cyfitter_cfg)
.\CortexM3\ARM_GCC_473\Debug\LauncherController.a(LCD.o)
                              .\CortexM3\ARM_GCC_473\Debug\main.o (LCD_WriteControl)
.\CortexM3\ARM_GCC_473\Debug\LauncherController.a(Target_UART.o)
                              .\CortexM3\ARM_GCC_473\Debug\main.o (Target_UART_Start)
.\CortexM3\ARM_GCC_473\Debug\LauncherController.a(RX_INT.o)
                              .\CortexM3\ARM_GCC_473\Debug\main.o (RX_INT_StartEx)
.\CortexM3\ARM_GCC_473\Debug\LauncherController.a(Target_UART_IntClock.o)
                              .\CortexM3\ARM_GCC_473\Debug\LauncherController.a(Target_UART.o) (Target_UART_IntClock_Start)
.\CortexM3\ARM_GCC_473\Debug\LauncherController.a(CyBootAsmGnu.o)
                              .\CortexM3\ARM_GCC_473\Debug\LauncherController.a(cyfitter_cfg.o) (CyDelayCycles)
.\CortexM3\ARM_GCC_473\Debug\LauncherController.a(CyLib.o)
                              .\CortexM3\ARM_GCC_473\Debug\Cm3Start.o (CyResetStatus)
.\CortexM3\ARM_GCC_473\Debug\LauncherController.a(cyPm.o)
                              .\CortexM3\ARM_GCC_473\Debug\LauncherController.a(CyLib.o) (CyPmReadStatus)
.\CortexM3\ARM_GCC_473\Debug\LauncherController.a(Launcher_UART.o)
                              .\CortexM3\ARM_GCC_473\Debug\main.o (Launcher_UART_Start)
.\CortexM3\ARM_GCC_473\Debug\LauncherController.a(Launcher_UART_cdc.o)
                              .\CortexM3\ARM_GCC_473\Debug\main.o (Launcher_UART_CDC_Init)
.\CortexM3\ARM_GCC_473\Debug\LauncherController.a(Launcher_UART_drv.o)
                              .\CortexM3\ARM_GCC_473\Debug\LauncherController.a(Launcher_UART.o) (Launcher_UART_EP)
.\CortexM3\ARM_GCC_473\Debug\LauncherController.a(Launcher_UART_episr.o)
                              .\CortexM3\ARM_GCC_473\Debug\LauncherController.a(Launcher_UART.o) (Launcher_UART_EP_1_ISR)
.\CortexM3\ARM_GCC_473\Debug\LauncherController.a(Launcher_UART_std.o)
                              .\CortexM3\ARM_GCC_473\Debug\LauncherController.a(Launcher_UART_drv.o) (Launcher_UART_HandleStandardRqst)
.\CortexM3\ARM_GCC_473\Debug\LauncherController.a(Launcher_UART_vnd.o)
                              .\CortexM3\ARM_GCC_473\Debug\LauncherController.a(Launcher_UART_drv.o) (Launcher_UART_HandleVendorRqst)
.\CortexM3\ARM_GCC_473\Debug\LauncherController.a(CapSense.o)
                              .\CortexM3\ARM_GCC_473\Debug\main.o (CapSense_Start)
.\CortexM3\ARM_GCC_473\Debug\LauncherController.a(CapSense_CSHL.o)
                              .\CortexM3\ARM_GCC_473\Debug\main.o (CapSense_InitializeAllBaselines)
.\CortexM3\ARM_GCC_473\Debug\LauncherController.a(CapSense_INT.o)
                              .\CortexM3\ARM_GCC_473\Debug\LauncherController.a(CapSense.o) (CapSense_IsrCH0_ISR)
.\CortexM3\ARM_GCC_473\Debug\LauncherController.a(CapSense_SMS_Wrapper.o)
                              .\CortexM3\ARM_GCC_473\Debug\LauncherController.a(CapSense_CSHL.o) (CapSense_CalculateThresholds)
.\CortexM3\ARM_GCC_473\Debug\LauncherController.a(CapSense_CompCH0.o)
                              .\CortexM3\ARM_GCC_473\Debug\LauncherController.a(CapSense.o) (CapSense_CompCH0_Init)
.\CortexM3\ARM_GCC_473\Debug\LauncherController.a(CapSense_IdacCH0.o)
                              .\CortexM3\ARM_GCC_473\Debug\LauncherController.a(CapSense.o) (CapSense_IdacCH0_Init)
.\CortexM3\ARM_GCC_473\Debug\LauncherController.a(CapSense_AMuxCH0.o)
                              .\CortexM3\ARM_GCC_473\Debug\LauncherController.a(CapSense.o) (CapSense_AMuxCH0_Init)
.\CortexM3\ARM_GCC_473\Debug\LauncherController.a(CapSense_IntClock.o)
                              .\CortexM3\ARM_GCC_473\Debug\LauncherController.a(CapSense.o) (CapSense_IntClock_Start)
.\CortexM3\ARM_GCC_473\Debug\LauncherController.a(Target_Control.o)
                              .\CortexM3\ARM_GCC_473\Debug\main.o (Target_Control_Write)
.\CortexM3\ARM_GCC_473\Debug\LauncherController.a(CyFlash.o)
                              .\CortexM3\ARM_GCC_473\Debug\LauncherController.a(cyPm.o) (CyFlash_SetWaitCycles)
.\CortexM3\ARM_GCC_473\Debug\LauncherController.a(CySpc.o)
                              .\CortexM3\ARM_GCC_473\Debug\LauncherController.a(CyFlash.o) (CySpcStart)
.\CortexM3\ARM_GCC_473\Debug\LauncherController.a(Launcher_UART_cls.o)
                              .\CortexM3\ARM_GCC_473\Debug\LauncherController.a(Launcher_UART_drv.o) (Launcher_UART_DispatchClassRqst)
.\CortexM3\ARM_GCC_473\Debug\LauncherController.a(Launcher_UART_descr.o)
                              .\CortexM3\ARM_GCC_473\Debug\LauncherController.a(Launcher_UART_std.o) (Launcher_UART_DEVICE0_DESCR)
C:\Program Files (x86)\Cypress\PSoC Creator\3.0\PSoC Creator\psoc\content\cycomponentlibrary\CyComponentLibrary.cylib\CortexM3\ARM_GCC_473\Debug\CyComponentLibrary.a(CapSense_CSD_SmartSense_v3_40.o)
[...]
Memory Configuration

Name             Origin             Length             Attributes
rom              0x00000000         0x00040000         xr
ram              0x1fff8000         0x00010000         xrw
*default*        0x00000000         0xffffffff

Linker script and memory map

LOAD c:/program files (x86)/cypress/psoc creator/3.0/psoc creator/import/gnu_cs/arm/4.7.3/bin/../lib/gcc/arm-none-eabi/4.7.3/armv7-m/crti.o
LOAD c:/program files (x86)/cypress/psoc creator/3.0/psoc creator/import/gnu_cs/arm/4.7.3/bin/../lib/gcc/arm-none-eabi/4.7.3/armv7-m/crtbegin.o
LOAD c:/program files (x86)/cypress/psoc creator/3.0/psoc creator/import/gnu_cs/arm/4.7.3/bin/../lib/gcc/arm-none-eabi/4.7.3/../../../../arm-none-eabi/lib/armv7-m/crt0.o
START GROUP
LOAD .\CortexM3\ARM_GCC_473\Debug\main.o
LOAD .\CortexM3\ARM_GCC_473\Debug\cymetadata.o
LOAD .\CortexM3\ARM_GCC_473\Debug\Cm3Start.o
LOAD .\CortexM3\ARM_GCC_473\Debug\LauncherController.a
LOAD C:\Program Files (x86)\Cypress\PSoC Creator\3.0\PSoC Creator\psoc\content\cycomponentlibrary\CyComponentLibrary.cylib\CortexM3\ARM_GCC_473\Debug\CyComponentLibrary.a
END GROUP
START GROUP
LOAD c:/program files (x86)/cypress/psoc creator/3.0/psoc creator/import/gnu_cs/arm/4.7.3/bin/../lib/gcc/arm-none-eabi/4.7.3/armv7-m\libgcc.a
LOAD c:/program files (x86)/cypress/psoc creator/3.0/psoc creator/import/gnu_cs/arm/4.7.3/bin/../lib/gcc/arm-none-eabi/4.7.3/../../../../arm-none-eabi/lib/armv7-m\libc_s.a
END GROUP
LOAD c:/program files (x86)/cypress/psoc creator/3.0/psoc creator/import/gnu_cs/arm/4.7.3/bin/../lib/gcc/arm-none-eabi/4.7.3/armv7-m/crtend.o
LOAD c:/program files (x86)/cypress/psoc creator/3.0/psoc creator/import/gnu_cs/arm/4.7.3/bin/../lib/gcc/arm-none-eabi/4.7.3/armv7-m/crtn.o
START GROUP
LOAD c:/program files (x86)/cypress/psoc creator/3.0/psoc creator/import/gnu_cs/arm/4.7.3/bin/../lib/gcc/arm-none-eabi/4.7.3/armv7-m\libgcc.a
LOAD c:/program files (x86)/cypress/psoc creator/3.0/psoc creator/import/gnu_cs/arm/4.7.3/bin/../lib/gcc/arm-none-eabi/4.7.3/../../../../arm-none-eabi/lib/armv7-m\libc.a
LOAD c:/program files (x86)/cypress/psoc creator/3.0/psoc creator/import/gnu_cs/arm/4.7.3/bin/../lib/gcc/arm-none-eabi/4.7.3/../../../../arm-none-eabi/lib/armv7-m\libnosys.a
END GROUP
                0x00000000                CY_APPL_ORIGIN = 0x0
                0x00000100                CY_FLASH_ROW_SIZE = 0x100
                0x00000020                CY_ECC_ROW_SIZE = 0x20
                0x00000000                CY_EE_IN_BTLDR = 0x0
                0x00000000                CY_APPL_LOADABLE = 0x0
                0x00000800                CY_EE_SIZE = 0x800
                0x00000001                CY_APPL_NUM = 0x1
                0x00000001                CY_APPL_MAX = 0x1
                0x00000040                CY_METADATA_SIZE = 0x40
                0x1fff83c0                PROVIDE (__cy_heap_start, _end)
                0x00000001                PROVIDE (__cy_region_num, ((__cy_regions_end - __cy_regions) / 0x10))
                0x20008000                PROVIDE (__cy_stack, (ORIGIN (ram) + 0x10000))
                0x20004000                PROVIDE (__cy_heap_end, (__cy_stack - 0x4000))

.cybootloader   0x00000000        0x0
 *(.cybootloader)
                0x00000000                appl1_start = CY_APPL_ORIGIN?CY_APPL_ORIGIN:ALIGN (CY_FLASH_ROW_SIZE)
                0x0001ff00                appl2_start = (appl1_start + ALIGN ((((0x40000 - appl1_start) - (0x2 * CY_FLASH_ROW_SIZE)) / 0x2), CY_FLASH_ROW_SIZE))
                0x00000000                appl_start = (CY_APPL_NUM == 0x1)?appl1_start:appl2_start
                0x00000000                ecc_offset = ((appl_start / CY_FLASH_ROW_SIZE) * CY_ECC_ROW_SIZE)
                0x00000000                ee_offset = (CY_APPL_LOADABLE && ! (CY_EE_IN_BTLDR))?((CY_EE_SIZE / CY_APPL_MAX) * (CY_APPL_NUM - 0x1)):0x0
                0x00000800                ee_size = (CY_APPL_LOADABLE && ! (CY_EE_IN_BTLDR))?(CY_EE_SIZE / CY_APPL_MAX):CY_EE_SIZE
                0x00000000                PROVIDE (CY_ECC_OFFSET, ecc_offset)

.text           0x00000000     0x6b88
 CREATE_OBJECT_SYMBOLS
                0x00000000                PROVIDE (__cy_interrupt_vector, RomVectors)
 *(.romvectors)
 .romvectors    0x00000000       0x10 .\CortexM3\ARM_GCC_473\Debug\Cm3Start.o
                0x00000000                RomVectors
                0x00000001                ASSERT ((. != __cy_interrupt_vector), No interrupt vector)
                0x00000001                ASSERT (CY_APPL_ORIGIN?(SIZEOF (.cybootloader) <= CY_APPL_ORIGIN):0x1, Wrong image location)
                0x00000010                PROVIDE (__cy_reset, Reset)
 *(.text.Reset)
 .text.Reset    0x00000010       0x1c .\CortexM3\ARM_GCC_473\Debug\Cm3Start.o
                0x00000010                Reset
                0x00000001                ASSERT ((. != __cy_reset), No reset code)
 *(.dma_init)
                0x00000001                ASSERT ((((appl_start + .) <= 0x10000) || 0x1), DMA Init must be within the first 64k of flash)
 *(.text .text.* .gnu.linkonce.t.*)
 .text          0x0000002c       0x54 c:/program files (x86)/cypress/psoc creator/3.0/psoc creator/import/gnu_cs/arm/4.7.3/bin/../lib/gcc/arm-none-eabi/4.7.3/armv7-m/crtbegin.o
 .text.RX_INT   0x00000080      0x1d0 .\CortexM3\ARM_GCC_473\Debug\main.o
                0x00000080                RX_INT
 .text.main     0x00000250      0x16c .\CortexM3\ARM_GCC_473\Debug\main.o
                0x00000250                main
 .text.position
                0x000003bc      0x1a4 .\CortexM3\ARM_GCC_473\Debug\main.o
                0x000003bc                position
 .text.print_line
                0x00000560       0x34 .\CortexM3\ARM_GCC_473\Debug\main.o
                0x00000560                print_line
 .text.score    0x00000594      0x13c .\CortexM3\ARM_GCC_473\Debug\main.o
                0x00000594                score
 .text.game_output_update
                0x000006d0       0xd4 .\CortexM3\ARM_GCC_473\Debug\main.o
                0x000006d0                game_output_update
 .text.cap_sense_read
                0x000007a4      0x310 .\CortexM3\ARM_GCC_473\Debug\main.o
                0x000007a4                cap_sense_read
 .text.IntDefaultHandler
                0x00000ab4        0x8 .\CortexM3\ARM_GCC_473\Debug\Cm3Start.o
                0x00000ab4                IntDefaultHandler
 .text.Start_c  0x00000abc       0xcc .\CortexM3\ARM_GCC_473\Debug\Cm3Start.o
                0x00000abc                Start_c
 .text.initialize_psoc
                0x00000b88       0xb4 .\CortexM3\ARM_GCC_473\Debug\Cm3Start.o
                0x00000b88                initialize_psoc
 .text.CYMEMZERO
                0x00000c3c       0x20 .\CortexM3\ARM_GCC_473\Debug\LauncherController.a(cyfitter_cfg.o)
 .text.CYCONFIGCPY
                0x00000c5c       0x20 .\CortexM3\ARM_GCC_473\Debug\LauncherController.a(cyfitter_cfg.o)
 .text.CyClockStartupError
                0x00000c7c        0xc .\CortexM3\ARM_GCC_473\Debug\LauncherController.a(cyfitter_cfg.o)
 .text.cfg_write_bytes32
                0x00000c88       0x84 .\CortexM3\ARM_GCC_473\Debug\LauncherController.a(cyfitter_cfg.o)
 .text.ClockSetup
                0x00000d0c      0x170 .\CortexM3\ARM_GCC_473\Debug\LauncherController.a(cyfitter_cfg.o)
 .text.AnalogSetDefault
                0x00000e7c       0x88 .\CortexM3\ARM_GCC_473\Debug\LauncherController.a(cyfitter_cfg.o)
 .text.CapSense_AMuxCH0_Set
                0x00000f04       0x4c .\CortexM3\ARM_GCC_473\Debug\LauncherController.a(cyfitter_cfg.o)
                0x00000f04                CapSense_AMuxCH0_Set
 .text.CapSense_AMuxCH0_Unset
                0x00000f50       0x50 .\CortexM3\ARM_GCC_473\Debug\LauncherController.a(cyfitter_cfg.o)
                0x00000f50                CapSense_AMuxCH0_Unset
 .text.cyfitter_cfg
                0x00000fa0      0x1e8 .\CortexM3\ARM_GCC_473\Debug\LauncherController.a(cyfitter_cfg.o)
                0x00000fa0                cyfitter_cfg
 .text.LCD_Init
                0x00001188       0x90 .\CortexM3\ARM_GCC_473\Debug\LauncherController.a(LCD.o)
                0x00001188                LCD_Init
 .text.LCD_Enable
                0x00001218       0x1c .\CortexM3\ARM_GCC_473\Debug\LauncherController.a(LCD.o)
                0x00001218                LCD_Enable
 .text.LCD_Start
                0x00001234       0x2c .\CortexM3\ARM_GCC_473\Debug\LauncherController.a(LCD.o)
                0x00001234                LCD_Start
 .text.LCD_Position
                0x00001260       0x78 .\CortexM3\ARM_GCC_473\Debug\LauncherController.a(LCD.o)
                0x00001260                LCD_Position
 .text.LCD_PrintString
                0x000012d8       0x40 .\CortexM3\ARM_GCC_473\Debug\LauncherController.a(LCD.o)
                0x000012d8                LCD_PrintString
 .text.LCD_WriteData
                0x00001318       0x38 .\CortexM3\ARM_GCC_473\Debug\LauncherController.a(LCD.o)
                0x00001318                LCD_WriteData
 .text.LCD_WriteControl
                0x00001350       0x38 .\CortexM3\ARM_GCC_473\Debug\LauncherController.a(LCD.o)
                0x00001350                LCD_WriteControl
 .text.LCD_IsReady
                0x00001388      0x208 .\CortexM3\ARM_GCC_473\Debug\LauncherController.a(LCD.o)
                0x00001388                LCD_IsReady
 .text.LCD_WrDatNib
                0x00001590       0xb0 .\CortexM3\ARM_GCC_473\Debug\LauncherController.a(LCD.o)
 .text.LCD_WrCntrlNib
                0x00001640       0x90 .\CortexM3\ARM_GCC_473\Debug\LauncherController.a(LCD.o)
 .text.LCD_PrintNumber
                0x000016d0      0x104 .\CortexM3\ARM_GCC_473\Debug\LauncherController.a(LCD.o)
                0x000016d0                LCD_PrintNumber
 .text.Target_UART_Start
                0x000017d4       0x2c .\CortexM3\ARM_GCC_473\Debug\LauncherController.a(Target_UART.o)
                0x000017d4                Target_UART_Start
 .text.Target_UART_Init
                0x00001800       0x28 .\CortexM3\ARM_GCC_473\Debug\LauncherController.a(Target_UART.o)
                0x00001800                Target_UART_Init
 .text.Target_UART_Enable
                0x00001828       0x5c .\CortexM3\ARM_GCC_473\Debug\LauncherController.a(Target_UART.o)
                0x00001828                Target_UART_Enable
 .text.Target_UART_ReadRxData
                0x00001884       0x20 .\CortexM3\ARM_GCC_473\Debug\LauncherController.a(Target_UART.o)
                0x00001884                Target_UART_ReadRxData
 .text.Target_UART_ClearRxBuffer
                0x000018a4       0x58 .\CortexM3\ARM_GCC_473\Debug\LauncherController.a(Target_UART.o)
                0x000018a4                Target_UART_ClearRxBuffer
 .text.RX_INT_StartEx
                0x000018fc       0x28 .\CortexM3\ARM_GCC_473\Debug\LauncherController.a(RX_INT.o)
                0x000018fc                RX_INT_StartEx
 .text.RX_INT_SetVector
                0x00001924       0x28 .\CortexM3\ARM_GCC_473\Debug\LauncherController.a(RX_INT.o)
                0x00001924                RX_INT_SetVector
 .text.RX_INT_SetPriority
                0x0000194c       0x28 .\CortexM3\ARM_GCC_473\Debug\LauncherController.a(RX_INT.o)
                0x0000194c                RX_INT_SetPriority
 .text.RX_INT_Enable
                0x00001974       0x18 .\CortexM3\ARM_GCC_473\Debug\LauncherController.a(RX_INT.o)
                0x00001974                RX_INT_Enable
 .text.RX_INT_Disable
                0x0000198c       0x18 .\CortexM3\ARM_GCC_473\Debug\LauncherController.a(RX_INT.o)
                0x0000198c                RX_INT_Disable
 .text.Target_UART_IntClock_Start
                0x000019a4       0x44 .\CortexM3\ARM_GCC_473\Debug\LauncherController.a(Target_UART_IntClock.o)
                0x000019a4                Target_UART_IntClock_Start
 .text          0x000019e8       0x28 .\CortexM3\ARM_GCC_473\Debug\LauncherController.a(CyBootAsmGnu.o)
                0x000019e8                CyDelayCycles
                0x000019fc                CyEnterCriticalSection
                0x00001a04                CyExitCriticalSection
 .text.CyHalt   0x00001a10       0x18 .\CortexM3\ARM_GCC_473\Debug\LauncherController.a(CyLib.o)
                0x00001a10                CyHalt
 .text.CyDelay  0x00001a28       0x48 .\CortexM3\ARM_GCC_473\Debug\LauncherController.a(CyLib.o)
                0x00001a28                CyDelay
 .text.CyDelayUs
                0x00001a70       0x28 .\CortexM3\ARM_GCC_473\Debug\LauncherController.a(CyLib.o)
                0x00001a70                CyDelayUs
 .text.CyIntSetVector
                0x00001a98       0x60 .\CortexM3\ARM_GCC_473\Debug\LauncherController.a(CyLib.o)
                0x00001a98                CyIntSetVector
 .text.CyIntSetPriority
                0x00001af8       0x4c .\CortexM3\ARM_GCC_473\Debug\LauncherController.a(CyLib.o)
                0x00001af8                CyIntSetPriority
 .text.Launcher_UART_Start
                0x00001b44       0x44 .\CortexM3\ARM_GCC_473\Debug\LauncherController.a(Launcher_UART.o)
                0x00001b44                Launcher_UART_Start
 .text.Launcher_UART_Init
                0x00001b88      0x238 .\CortexM3\ARM_GCC_473\Debug\LauncherController.a(Launcher_UART.o)
                0x00001b88                Launcher_UART_Init
 .text.Launcher_UART_InitComponent
                0x00001dc0      0x138 .\CortexM3\ARM_GCC_473\Debug\LauncherController.a(Launcher_UART.o)
                0x00001dc0                Launcher_UART_InitComponent
 .text.Launcher_UART_ReInitComponent
                0x00001ef8       0x88 .\CortexM3\ARM_GCC_473\Debug\LauncherController.a(Launcher_UART.o)
                0x00001ef8                Launcher_UART_ReInitComponent
 .text.Launcher_UART_GetConfiguration
                0x00001f80       0x18 .\CortexM3\ARM_GCC_473\Debug\LauncherController.a(Launcher_UART.o)
                0x00001f80                Launcher_UART_GetConfiguration
 .text.Launcher_UART_LoadInEP
                0x00001f98      0x150 .\CortexM3\ARM_GCC_473\Debug\LauncherController.a(Launcher_UART.o)
                0x00001f98                Launcher_UART_LoadInEP
 .text.Launcher_UART_EnableOutEP
                0x000020e8       0x78 .\CortexM3\ARM_GCC_473\Debug\LauncherController.a(Launcher_UART.o)
                0x000020e8                Launcher_UART_EnableOutEP
 .text.Launcher_UART_DispatchCDCClassRqst
                0x00002160      0x11c .\CortexM3\ARM_GCC_473\Debug\LauncherController.a(Launcher_UART_cdc.o)
                0x00002160                Launcher_UART_DispatchCDCClassRqst
 .text.Launcher_UART_CDC_Init
                0x0000227c       0x28 .\CortexM3\ARM_GCC_473\Debug\LauncherController.a(Launcher_UART_cdc.o)
                0x0000227c                Launcher_UART_CDC_Init
 .text.Launcher_UART_StrLen
                0x000022a4       0x34 .\CortexM3\ARM_GCC_473\Debug\LauncherController.a(Launcher_UART_cdc.o)
 .text.Launcher_UART_PutString
                0x000022d8       0xec .\CortexM3\ARM_GCC_473\Debug\LauncherController.a(Launcher_UART_cdc.o)
                0x000022d8                Launcher_UART_PutString
 .text.Launcher_UART_PutCRLF
                0x000023c4       0x3c .\CortexM3\ARM_GCC_473\Debug\LauncherController.a(Launcher_UART_cdc.o)
                0x000023c4                Launcher_UART_PutCRLF
 .text.Launcher_UART_CDCIsReady
                0x00002400       0x34 .\CortexM3\ARM_GCC_473\Debug\LauncherController.a(Launcher_UART_cdc.o)
                0x00002400                Launcher_UART_CDCIsReady
 .text.Launcher_UART_EP_0_ISR
                0x00002434      0x140 .\CortexM3\ARM_GCC_473\Debug\LauncherController.a(Launcher_UART_drv.o)
                0x00002434                Launcher_UART_EP_0_ISR
 .text.Launcher_UART_HandleSetup
                0x00002574       0xa8 .\CortexM3\ARM_GCC_473\Debug\LauncherController.a(Launcher_UART_drv.o)
                0x00002574                Launcher_UART_HandleSetup
 .text.Launcher_UART_HandleIN
                0x0000261c       0x50 .\CortexM3\ARM_GCC_473\Debug\LauncherController.a(Launcher_UART_drv.o)
                0x0000261c                Launcher_UART_HandleIN
 .text.Launcher_UART_HandleOUT
                0x0000266c       0x60 .\CortexM3\ARM_GCC_473\Debug\LauncherController.a(Launcher_UART_drv.o)
                0x0000266c                Launcher_UART_HandleOUT
 .text.Launcher_UART_LoadEP0
                0x000026cc      0x138 .\CortexM3\ARM_GCC_473\Debug\LauncherController.a(Launcher_UART_drv.o)
                0x000026cc                Launcher_UART_LoadEP0
 .text.Launcher_UART_InitControlRead
                0x00002804       0x90 .\CortexM3\ARM_GCC_473\Debug\LauncherController.a(Launcher_UART_drv.o)
                0x00002804                Launcher_UART_InitControlRead
 .text.Launcher_UART_InitZeroLengthControlTransfer
                0x00002894       0x58 .\CortexM3\ARM_GCC_473\Debug\LauncherController.a(Launcher_UART_drv.o)
                0x00002894                Launcher_UART_InitZeroLengthControlTransfer
 .text.Launcher_UART_ControlReadDataStage
                0x000028ec        0xc .\CortexM3\ARM_GCC_473\Debug\LauncherController.a(Launcher_UART_drv.o)
                0x000028ec                Launcher_UART_ControlReadDataStage
 .text.Launcher_UART_ControlReadStatusStage
                0x000028f8       0x54 .\CortexM3\ARM_GCC_473\Debug\LauncherController.a(Launcher_UART_drv.o)
                0x000028f8                Launcher_UART_ControlReadStatusStage
 .text.Launcher_UART_InitControlWrite
                0x0000294c       0x84 .\CortexM3\ARM_GCC_473\Debug\LauncherController.a(Launcher_UART_drv.o)
                0x0000294c                Launcher_UART_InitControlWrite
 .text.Launcher_UART_ControlWriteDataStage
                0x000029d0       0xfc .\CortexM3\ARM_GCC_473\Debug\LauncherController.a(Launcher_UART_drv.o)
                0x000029d0                Launcher_UART_ControlWriteDataStage
 .text.Launcher_UART_ControlWriteStatusStage
                0x00002acc       0x2c .\CortexM3\ARM_GCC_473\Debug\LauncherController.a(Launcher_UART_drv.o)
                0x00002acc                Launcher_UART_ControlWriteStatusStage
 .text.Launcher_UART_InitNoDataControlTransfer
                0x00002af8       0x48 .\CortexM3\ARM_GCC_473\Debug\LauncherController.a(Launcher_UART_drv.o)
                0x00002af8                Launcher_UART_InitNoDataControlTransfer
 .text.Launcher_UART_NoDataControlStatusStage
                0x00002b40       0x64 .\CortexM3\ARM_GCC_473\Debug\LauncherController.a(Launcher_UART_drv.o)
                0x00002b40                Launcher_UART_NoDataControlStatusStage
 .text.Launcher_UART_UpdateStatusBlock
                0x00002ba4       0x58 .\CortexM3\ARM_GCC_473\Debug\LauncherController.a(Launcher_UART_drv.o)
                0x00002ba4                Launcher_UART_UpdateStatusBlock
 .text.Launcher_UART_InitializeStatusBlock
                0x00002bfc       0x48 .\CortexM3\ARM_GCC_473\Debug\LauncherController.a(Launcher_UART_drv.o)
                0x00002bfc                Launcher_UART_InitializeStatusBlock
 .text.Launcher_UART_EP_1_ISR
                0x00002c44       0x74 .\CortexM3\ARM_GCC_473\Debug\LauncherController.a(Launcher_UART_episr.o)
                0x00002c44                Launcher_UART_EP_1_ISR
 .text.Launcher_UART_EP_2_ISR
                0x00002cb8       0x74 .\CortexM3\ARM_GCC_473\Debug\LauncherController.a(Launcher_UART_episr.o)
                0x00002cb8                Launcher_UART_EP_2_ISR
 .text.Launcher_UART_EP_3_ISR
                0x00002d2c       0x7c .\CortexM3\ARM_GCC_473\Debug\LauncherController.a(Launcher_UART_episr.o)
                0x00002d2c                Launcher_UART_EP_3_ISR
 .text.Launcher_UART_SOF_ISR
                0x00002da8        0xc .\CortexM3\ARM_GCC_473\Debug\LauncherController.a(Launcher_UART_episr.o)
                0x00002da8                Launcher_UART_SOF_ISR
 .text.Launcher_UART_BUS_RESET_ISR
                0x00002db4        0xc .\CortexM3\ARM_GCC_473\Debug\LauncherController.a(Launcher_UART_episr.o)
                0x00002db4                Launcher_UART_BUS_RESET_ISR
 .text.Launcher_UART_HandleStandardRqst
                0x00002dc0      0x614 .\CortexM3\ARM_GCC_473\Debug\LauncherController.a(Launcher_UART_std.o)
                0x00002dc0                Launcher_UART_HandleStandardRqst
 .text.Launcher_UART_ReadDieID
                0x000033d4       0xa8 .\CortexM3\ARM_GCC_473\Debug\LauncherController.a(Launcher_UART_std.o)
                0x000033d4                Launcher_UART_ReadDieID
 .text.Launcher_UART_ConfigReg
                0x0000347c      0x204 .\CortexM3\ARM_GCC_473\Debug\LauncherController.a(Launcher_UART_std.o)
                0x0000347c                Launcher_UART_ConfigReg
 .text.Launcher_UART_Config
                0x00003680      0x474 .\CortexM3\ARM_GCC_473\Debug\LauncherController.a(Launcher_UART_std.o)
                0x00003680                Launcher_UART_Config
 .text.Launcher_UART_ConfigAltChanged
                0x00003af4      0x354 .\CortexM3\ARM_GCC_473\Debug\LauncherController.a(Launcher_UART_std.o)
                0x00003af4                Launcher_UART_ConfigAltChanged
 .text.Launcher_UART_GetConfigTablePtr
                0x00003e48       0x44 .\CortexM3\ARM_GCC_473\Debug\LauncherController.a(Launcher_UART_std.o)
                0x00003e48                Launcher_UART_GetConfigTablePtr
 .text.Launcher_UART_GetDeviceTablePtr
                0x00003e8c       0x28 .\CortexM3\ARM_GCC_473\Debug\LauncherController.a(Launcher_UART_std.o)
                0x00003e8c                Launcher_UART_GetDeviceTablePtr
 .text.Launcher_UART_GetInterfaceClassTablePtr
                0x00003eb4       0x48 .\CortexM3\ARM_GCC_473\Debug\LauncherController.a(Launcher_UART_std.o)
                0x00003eb4                Launcher_UART_GetInterfaceClassTablePtr
 .text.Launcher_UART_SetEndpointHalt
                0x00003efc      0x130 .\CortexM3\ARM_GCC_473\Debug\LauncherController.a(Launcher_UART_std.o)
                0x00003efc                Launcher_UART_SetEndpointHalt
 .text.Launcher_UART_ClearEndpointHalt
                0x0000402c      0x1c4 .\CortexM3\ARM_GCC_473\Debug\LauncherController.a(Launcher_UART_std.o)
                0x0000402c                Launcher_UART_ClearEndpointHalt
 .text.Launcher_UART_ValidateAlternateSetting
                0x000041f0       0x90 .\CortexM3\ARM_GCC_473\Debug\LauncherController.a(Launcher_UART_std.o)
                0x000041f0                Launcher_UART_ValidateAlternateSetting
 .text.Launcher_UART_HandleVendorRqst
                0x00004280       0x70 .\CortexM3\ARM_GCC_473\Debug\LauncherController.a(Launcher_UART_vnd.o)
                0x00004280                Launcher_UART_HandleVendorRqst
 .text.CapSense_Init
                0x000042f0      0x1d4 .\CortexM3\ARM_GCC_473\Debug\LauncherController.a(CapSense.o)
                0x000042f0                CapSense_Init
 .text.CapSense_Enable
                0x000044c4       0xfc .\CortexM3\ARM_GCC_473\Debug\LauncherController.a(CapSense.o)
                0x000044c4                CapSense_Enable
 .text.CapSense_Start
                0x000045c0       0x3c .\CortexM3\ARM_GCC_473\Debug\LauncherController.a(CapSense.o)
                0x000045c0                CapSense_Start
 .text.CapSense_FindNextSensor
                0x000045fc       0x58 .\CortexM3\ARM_GCC_473\Debug\LauncherController.a(CapSense.o)
                0x000045fc                CapSense_FindNextSensor
 .text.CapSense_SetScanSlotSettings
                0x00004654       0x5c .\CortexM3\ARM_GCC_473\Debug\LauncherController.a(CapSense.o)
                0x00004654                CapSense_SetScanSlotSettings
 .text.CapSense_ScanSensor
                0x000046b0       0x44 .\CortexM3\ARM_GCC_473\Debug\LauncherController.a(CapSense.o)
                0x000046b0                CapSense_ScanSensor
 .text.CapSense_ScanEnabledWidgets
                0x000046f4       0x80 .\CortexM3\ARM_GCC_473\Debug\LauncherController.a(CapSense.o)
                0x000046f4                CapSense_ScanEnabledWidgets
 .text.CapSense_IsBusy
                0x00004774       0x20 .\CortexM3\ARM_GCC_473\Debug\LauncherController.a(CapSense.o)
                0x00004774                CapSense_IsBusy
 .text.CapSense_ClearSensors
                0x00004794       0x2c .\CortexM3\ARM_GCC_473\Debug\LauncherController.a(CapSense.o)
                0x00004794                CapSense_ClearSensors
 .text.CapSense_EnableSensor
                0x000047c0       0x7c .\CortexM3\ARM_GCC_473\Debug\LauncherController.a(CapSense.o)
                0x000047c0                CapSense_EnableSensor
 .text.CapSense_DisableSensor
                0x0000483c       0x84 .\CortexM3\ARM_GCC_473\Debug\LauncherController.a(CapSense.o)
                0x0000483c                CapSense_DisableSensor
 .text.CapSense_PreScan
                0x000048c0       0x78 .\CortexM3\ARM_GCC_473\Debug\LauncherController.a(CapSense.o)
                0x000048c0                CapSense_PreScan
 .text.CapSense_PostScan
                0x00004938       0xc8 .\CortexM3\ARM_GCC_473\Debug\LauncherController.a(CapSense.o)
                0x00004938                CapSense_PostScan
 .text.CapSense_SetPrescaler
                0x00004a00       0x34 .\CortexM3\ARM_GCC_473\Debug\LauncherController.a(CapSense.o)
                0x00004a00                CapSense_SetPrescaler
 .text.CapSense_SetAnalogSwitchesSource
                0x00004a34       0x54 .\CortexM3\ARM_GCC_473\Debug\LauncherController.a(CapSense.o)
                0x00004a34                CapSense_SetAnalogSwitchesSource
 .text.CapSense_BaseInit
                0x00004a88       0x9c .\CortexM3\ARM_GCC_473\Debug\LauncherController.a(CapSense_CSHL.o)
                0x00004a88                CapSense_BaseInit
 .text.CapSense_InitializeSensorBaseline
                0x00004b24       0x30 .\CortexM3\ARM_GCC_473\Debug\LauncherController.a(CapSense_CSHL.o)
                0x00004b24                CapSense_InitializeSensorBaseline
 .text.CapSense_InitializeAllBaselines
                0x00004b54       0x2c .\CortexM3\ARM_GCC_473\Debug\LauncherController.a(CapSense_CSHL.o)
                0x00004b54                CapSense_InitializeAllBaselines
 .text.CapSense_UpdateSensorBaseline
                0x00004b80      0x1e8 .\CortexM3\ARM_GCC_473\Debug\LauncherController.a(CapSense_CSHL.o)
                0x00004b80                CapSense_UpdateSensorBaseline
 .text.CapSense_UpdateEnabledBaselines
                0x00004d68       0x5c .\CortexM3\ARM_GCC_473\Debug\LauncherController.a(CapSense_CSHL.o)
                0x00004d68                CapSense_UpdateEnabledBaselines
 .text.CapSense_CheckIsSensorActive
                0x00004dc4      0x180 .\CortexM3\ARM_GCC_473\Debug\LauncherController.a(CapSense_CSHL.o)
                0x00004dc4                CapSense_CheckIsSensorActive
 .text.CapSense_CheckIsWidgetActive
                0x00004f44       0x60 .\CortexM3\ARM_GCC_473\Debug\LauncherController.a(CapSense_CSHL.o)
                0x00004f44                CapSense_CheckIsWidgetActive
 .text.CapSense_FindMaximum
                0x00004fa4       0x7c .\CortexM3\ARM_GCC_473\Debug\LauncherController.a(CapSense_CSHL.o)
                0x00004fa4                CapSense_FindMaximum
 .text.CapSense_CalcCentroid
                0x00005020      0x1e0 .\CortexM3\ARM_GCC_473\Debug\LauncherController.a(CapSense_CSHL.o)
                0x00005020                CapSense_CalcCentroid
 .text.CapSense_GetCentroidPos
                0x00005200      0x140 .\CortexM3\ARM_GCC_473\Debug\LauncherController.a(CapSense_CSHL.o)
                0x00005200                CapSense_GetCentroidPos
 .text.CapSense_IIR4Filter
                0x00005340       0x3c .\CortexM3\ARM_GCC_473\Debug\LauncherController.a(CapSense_CSHL.o)
                0x00005340                CapSense_IIR4Filter
 .text.CapSense_IsrCH0_ISR
                0x0000537c       0xac .\CortexM3\ARM_GCC_473\Debug\LauncherController.a(CapSense_INT.o)
                0x0000537c                CapSense_IsrCH0_ISR
 .text.SMS_LIB_ScanSensor
                0x00005428       0x1c .\CortexM3\ARM_GCC_473\Debug\LauncherController.a(CapSense_SMS_Wrapper.o)
                0x00005428                SMS_LIB_ScanSensor
 .text.SMS_LIB_IsBusy
                0x00005444       0x10 .\CortexM3\ARM_GCC_473\Debug\LauncherController.a(CapSense_SMS_Wrapper.o)
                0x00005444                SMS_LIB_IsBusy
 .text.CapSense_CalculateThresholds
                0x00005454       0x1c .\CortexM3\ARM_GCC_473\Debug\LauncherController.a(CapSense_SMS_Wrapper.o)
                0x00005454                CapSense_CalculateThresholds
 .text.CapSense_AutoTune
                0x00005470        0xc .\CortexM3\ARM_GCC_473\Debug\LauncherController.a(CapSense_SMS_Wrapper.o)
                0x00005470                CapSense_AutoTune
 .text.SMS_LIB_V3_SetAnalogSwitchesSrc_PRS
                0x0000547c       0x10 .\CortexM3\ARM_GCC_473\Debug\LauncherController.a(CapSense_SMS_Wrapper.o)
                0x0000547c                SMS_LIB_V3_SetAnalogSwitchesSrc_PRS
 .text.SMS_LIB_V3_SetAnalogSwitchesSrc_Prescaler
                0x0000548c       0x10 .\CortexM3\ARM_GCC_473\Debug\LauncherController.a(CapSense_SMS_Wrapper.o)
                0x0000548c                SMS_LIB_V3_SetAnalogSwitchesSrc_Prescaler
 .text.CapSense_CompCH0_Init
                0x0000549c       0x9c .\CortexM3\ARM_GCC_473\Debug\LauncherController.a(CapSense_CompCH0.o)
                0x0000549c                CapSense_CompCH0_Init
 .text.CapSense_CompCH0_Enable
                0x00005538       0x44 .\CortexM3\ARM_GCC_473\Debug\LauncherController.a(CapSense_CompCH0.o)
                0x00005538                CapSense_CompCH0_Enable
 .text.CapSense_CompCH0_SetSpeed
                0x0000557c       0xa0 .\CortexM3\ARM_GCC_473\Debug\LauncherController.a(CapSense_CompCH0.o)
                0x0000557c                CapSense_CompCH0_SetSpeed
 .text.CapSense_IdacCH0_Init
                0x0000561c       0x68 .\CortexM3\ARM_GCC_473\Debug\LauncherController.a(CapSense_IdacCH0.o)
                0x0000561c                CapSense_IdacCH0_Init
 .text.CapSense_IdacCH0_Enable
                0x00005684       0x44 .\CortexM3\ARM_GCC_473\Debug\LauncherController.a(CapSense_IdacCH0.o)
                0x00005684                CapSense_IdacCH0_Enable
 .text.CapSense_IdacCH0_SetSpeed
                0x000056c8       0x54 .\CortexM3\ARM_GCC_473\Debug\LauncherController.a(CapSense_IdacCH0.o)
                0x000056c8                CapSense_IdacCH0_SetSpeed
 .text.CapSense_IdacCH0_SetPolarity
                0x0000571c       0x54 .\CortexM3\ARM_GCC_473\Debug\LauncherController.a(CapSense_IdacCH0.o)
                0x0000571c                CapSense_IdacCH0_SetPolarity
 .text.CapSense_IdacCH0_SetRange
                0x00005770       0x54 .\CortexM3\ARM_GCC_473\Debug\LauncherController.a(CapSense_IdacCH0.o)
                0x00005770                CapSense_IdacCH0_SetRange
 .text.CapSense_IdacCH0_SetValue
                0x000057c4       0x20 .\CortexM3\ARM_GCC_473\Debug\LauncherController.a(CapSense_IdacCH0.o)
                0x000057c4                CapSense_IdacCH0_SetValue
 .text.CapSense_IdacCH0_DacTrim
                0x000057e4       0x5c .\CortexM3\ARM_GCC_473\Debug\LauncherController.a(CapSense_IdacCH0.o)
                0x000057e4                CapSense_IdacCH0_DacTrim
 .text.CapSense_AMuxCH0_Init
                0x00005840        0xc .\CortexM3\ARM_GCC_473\Debug\LauncherController.a(CapSense_AMuxCH0.o)
                0x00005840                CapSense_AMuxCH0_Init
 .text.CapSense_AMuxCH0_DisconnectAll
                0x0000584c       0x2c .\CortexM3\ARM_GCC_473\Debug\LauncherController.a(CapSense_AMuxCH0.o)
                0x0000584c                CapSense_AMuxCH0_DisconnectAll
 .text.CapSense_IntClock_Start
                0x00005878       0x44 .\CortexM3\ARM_GCC_473\Debug\LauncherController.a(CapSense_IntClock.o)
                0x00005878                CapSense_IntClock_Start
 .text.Target_Control_Write
                0x000058bc       0x44 .\CortexM3\ARM_GCC_473\Debug\LauncherController.a(Target_Control.o)
                0x000058bc                Target_Control_Write
 .text.Target_Control_Read
                0x00005900       0x24 .\CortexM3\ARM_GCC_473\Debug\LauncherController.a(Target_Control.o)
                0x00005900                Target_Control_Read
 .text.Launcher_UART_DispatchClassRqst
                0x00005924       0xa8 .\CortexM3\ARM_GCC_473\Debug\LauncherController.a(Launcher_UART_cls.o)
                0x00005924                Launcher_UART_DispatchClassRqst
 .text.SMS_LIB_V3_CallibrateSensor1Ch
                0x000059cc       0x84 C:\Program Files (x86)\Cypress\PSoC Creator\3.0\PSoC Creator\psoc\content\cycomponentlibrary\CyComponentLibrary.cylib\CortexM3\ARM_GCC_473\Debug\CyComponentLibrary.a(CapSense_CSD_SmartSense_v3_40.o)
                0x000059cc                SMS_LIB_V3_CallibrateSensor1Ch
 .text.SMS_LIB_V3_AutoTuneSensor1Ch
                0x00005a50       0x6c C:\Program Files (x86)\Cypress\PSoC Creator\3.0\PSoC Creator\psoc\content\cycomponentlibrary\CyComponentLibrary.cylib\CortexM3\ARM_GCC_473\Debug\CyComponentLibrary.a(CapSense_CSD_SmartSense_v3_40.o)
                0x00005a50                SMS_LIB_V3_AutoTuneSensor1Ch
 .text.SMS_LIB_V3_MeasureNoiseEnvelope
                0x00005abc       0x94 C:\Program Files (x86)\Cypress\PSoC Creator\3.0\PSoC Creator\psoc\content\cycomponentlibrary\CyComponentLibrary.cylib\CortexM3\ARM_GCC_473\Debug\CyComponentLibrary.a(CapSense_CSD_SmartSense_v3_40.o)
                0x00005abc                SMS_LIB_V3_MeasureNoiseEnvelope
 .text.SMS_LIB_V3_CalculateThresholds
                0x00005b50       0xc8 C:\Program Files (x86)\Cypress\PSoC Creator\3.0\PSoC Creator\psoc\content\cycomponentlibrary\CyComponentLibrary.cylib\CortexM3\ARM_GCC_473\Debug\CyComponentLibrary.a(CapSense_CSD_SmartSense_v3_40.o)
                0x00005b50                SMS_LIB_V3_CalculateThresholds
 .text.SMS_LIB_V3_Sensors2WidgetResolutionTransform
                0x00005c18       0x98 C:\Program Files (x86)\Cypress\PSoC Creator\3.0\PSoC Creator\psoc\content\cycomponentlibrary\CyComponentLibrary.cylib\CortexM3\ARM_GCC_473\Debug\CyComponentLibrary.a(CapSense_CSD_SmartSense_v3_40.o)
                0x00005c18                SMS_LIB_V3_Sensors2WidgetResolutionTransform
 .text.SMS_LIB_V3_AutoTune1Ch
                0x00005cb0       0x88 C:\Program Files (x86)\Cypress\PSoC Creator\3.0\PSoC Creator\psoc\content\cycomponentlibrary\CyComponentLibrary.cylib\CortexM3\ARM_GCC_473\Debug\CyComponentLibrary.a(CapSense_CSD_SmartSense_v3_40.o)
                0x00005cb0                SMS_LIB_V3_AutoTune1Ch
 .text          0x00005d38      0x370 c:/program files (x86)/cypress/psoc creator/3.0/psoc creator/import/gnu_cs/arm/4.7.3/bin/../lib/gcc/arm-none-eabi/4.7.3/armv7-m\libgcc.a(_arm_addsubdf3.o)
                0x00005d38                __aeabi_drsub
                0x00005d40                __aeabi_dsub
                0x00005d40                __subdf3
                0x00005d44                __aeabi_dadd
                0x00005d44                __adddf3
                0x00005fbc                __floatunsidf
                0x00005fbc                __aeabi_ui2d
                0x00005fdc                __floatsidf
                0x00005fdc                __aeabi_i2d
                0x00006000                __aeabi_f2d
                0x00006000                __extendsfdf2
                0x0000603c                __floatundidf
                0x0000603c                __aeabi_ul2d
                0x0000604c                __floatdidf
                0x0000604c                __aeabi_l2d
 .text          0x000060a8      0x424 c:/program files (x86)/cypress/psoc creator/3.0/psoc creator/import/gnu_cs/arm/4.7.3/bin/../lib/gcc/arm-none-eabi/4.7.3/armv7-m\libgcc.a(_arm_muldivdf3.o)
                0x000060a8                __aeabi_dmul
                0x000060a8                __muldf3
                0x000062fc                __divdf3
                0x000062fc                __aeabi_ddiv
 .text          0x000064cc       0x40 c:/program files (x86)/cypress/psoc creator/3.0/psoc creator/import/gnu_cs/arm/4.7.3/bin/../lib/gcc/arm-none-eabi/4.7.3/armv7-m\libgcc.a(_arm_fixunsdfsi.o)
                0x000064cc                __aeabi_d2uiz
                0x000064cc                __fixunsdfsi
 .text          0x0000650c      0x21c c:/program files (x86)/cypress/psoc creator/3.0/psoc creator/import/gnu_cs/arm/4.7.3/bin/../lib/gcc/arm-none-eabi/4.7.3/armv7-m\libgcc.a(_arm_addsubsf3.o)
                0x0000650c                __aeabi_frsub
                0x00006514                __subsf3
                0x00006514                __aeabi_fsub
                0x00006518                __aeabi_fadd
                0x00006518                __addsf3
                0x00006678                __aeabi_ui2f
                0x00006678                __floatunsisf
                0x00006680                __aeabi_i2f
                0x00006680                __floatsisf
                0x0000669c                __aeabi_ul2f
                0x0000669c                __floatundisf
                0x000066ac                __aeabi_l2f
                0x000066ac                __floatdisf
 .text          0x00006728      0x2a0 c:/program files (x86)/cypress/psoc creator/3.0/psoc creator/import/gnu_cs/arm/4.7.3/bin/../lib/gcc/arm-none-eabi/4.7.3/armv7-m\libgcc.a(_arm_muldivsf3.o)
                0x00006728                __mulsf3
                0x00006728                __aeabi_fmul
                0x00006890                __aeabi_fdiv
                0x00006890                __divsf3
 .text          0x000069c8       0xec c:/program files (x86)/cypress/psoc creator/3.0/psoc creator/import/gnu_cs/arm/4.7.3/bin/../lib/gcc/arm-none-eabi/4.7.3/armv7-m\libgcc.a(_arm_cmpsf2.o)
                0x000069c8                __gesf2
                0x000069c8                __gtsf2
                0x000069d0                __lesf2
                0x000069d0                __ltsf2
                0x000069d8                __nesf2
                0x000069d8                __eqsf2
                0x000069d8                __cmpsf2
                0x00006a38                __aeabi_cfrcmple
                0x00006a40                __aeabi_cfcmpeq
                0x00006a40                __aeabi_cfcmple
                0x00006a50                __aeabi_fcmpeq
                0x00006a64                __aeabi_fcmplt
                0x00006a78                __aeabi_fcmple
                0x00006a8c                __aeabi_fcmpge
                0x00006aa0                __aeabi_fcmpgt
 .text          0x00006ab4       0x40 c:/program files (x86)/cypress/psoc creator/3.0/psoc creator/import/gnu_cs/arm/4.7.3/bin/../lib/gcc/arm-none-eabi/4.7.3/armv7-m\libgcc.a(_arm_fixunssfsi.o)
                0x00006ab4                __fixunssfsi
                0x00006ab4                __aeabi_f2uiz
 .text.__libc_init_array
                0x00006af4       0x4c c:/program files (x86)/cypress/psoc creator/3.0/psoc creator/import/gnu_cs/arm/4.7.3/bin/../lib/gcc/arm-none-eabi/4.7.3/../../../../arm-none-eabi/lib/armv7-m\libc_s.a(lib_a-init.o)
                0x00006af4                __libc_init_array
 .text.memcpy   0x00006b40       0x12 c:/program files (x86)/cypress/psoc creator/3.0/psoc creator/import/gnu_cs/arm/4.7.3/bin/../lib/gcc/arm-none-eabi/4.7.3/../../../../arm-none-eabi/lib/armv7-m\libc_s.a(lib_a-memcpy.o)
                0x00006b40                memcpy
 .text.memset   0x00006b52       0x10 c:/program files (x86)/cypress/psoc creator/3.0/psoc creator/import/gnu_cs/arm/4.7.3/bin/../lib/gcc/arm-none-eabi/4.7.3/../../../../arm-none-eabi/lib/armv7-m\libc_s.a(lib_a-memset.o)
                0x00006b52                memset
 .text.strcmp   0x00006b62       0x16 c:/program files (x86)/cypress/psoc creator/3.0/psoc creator/import/gnu_cs/arm/4.7.3/bin/../lib/gcc/arm-none-eabi/4.7.3/../../../../arm-none-eabi/lib/armv7-m\libc_s.a(lib_a-strcmp.o)
                0x00006b62                strcmp
 .text.strlen   0x00006b78       0x10 c:/program files (x86)/cypress/psoc creator/3.0/psoc creator/import/gnu_cs/arm/4.7.3/bin/../lib/gcc/arm-none-eabi/4.7.3/../../../../arm-none-eabi/lib/armv7-m\libc_s.a(lib_a-strlen.o)
                0x00006b78                strlen
 *(.plt)
 *(.gnu.warning)
 *(.glue_7t)
 .glue_7t       0x00000000        0x0 linker stubs
 *(.glue_7)
 .glue_7        0x00000000        0x0 linker stubs
 *(.vfp11_veneer)
 .vfp11_veneer  0x00000000        0x0 linker stubs
 *(.bootloader)
 *(.ARM.extab* .gnu.linkonce.armextab.*)
 *(.gcc_except_table)

.v4_bx          0x00006b88        0x0
 .v4_bx         0x00000000        0x0 linker stubs

.iplt           0x00006b88        0x0
 .iplt          0x00000000        0x0 c:/program files (x86)/cypress/psoc creator/3.0/psoc creator/import/gnu_cs/arm/4.7.3/bin/../lib/gcc/arm-none-eabi/4.7.3/armv7-m/crtbegin.o

.eh_frame_hdr
 *(.eh_frame_hdr)

.eh_frame       0x00006b88        0x4
 *(.eh_frame)
 .eh_frame      0x00006b88        0x0 c:/program files (x86)/cypress/psoc creator/3.0/psoc creator/import/gnu_cs/arm/4.7.3/bin/../lib/gcc/arm-none-eabi/4.7.3/armv7-m/crtbegin.o
 .eh_frame      0x00006b88        0x4 c:/program files (x86)/cypress/psoc creator/3.0/psoc creator/import/gnu_cs/arm/4.7.3/bin/../lib/gcc/arm-none-eabi/4.7.3/armv7-m/crtend.o
                0x00006b8c                PROVIDE (__exidx_start, .)

.ARM.exidx
 *(.ARM.exidx* .gnu.linkonce.armexidx.*)
                0x00006b8c                __exidx_end = .

.rodata         0x00006b8c      0x39c
 *(.rodata .rodata.* .gnu.linkonce.r.*)
 .rodata        0x00006b8c       0xcc .\CortexM3\ARM_GCC_473\Debug\main.o
 .rodata        0x00006c58       0x64 .\CortexM3\ARM_GCC_473\Debug\LauncherController.a(cyfitter_cfg.o)
                0x00006c58                CapSense_AMuxCH0__addrTable
                0x00006c80                CapSense_AMuxCH0__maskTable
 .rodata        0x00006cbc        0x4 .\CortexM3\ARM_GCC_473\Debug\LauncherController.a(Launcher_UART_cdc.o)
 .rodata        0x00006cc0       0x14 .\CortexM3\ARM_GCC_473\Debug\LauncherController.a(Launcher_UART_std.o)
 .rodata        0x00006cd4       0x54 .\CortexM3\ARM_GCC_473\Debug\LauncherController.a(CapSense.o)
                0x00006cd4                CapSense_pcTable
                0x00006cf0                CapSense_portTable
                0x00006cf8                CapSense_maskTable
                0x00006d00                CapSense_csTable
                0x00006d20                CapSense_widgetNumber
 .rodata        0x00006d28       0x10 .\CortexM3\ARM_GCC_473\Debug\LauncherController.a(CapSense_CSHL.o)
                0x00006d28                CapSense_rawDataIndex
                0x00006d2c                CapSense_numberOfSensors
                0x00006d30                CapSense_centroidMult
                0x00006d34                CapSense_posFiltersMask
 .rodata        0x00006d38       0x28 .\CortexM3\ARM_GCC_473\Debug\LauncherController.a(CapSense_SMS_Wrapper.o)
                0x00006d38                SMS_LIB_SensorSensitivity
                0x00006d40                SMS_LIB_PrescalerTbl
 .rodata        0x00006d60      0x194 .\CortexM3\ARM_GCC_473\Debug\LauncherController.a(Launcher_UART_descr.o)
                0x00006d60                Launcher_UART_DEVICE0_DESCR
                0x00006d74                Launcher_UART_DEVICE0_CONFIGURATION0_DESCR
                0x00006db8                Launcher_UART_STRING_DESCRIPTORS
                0x00006e58                Launcher_UART_SN_STRING_DESCRIPTOR
                0x00006e5c                Launcher_UART_DEVICE0_CONFIGURATION0_EP_SETTINGS_TABLE
                0x00006e74                Launcher_UART_DEVICE0_CONFIGURATION0_INTERFACE_CLASS
                0x00006e78                Launcher_UART_DEVICE0_CONFIGURATION0_TABLE
                0x00006ea0                Launcher_UART_DEVICE0_TABLE
                0x00006eb0                Launcher_UART_TABLE
                0x00006eb8                Launcher_UART_MSOS_DESCRIPTOR
                0x00006ecc                Launcher_UART_MSOS_CONFIGURATION_DESCR
                0x00006ef4                . = ALIGN (0x4)
 *(.init)
 .init          0x00006ef4        0x4 c:/program files (x86)/cypress/psoc creator/3.0/psoc creator/import/gnu_cs/arm/4.7.3/bin/../lib/gcc/arm-none-eabi/4.7.3/armv7-m/crti.o
                0x00006ef4                _init
 .init          0x00006ef8        0x8 c:/program files (x86)/cypress/psoc creator/3.0/psoc creator/import/gnu_cs/arm/4.7.3/bin/../lib/gcc/arm-none-eabi/4.7.3/armv7-m/crtn.o
                0x00006f00                . = ALIGN (0x4)
                0x00006f00                __preinit_array_start = .
 *(.preinit_array)
                0x00006f00                __preinit_array_end = .
                0x00006f00                . = ALIGN (0x4)
                0x00006f00                __init_array_start = .
 *(SORT(.init_array.*))
 *(.init_array)
 .init_array    0x00006f00        0x4 c:/program files (x86)/cypress/psoc creator/3.0/psoc creator/import/gnu_cs/arm/4.7.3/bin/../lib/gcc/arm-none-eabi/4.7.3/armv7-m/crtbegin.o
 .init_array    0x00006f04        0x4 .\CortexM3\ARM_GCC_473\Debug\Cm3Start.o
                0x00006f08                __init_array_end = .
                0x00006f08                . = ALIGN (0x4)
 *(.fini)
 .fini          0x00006f08        0x4 c:/program files (x86)/cypress/psoc creator/3.0/psoc creator/import/gnu_cs/arm/4.7.3/bin/../lib/gcc/arm-none-eabi/4.7.3/armv7-m/crti.o
                0x00006f08                _fini
 .fini          0x00006f0c        0x8 c:/program files (x86)/cypress/psoc creator/3.0/psoc creator/import/gnu_cs/arm/4.7.3/bin/../lib/gcc/arm-none-eabi/4.7.3/armv7-m/crtn.o
                0x00006f14                . = ALIGN (0x4)
                0x00006f14                __fini_array_start = .
 *(.fini_array)
 .fini_array    0x00006f14        0x4 c:/program files (x86)/cypress/psoc creator/3.0/psoc creator/import/gnu_cs/arm/4.7.3/bin/../lib/gcc/arm-none-eabi/4.7.3/armv7-m/crtbegin.o
 *(SORT(.fini_array.*))
                0x00006f18                __fini_array_end = .
                0x00006f18                . = ALIGN (0x4)
 *crtbegin.o(.ctors)
 *(EXCLUDE_FILE(*crtend.o) .ctors)
 *(SORT(.ctors.*))
 *crtend.o(.ctors)
                0x00006f18                . = ALIGN (0x4)
 *crtbegin.o(.dtors)
 *(EXCLUDE_FILE(*crtend.o) .dtors)
 *(SORT(.dtors.*))
 *crtend.o(.dtors)
                0x00006f18                . = ALIGN (0x4)
                0x00006f18                __cy_regions = .
                0x00006f18        0x4 LONG 0x6f28 __cy_region_init_ram
                0x00006f1c        0x4 LONG 0x1fff8108 __cy_region_start_data
                0x00006f20        0x4 LONG 0x70 __cy_region_init_size_ram
                0x00006f24        0x4 LONG 0x248 __cy_region_zero_size_ram
                0x00006f28                __cy_regions_end = .
                0x00006f28                . = ALIGN (0x8)
                0x00006f28                _etext = .

.ramvectors     0x1fff8000      0x100
                0x1fff8000                __cy_region_start_ram = .
 *(.ramvectors)
 .ramvectors    0x1fff8000      0x100 .\CortexM3\ARM_GCC_473\Debug\Cm3Start.o
                0x1fff8000                CyRamVectors

.noinit         0x1fff8100        0x5
 *(.noinit)
 .noinit        0x1fff8100        0x4 .\CortexM3\ARM_GCC_473\Debug\Cm3Start.o
 .noinit        0x1fff8104        0x1 .\CortexM3\ARM_GCC_473\Debug\LauncherController.a(CyLib.o)
                0x1fff8104                CyResetStatus

.data           0x1fff8108       0x70 load address 0x00006f28
                0x1fff8108                __cy_region_start_data = .
 *(.jcr)
 .jcr           0x1fff8108        0x0 c:/program files (x86)/cypress/psoc creator/3.0/psoc creator/import/gnu_cs/arm/4.7.3/bin/../lib/gcc/arm-none-eabi/4.7.3/armv7-m/crtbegin.o
 .jcr           0x1fff8108        0x4 c:/program files (x86)/cypress/psoc creator/3.0/psoc creator/import/gnu_cs/arm/4.7.3/bin/../lib/gcc/arm-none-eabi/4.7.3/armv7-m/crtend.o
 *(.got.plt)
 *(.got)
 *(.shdata)
 *(.data .data.* .gnu.linkonce.d.*)
 .data          0x1fff810c       0x10 .\CortexM3\ARM_GCC_473\Debug\LauncherController.a(CyLib.o)
                0x1fff810c                cydelay_freq_hz
                0x1fff8110                cydelay_freq_khz
                0x1fff8114                cydelay_freq_mhz
                0x1fff8118                cydelay_32k_ms
 .data          0x1fff811c       0x14 .\CortexM3\ARM_GCC_473\Debug\LauncherController.a(CapSense.o)
                0x1fff811c                CapSense_lowLevelTuningDone
                0x1fff8120                CapSense_sensorEnableMask
                0x1fff8124                CapSense_idacSettings
                0x1fff812c                CapSense_widgetResolution
 .data          0x1fff8130       0x14 .\CortexM3\ARM_GCC_473\Debug\LauncherController.a(CapSense_CSHL.o)
                0x1fff8130                CapSense_fingerThreshold
                0x1fff8134                CapSense_noiseThreshold
                0x1fff8138                CapSense_hysteresis
                0x1fff813c                CapSense_debounce
                0x1fff8140                CapSense_posFiltersData
 .data          0x1fff8144       0x30 .\CortexM3\ARM_GCC_473\Debug\LauncherController.a(CapSense_SMS_Wrapper.o)
                0x1fff8144                SMS_LIB_noiseThreshold
                0x1fff8148                SMS_LIB_hysteresis
                0x1fff814c                SMS_LIB_widgetResolution
                0x1fff8150                SMS_LIB_widgetNumber
                0x1fff8154                SMS_LIB_numberOfSensors
                0x1fff8158                SMS_LIB_fingerThreshold
                0x1fff815c                SMS_LIB_idacSettings
                0x1fff8160                SMS_LIB_prescaler
                0x1fff8164                SMS_LIB_SensorRaw
                0x1fff8168                SMS_LIB_SensorBaseline
                0x1fff816c                SMS_LIB_Var1
                0x1fff816e                SMS_LIB_Var2
                0x1fff8170                SMS_LIB_TotalSnsCnt
                0x1fff8171                SMS_LIB_TotalScanSlCnt
                0x1fff8172                SMS_LIB_EndOfWidgInd
                0x1fff8178                . = ALIGN (0x8)
 *fill*         0x1fff8174        0x4 00
 *(.ram)
                0x1fff8178                _edata = .

.igot.plt       0x1fff8178        0x0 load address 0x00006f98
 .igot.plt      0x00000000        0x0 c:/program files (x86)/cypress/psoc creator/3.0/psoc creator/import/gnu_cs/arm/4.7.3/bin/../lib/gcc/arm-none-eabi/4.7.3/armv7-m/crtbegin.o

.bss            0x1fff8178      0x248 load address 0x00006f98
                0x1fff8178                PROVIDE (__bss_start__, .)
 *(.shbss)
 *(.bss .bss.* .gnu.linkonce.b.*)
 .bss           0x1fff8178       0x1c c:/program files (x86)/cypress/psoc creator/3.0/psoc creator/import/gnu_cs/arm/4.7.3/bin/../lib/gcc/arm-none-eabi/4.7.3/armv7-m/crtbegin.o
 .bss           0x1fff8194        0x2 .\CortexM3\ARM_GCC_473\Debug\LauncherController.a(LCD.o)
                0x1fff8194                LCD_enableState
                0x1fff8195                LCD_initVar
 .bss           0x1fff8196        0x1 .\CortexM3\ARM_GCC_473\Debug\LauncherController.a(Target_UART.o)
                0x1fff8196                Target_UART_initVar
 .bss           0x1fff8197        0x1 .\CortexM3\ARM_GCC_473\Debug\LauncherController.a(Launcher_UART.o)
                0x1fff8197                Launcher_UART_initVar
 .bss           0x1fff8198        0x4 .\CortexM3\ARM_GCC_473\Debug\LauncherController.a(Launcher_UART_std.o)
 .bss           0x1fff819c        0x1 .\CortexM3\ARM_GCC_473\Debug\LauncherController.a(CapSense.o)
 *fill*         0x1fff819d        0x3 00
 .bss           0x1fff81a0        0x8 .\CortexM3\ARM_GCC_473\Debug\LauncherController.a(CapSense_CSHL.o)
                0x1fff81a0                CapSense_debounceCounter
 *(COMMON)
 COMMON         0x1fff81a8       0x96 .\CortexM3\ARM_GCC_473\Debug\main.o
                0x1fff81a8                frame_samples
                0x1fff820c                b_score
                0x1fff8210                patterns
                0x1fff821c                right_button_state
                0x1fff821e                turn
                0x1fff8220                position_value
                0x1fff8224                pattern_index
                0x1fff8228                messages
                0x1fff8238                left_button_state
                0x1fff8239                message_index
                0x1fff823a                pattern_change_state
                0x1fff823b                frame_index
                0x1fff823c                a_score
 *fill*         0x1fff823e        0x2 00
 COMMON         0x1fff8240        0xf .\CortexM3\ARM_GCC_473\Debug\LauncherController.a(Launcher_UART_cdc.o)
                0x1fff8240                Launcher_UART_lineChanged
                0x1fff8241                Launcher_UART_cdc_data_in_ep
                0x1fff8242                Launcher_UART_cdc_data_out_ep
                0x1fff8244                Launcher_UART_lineControlBitmap
                0x1fff8248                Launcher_UART_lineCoding
 *fill*         0x1fff824f        0x1 00
 COMMON         0x1fff8250       0x9a .\CortexM3\ARM_GCC_473\Debug\LauncherController.a(Launcher_UART_drv.o)
                0x1fff8250                Launcher_UART_ep0Count
                0x1fff8254                Launcher_UART_interfaceStatus
                0x1fff8258                Launcher_UART_EP
                0x1fff82c4                Launcher_UART_lastPacketSize
                0x1fff82c8                Launcher_UART_currentTD
                0x1fff82d4                Launcher_UART_interfaceSetting_last
                0x1fff82d6                Launcher_UART_transferByteCount
                0x1fff82d8                Launcher_UART_ep0Mode
                0x1fff82d9                Launcher_UART_ep0Toggle
                0x1fff82dc                Launcher_UART_interfaceSetting
                0x1fff82de                Launcher_UART_interfaceNumber
                0x1fff82e0                Launcher_UART_interfaceClass
                0x1fff82e4                Launcher_UART_device
                0x1fff82e5                Launcher_UART_deviceStatus
                0x1fff82e6                Launcher_UART_configurationChanged
                0x1fff82e7                Launcher_UART_transferState
                0x1fff82e8                Launcher_UART_deviceAddress
                0x1fff82e9                Launcher_UART_configuration
 *fill*         0x1fff82ea        0x2 00
 COMMON         0x1fff82ec       0x19 .\CortexM3\ARM_GCC_473\Debug\LauncherController.a(CapSense.o)
                0x1fff82ec                CapSense_sensorRaw
                0x1fff82fc                CapSense_analogSwitchDivider
                0x1fff8303                CapSense_sensorIndex
                0x1fff8304                CapSense_csv
 *fill*         0x1fff8305        0x3 00
 COMMON         0x1fff8308       0x39 .\CortexM3\ARM_GCC_473\Debug\LauncherController.a(CapSense_CSHL.o)
                0x1fff8308                CapSense_lowBaselineResetCnt
                0x1fff8310                CapSense_sensorBaselineLow
                0x1fff8318                CapSense_sensorSignal
                0x1fff8320                CapSense_sensorBaseline
                0x1fff8330                CapSense_rawFilterData1
                0x1fff8340                CapSense_sensorOnMask
 *fill*         0x1fff8341        0x3 00
 COMMON         0x1fff8344       0x53 .\CortexM3\ARM_GCC_473\Debug\LauncherController.a(CapSense_SMS_Wrapper.o)
                0x1fff8344                SMS_LIB_Table4
                0x1fff8354                SMS_LIB_Table7
                0x1fff835c                SMS_LIB_Table8
                0x1fff8360                SMS_LIB_Table2
                0x1fff8368                SMS_LIB_Table5
                0x1fff8378                SMS_LIB_Table9
                0x1fff837c                SMS_LIB_Table6
                0x1fff8384                SMS_LIB_Table1
                0x1fff838c                SMS_LIB_Table10
                0x1fff8390                SMS_LIB_Table3
 *fill*         0x1fff8397        0x1 00
 COMMON         0x1fff8398       0x22 .\CortexM3\ARM_GCC_473\Debug\LauncherController.a(Launcher_UART_descr.o)
                0x1fff8398                Launcher_UART_idSerialNumberStringDescriptor
                0x1fff83c0                . = ALIGN (0x8)
 *fill*         0x1fff83ba        0x6 00
 *(.ram.b)
                0x1fff83c0                _end = .
                0x1fff83c0                __end = .
                0x1fff83c0                PROVIDE (end, .)
                0x1fff83c0                PROVIDE (__bss_end__, .)
                0x00006f28                __cy_region_init_ram = LOADADDR (.data)
                0x00000070                __cy_region_init_size_ram = (_edata - ADDR (.data))
                0x00000248                __cy_region_zero_size_ram = (_end - _edata)

.heap           0x1fff83c0     0x1000 load address 0x00006f98
                0x1fff83c0                . = _end
                0x1fff93c0                . = (. + 0x1000)
 *fill*         0x1fff83c0     0x1000 00
                0x1fff93c0                __cy_heap_limit = .

.stack          0x20004000     0x4000
                0x20004000                __cy_stack_limit = .
                0x20008000                . = (. + 0x4000)
 *fill*         0x20004000     0x4000 00
                0x00000001                ASSERT ((__cy_stack_limit >= __cy_heap_limit), region RAM overflowed with stack)

.cyloadermeta
 *(.cyloadermeta)

.cyloadablemeta
 *(.cyloadablemeta)

.cyconfigecc    0x80000000      0x540
 *(.cyconfigecc)
 .cyconfigecc   0x80000000      0x540 .\CortexM3\ARM_GCC_473\Debug\cymetadata.o
                0x80000000                cy_meta_configecc

.cycustnvl      0x90000000        0x4
 *(.cycustnvl)
 .cycustnvl     0x90000000        0x4 .\CortexM3\ARM_GCC_473\Debug\cymetadata.o
                0x90000000                cy_meta_custnvl

.cywolatch      0x90100000        0x4
 *(.cywolatch)
 .cywolatch     0x90100000        0x4 .\CortexM3\ARM_GCC_473\Debug\cymetadata.o
                0x90100000                cy_meta_wonvl

.cyeeprom       0x90200000        0x0
 *(.cyeeprom)
                0x00000001                ASSERT ((. <= ((0x90200000 + ee_offset) + ee_size)), .cyeeprom data will not fit in EEPROM)

.cyflashprotect
                0x90400000      0x100
 *(.cyflashprotect)
 .cyflashprotect
                0x90400000      0x100 .\CortexM3\ARM_GCC_473\Debug\cymetadata.o
                0x90400000                cy_meta_flashprotect

.cymeta         0x90500000        0xc
 *(.cymeta)
 .cymeta        0x90500000        0xc .\CortexM3\ARM_GCC_473\Debug\cymetadata.o
                0x90500000                cy_metadata

.rel.dyn        0x00006f98        0x0 load address 0x9050000c
 .rel.iplt      0x00000000        0x0 c:/program files (x86)/cypress/psoc creator/3.0/psoc creator/import/gnu_cs/arm/4.7.3/bin/../lib/gcc/arm-none-eabi/4.7.3/armv7-m/crtbegin.o

.stab
 *(.stab)

.stabstr
 *(.stabstr)

.debug
 *(.debug)

.line
 *(.line)

.debug_srcinfo
 *(.debug_srcinfo)

.debug_sfnames
 *(.debug_sfnames)

.debug_aranges  0x00000000      0xdf8
 *(.debug_aranges)
 .debug_aranges
                0x00000000       0x50 .\CortexM3\ARM_GCC_473\Debug\main.o
 .debug_aranges
                0x00000050       0x18 .\CortexM3\ARM_GCC_473\Debug\cymetadata.o
 .debug_aranges
                0x00000068       0x40 .\CortexM3\ARM_GCC_473\Debug\Cm3Start.o
 .debug_aranges
                0x000000a8       0x70 .\CortexM3\ARM_GCC_473\Debug\LauncherController.a(cyfitter_cfg.o)
 .debug_aranges
                0x00000118       0x90 .\CortexM3\ARM_GCC_473\Debug\LauncherController.a(LCD.o)
 .debug_aranges
                0x000001a8       0x98 .\CortexM3\ARM_GCC_473\Debug\LauncherController.a(Target_UART.o)
 .debug_aranges
                0x00000240       0x80 .\CortexM3\ARM_GCC_473\Debug\LauncherController.a(RX_INT.o)
 .debug_aranges
                0x000002c0       0x70 .\CortexM3\ARM_GCC_473\Debug\LauncherController.a(Target_UART_IntClock.o)
 .debug_aranges
                0x00000330       0x20 .\CortexM3\ARM_GCC_473\Debug\LauncherController.a(CyBootAsmGnu.o)
 .debug_aranges
                0x00000350      0x218 .\CortexM3\ARM_GCC_473\Debug\LauncherController.a(CyLib.o)
 .debug_aranges
                0x00000568       0x90 .\CortexM3\ARM_GCC_473\Debug\LauncherController.a(cyPm.o)
 .debug_aranges
                0x000005f8       0xb0 .\CortexM3\ARM_GCC_473\Debug\LauncherController.a(Launcher_UART.o)
 .debug_aranges
                0x000006a8       0xb0 .\CortexM3\ARM_GCC_473\Debug\LauncherController.a(Launcher_UART_cdc.o)
 .debug_aranges
                0x00000758       0x98 .\CortexM3\ARM_GCC_473\Debug\LauncherController.a(Launcher_UART_drv.o)
 .debug_aranges
                0x000007f0       0x40 .\CortexM3\ARM_GCC_473\Debug\LauncherController.a(Launcher_UART_episr.o)
 .debug_aranges
                0x00000830       0x78 .\CortexM3\ARM_GCC_473\Debug\LauncherController.a(Launcher_UART_std.o)
 .debug_aranges
                0x000008a8       0x20 .\CortexM3\ARM_GCC_473\Debug\LauncherController.a(Launcher_UART_vnd.o)
 .debug_aranges
                0x000008c8       0xb0 .\CortexM3\ARM_GCC_473\Debug\LauncherController.a(CapSense.o)
 .debug_aranges
                0x00000978       0x90 .\CortexM3\ARM_GCC_473\Debug\LauncherController.a(CapSense_CSHL.o)
 .debug_aranges
                0x00000a08       0x20 .\CortexM3\ARM_GCC_473\Debug\LauncherController.a(CapSense_INT.o)
 .debug_aranges
                0x00000a28       0x50 .\CortexM3\ARM_GCC_473\Debug\LauncherController.a(CapSense_SMS_Wrapper.o)
 .debug_aranges
                0x00000a78       0x70 .\CortexM3\ARM_GCC_473\Debug\LauncherController.a(CapSense_CompCH0.o)
 .debug_aranges
                0x00000ae8       0x60 .\CortexM3\ARM_GCC_473\Debug\LauncherController.a(CapSense_IdacCH0.o)
 .debug_aranges
                0x00000b48       0x48 .\CortexM3\ARM_GCC_473\Debug\LauncherController.a(CapSense_AMuxCH0.o)
 .debug_aranges
                0x00000b90       0x70 .\CortexM3\ARM_GCC_473\Debug\LauncherController.a(CapSense_IntClock.o)
 .debug_aranges
                0x00000c00       0x38 .\CortexM3\ARM_GCC_473\Debug\LauncherController.a(Target_Control.o)
 .debug_aranges
                0x00000c38       0x78 .\CortexM3\ARM_GCC_473\Debug\LauncherController.a(CyFlash.o)
 .debug_aranges
                0x00000cb0       0x68 .\CortexM3\ARM_GCC_473\Debug\LauncherController.a(CySpc.o)
 .debug_aranges
                0x00000d18       0x20 .\CortexM3\ARM_GCC_473\Debug\LauncherController.a(Launcher_UART_cls.o)
 .debug_aranges
                0x00000d38       0x18 .\CortexM3\ARM_GCC_473\Debug\LauncherController.a(Launcher_UART_descr.o)
 .debug_aranges
                0x00000d50       0xa8 C:\Program Files (x86)\Cypress\PSoC Creator\3.0\PSoC Creator\psoc\content\cycomponentlibrary\CyComponentLibrary.cylib\CortexM3\ARM_GCC_473\Debug\CyComponentLibrary.a(CapSense_CSD_SmartSense_v3_40.o)

.debug_pubnames
 *(.debug_pubnames)

.debug_info     0x00000000     0x7e72
 *(.debug_info .gnu.linkonce.wi.*)
 .debug_info    0x00000000      0x380 .\CortexM3\ARM_GCC_473\Debug\main.o
 .debug_info    0x00000380      0x140 .\CortexM3\ARM_GCC_473\Debug\cymetadata.o
 .debug_info    0x000004c0      0x2ea .\CortexM3\ARM_GCC_473\Debug\Cm3Start.o
 .debug_info    0x000007aa      0x470 .\CortexM3\ARM_GCC_473\Debug\LauncherController.a(cyfitter_cfg.o)
 .debug_info    0x00000c1a      0x3d2 .\CortexM3\ARM_GCC_473\Debug\LauncherController.a(LCD.o)
 .debug_info    0x00000fec      0x345 .\CortexM3\ARM_GCC_473\Debug\LauncherController.a(Target_UART.o)
 .debug_info    0x00001331      0x278 .\CortexM3\ARM_GCC_473\Debug\LauncherController.a(RX_INT.o)
 .debug_info    0x000015a9      0x294 .\CortexM3\ARM_GCC_473\Debug\LauncherController.a(Target_UART_IntClock.o)
 .debug_info    0x0000183d       0x99 .\CortexM3\ARM_GCC_473\Debug\LauncherController.a(CyBootAsmGnu.o)
 .debug_info    0x000018d6      0xcd7 .\CortexM3\ARM_GCC_473\Debug\LauncherController.a(CyLib.o)
 .debug_info    0x000025ad      0x5c3 .\CortexM3\ARM_GCC_473\Debug\LauncherController.a(cyPm.o)
 .debug_info    0x00002b70      0x659 .\CortexM3\ARM_GCC_473\Debug\LauncherController.a(Launcher_UART.o)
 .debug_info    0x000031c9      0x5f7 .\CortexM3\ARM_GCC_473\Debug\LauncherController.a(Launcher_UART_cdc.o)
 .debug_info    0x000037c0      0x56e .\CortexM3\ARM_GCC_473\Debug\LauncherController.a(Launcher_UART_drv.o)
 .debug_info    0x00003d2e      0x1d6 .\CortexM3\ARM_GCC_473\Debug\LauncherController.a(Launcher_UART_episr.o)
 .debug_info    0x00003f04      0x83f .\CortexM3\ARM_GCC_473\Debug\LauncherController.a(Launcher_UART_std.o)
 .debug_info    0x00004743      0x18d .\CortexM3\ARM_GCC_473\Debug\LauncherController.a(Launcher_UART_vnd.o)
 .debug_info    0x000048d0      0x5ad .\CortexM3\ARM_GCC_473\Debug\LauncherController.a(CapSense.o)
 .debug_info    0x00004e7d      0x848 .\CortexM3\ARM_GCC_473\Debug\LauncherController.a(CapSense_CSHL.o)
 .debug_info    0x000056c5       0xce .\CortexM3\ARM_GCC_473\Debug\LauncherController.a(CapSense_INT.o)
 .debug_info    0x00005793      0x473 .\CortexM3\ARM_GCC_473\Debug\LauncherController.a(CapSense_SMS_Wrapper.o)
 .debug_info    0x00005c06      0x276 .\CortexM3\ARM_GCC_473\Debug\LauncherController.a(CapSense_CompCH0.o)
 .debug_info    0x00005e7c      0x1dd .\CortexM3\ARM_GCC_473\Debug\LauncherController.a(CapSense_IdacCH0.o)
 .debug_info    0x00006059      0x171 .\CortexM3\ARM_GCC_473\Debug\LauncherController.a(CapSense_AMuxCH0.o)
 .debug_info    0x000061ca      0x294 .\CortexM3\ARM_GCC_473\Debug\LauncherController.a(CapSense_IntClock.o)
 .debug_info    0x0000645e      0x134 .\CortexM3\ARM_GCC_473\Debug\LauncherController.a(Target_Control.o)
 .debug_info    0x00006592      0x354 .\CortexM3\ARM_GCC_473\Debug\LauncherController.a(CyFlash.o)
 .debug_info    0x000068e6      0x3d9 .\CortexM3\ARM_GCC_473\Debug\LauncherController.a(CySpc.o)
 .debug_info    0x00006cbf      0x1b9 .\CortexM3\ARM_GCC_473\Debug\LauncherController.a(Launcher_UART_cls.o)
 .debug_info    0x00006e78      0x2e5 .\CortexM3\ARM_GCC_473\Debug\LauncherController.a(Launcher_UART_descr.o)
 .debug_info    0x0000715d      0xd15 C:\Program Files (x86)\Cypress\PSoC Creator\3.0\PSoC Creator\psoc\content\cycomponentlibrary\CyComponentLibrary.cylib\CortexM3\ARM_GCC_473\Debug\CyComponentLibrary.a(CapSense_CSD_SmartSense_v3_40.o)

.debug_abbrev   0x00000000     0x2493
 *(.debug_abbrev)
 .debug_abbrev  0x00000000      0x174 .\CortexM3\ARM_GCC_473\Debug\main.o
 .debug_abbrev  0x00000174       0x77 .\CortexM3\ARM_GCC_473\Debug\cymetadata.o
 .debug_abbrev  0x000001eb      0x175 .\CortexM3\ARM_GCC_473\Debug\Cm3Start.o
 .debug_abbrev  0x00000360      0x1b2 .\CortexM3\ARM_GCC_473\Debug\LauncherController.a(cyfitter_cfg.o)
 .debug_abbrev  0x00000512      0x122 .\CortexM3\ARM_GCC_473\Debug\LauncherController.a(LCD.o)
 .debug_abbrev  0x00000634      0x14c .\CortexM3\ARM_GCC_473\Debug\LauncherController.a(Target_UART.o)
 .debug_abbrev  0x00000780      0x12d .\CortexM3\ARM_GCC_473\Debug\LauncherController.a(RX_INT.o)
 .debug_abbrev  0x000008ad      0x11f .\CortexM3\ARM_GCC_473\Debug\LauncherController.a(Target_UART_IntClock.o)
 .debug_abbrev  0x000009cc       0x14 .\CortexM3\ARM_GCC_473\Debug\LauncherController.a(CyBootAsmGnu.o)
 .debug_abbrev  0x000009e0      0x207 .\CortexM3\ARM_GCC_473\Debug\LauncherController.a(CyLib.o)
 .debug_abbrev  0x00000be7      0x170 .\CortexM3\ARM_GCC_473\Debug\LauncherController.a(cyPm.o)
 .debug_abbrev  0x00000d57      0x1b4 .\CortexM3\ARM_GCC_473\Debug\LauncherController.a(Launcher_UART.o)
 .debug_abbrev  0x00000f0b      0x1d0 .\CortexM3\ARM_GCC_473\Debug\LauncherController.a(Launcher_UART_cdc.o)
 .debug_abbrev  0x000010db      0x16e .\CortexM3\ARM_GCC_473\Debug\LauncherController.a(Launcher_UART_drv.o)
 .debug_abbrev  0x00001249       0xc7 .\CortexM3\ARM_GCC_473\Debug\LauncherController.a(Launcher_UART_episr.o)
 .debug_abbrev  0x00001310      0x1a1 .\CortexM3\ARM_GCC_473\Debug\LauncherController.a(Launcher_UART_std.o)
 .debug_abbrev  0x000014b1       0xba .\CortexM3\ARM_GCC_473\Debug\LauncherController.a(Launcher_UART_vnd.o)
 .debug_abbrev  0x0000156b      0x15a .\CortexM3\ARM_GCC_473\Debug\LauncherController.a(CapSense.o)
 .debug_abbrev  0x000016c5      0x177 .\CortexM3\ARM_GCC_473\Debug\LauncherController.a(CapSense_CSHL.o)
 .debug_abbrev  0x0000183c       0x69 .\CortexM3\ARM_GCC_473\Debug\LauncherController.a(CapSense_INT.o)
 .debug_abbrev  0x000018a5      0x103 .\CortexM3\ARM_GCC_473\Debug\LauncherController.a(CapSense_SMS_Wrapper.o)
 .debug_abbrev  0x000019a8      0x148 .\CortexM3\ARM_GCC_473\Debug\LauncherController.a(CapSense_CompCH0.o)
 .debug_abbrev  0x00001af0      0x116 .\CortexM3\ARM_GCC_473\Debug\LauncherController.a(CapSense_IdacCH0.o)
 .debug_abbrev  0x00001c06       0x9a .\CortexM3\ARM_GCC_473\Debug\LauncherController.a(CapSense_AMuxCH0.o)
 .debug_abbrev  0x00001ca0      0x11f .\CortexM3\ARM_GCC_473\Debug\LauncherController.a(CapSense_IntClock.o)
 .debug_abbrev  0x00001dbf       0x92 .\CortexM3\ARM_GCC_473\Debug\LauncherController.a(Target_Control.o)
 .debug_abbrev  0x00001e51      0x172 .\CortexM3\ARM_GCC_473\Debug\LauncherController.a(CyFlash.o)
 .debug_abbrev  0x00001fc3      0x15f .\CortexM3\ARM_GCC_473\Debug\LauncherController.a(CySpc.o)
 .debug_abbrev  0x00002122       0xba .\CortexM3\ARM_GCC_473\Debug\LauncherController.a(Launcher_UART_cls.o)
 .debug_abbrev  0x000021dc       0xa7 .\CortexM3\ARM_GCC_473\Debug\LauncherController.a(Launcher_UART_descr.o)
 .debug_abbrev  0x00002283      0x210 C:\Program Files (x86)\Cypress\PSoC Creator\3.0\PSoC Creator\psoc\content\cycomponentlibrary\CyComponentLibrary.cylib\CortexM3\ARM_GCC_473\Debug\CyComponentLibrary.a(CapSense_CSD_SmartSense_v3_40.o)

.debug_line     0x00000000     0x3aee
 *(.debug_line)
 .debug_line    0x00000000      0x2cc .\CortexM3\ARM_GCC_473\Debug\main.o
 .debug_line    0x000002cc       0x53 .\CortexM3\ARM_GCC_473\Debug\cymetadata.o
 .debug_line    0x0000031f      0x1b0 .\CortexM3\ARM_GCC_473\Debug\Cm3Start.o
 .debug_line    0x000004cf      0x229 .\CortexM3\ARM_GCC_473\Debug\LauncherController.a(cyfitter_cfg.o)
 .debug_line    0x000006f8      0x1f9 .\CortexM3\ARM_GCC_473\Debug\LauncherController.a(LCD.o)
 .debug_line    0x000008f1      0x1bb .\CortexM3\ARM_GCC_473\Debug\LauncherController.a(Target_UART.o)
 .debug_line    0x00000aac      0x141 .\CortexM3\ARM_GCC_473\Debug\LauncherController.a(RX_INT.o)
 .debug_line    0x00000bed      0x1ab .\CortexM3\ARM_GCC_473\Debug\LauncherController.a(Target_UART_IntClock.o)
 .debug_line    0x00000d98       0x68 .\CortexM3\ARM_GCC_473\Debug\LauncherController.a(CyBootAsmGnu.o)
 .debug_line    0x00000e00      0x73b .\CortexM3\ARM_GCC_473\Debug\LauncherController.a(CyLib.o)
 .debug_line    0x0000153b      0x347 .\CortexM3\ARM_GCC_473\Debug\LauncherController.a(cyPm.o)
 .debug_line    0x00001882      0x2b6 .\CortexM3\ARM_GCC_473\Debug\LauncherController.a(Launcher_UART.o)
 .debug_line    0x00001b38      0x23a .\CortexM3\ARM_GCC_473\Debug\LauncherController.a(Launcher_UART_cdc.o)
 .debug_line    0x00001d72      0x22e .\CortexM3\ARM_GCC_473\Debug\LauncherController.a(Launcher_UART_drv.o)
 .debug_line    0x00001fa0       0xf7 .\CortexM3\ARM_GCC_473\Debug\LauncherController.a(Launcher_UART_episr.o)
 .debug_line    0x00002097      0x42c .\CortexM3\ARM_GCC_473\Debug\LauncherController.a(Launcher_UART_std.o)
 .debug_line    0x000024c3       0x9d .\CortexM3\ARM_GCC_473\Debug\LauncherController.a(Launcher_UART_vnd.o)
 .debug_line    0x00002560      0x256 .\CortexM3\ARM_GCC_473\Debug\LauncherController.a(CapSense.o)
 .debug_line    0x000027b6      0x2ea .\CortexM3\ARM_GCC_473\Debug\LauncherController.a(CapSense_CSHL.o)
 .debug_line    0x00002aa0       0x7a .\CortexM3\ARM_GCC_473\Debug\LauncherController.a(CapSense_INT.o)
 .debug_line    0x00002b1a       0xfb .\CortexM3\ARM_GCC_473\Debug\LauncherController.a(CapSense_SMS_Wrapper.o)
 .debug_line    0x00002c15      0x175 .\CortexM3\ARM_GCC_473\Debug\LauncherController.a(CapSense_CompCH0.o)
 .debug_line    0x00002d8a      0x116 .\CortexM3\ARM_GCC_473\Debug\LauncherController.a(CapSense_IdacCH0.o)
 .debug_line    0x00002ea0       0xdc .\CortexM3\ARM_GCC_473\Debug\LauncherController.a(CapSense_AMuxCH0.o)
 .debug_line    0x00002f7c      0x1a8 .\CortexM3\ARM_GCC_473\Debug\LauncherController.a(CapSense_IntClock.o)
 .debug_line    0x00003124       0x9f .\CortexM3\ARM_GCC_473\Debug\LauncherController.a(Target_Control.o)
 .debug_line    0x000031c3      0x1a7 .\CortexM3\ARM_GCC_473\Debug\LauncherController.a(CyFlash.o)
 .debug_line    0x0000336a      0x1a7 .\CortexM3\ARM_GCC_473\Debug\LauncherController.a(CySpc.o)
 .debug_line    0x00003511       0xaa .\CortexM3\ARM_GCC_473\Debug\LauncherController.a(Launcher_UART_cls.o)
 .debug_line    0x000035bb       0x6f .\CortexM3\ARM_GCC_473\Debug\LauncherController.a(Launcher_UART_descr.o)
 .debug_line    0x0000362a      0x4c4 C:\Program Files (x86)\Cypress\PSoC Creator\3.0\PSoC Creator\psoc\content\cycomponentlibrary\CyComponentLibrary.cylib\CortexM3\ARM_GCC_473\Debug\CyComponentLibrary.a(CapSense_CSD_SmartSense_v3_40.o)

.debug_frame    0x00000000     0x2c08
 *(.debug_frame)
 .debug_frame   0x00000000       0xec .\CortexM3\ARM_GCC_473\Debug\main.o
 .debug_frame   0x000000ec       0xa4 .\CortexM3\ARM_GCC_473\Debug\Cm3Start.o
 .debug_frame   0x00000190      0x158 .\CortexM3\ARM_GCC_473\Debug\LauncherController.a(cyfitter_cfg.o)
 .debug_frame   0x000002e8      0x1e0 .\CortexM3\ARM_GCC_473\Debug\LauncherController.a(LCD.o)
 .debug_frame   0x000004c8      0x1e4 .\CortexM3\ARM_GCC_473\Debug\LauncherController.a(Target_UART.o)
 .debug_frame   0x000006ac      0x180 .\CortexM3\ARM_GCC_473\Debug\LauncherController.a(RX_INT.o)
 .debug_frame   0x0000082c      0x14c .\CortexM3\ARM_GCC_473\Debug\LauncherController.a(Target_UART_IntClock.o)
 .debug_frame   0x00000978      0x778 .\CortexM3\ARM_GCC_473\Debug\LauncherController.a(CyLib.o)
 .debug_frame   0x000010f0      0x1d0 .\CortexM3\ARM_GCC_473\Debug\LauncherController.a(cyPm.o)
 .debug_frame   0x000012c0      0x238 .\CortexM3\ARM_GCC_473\Debug\LauncherController.a(Launcher_UART.o)
 .debug_frame   0x000014f8      0x248 .\CortexM3\ARM_GCC_473\Debug\LauncherController.a(Launcher_UART_cdc.o)
 .debug_frame   0x00001740      0x1e0 .\CortexM3\ARM_GCC_473\Debug\LauncherController.a(Launcher_UART_drv.o)
 .debug_frame   0x00001920       0x9c .\CortexM3\ARM_GCC_473\Debug\LauncherController.a(Launcher_UART_episr.o)
 .debug_frame   0x000019bc      0x180 .\CortexM3\ARM_GCC_473\Debug\LauncherController.a(Launcher_UART_std.o)
 .debug_frame   0x00001b3c       0x30 .\CortexM3\ARM_GCC_473\Debug\LauncherController.a(Launcher_UART_vnd.o)
 .debug_frame   0x00001b6c      0x248 .\CortexM3\ARM_GCC_473\Debug\LauncherController.a(CapSense.o)
 .debug_frame   0x00001db4      0x1d8 .\CortexM3\ARM_GCC_473\Debug\LauncherController.a(CapSense_CSHL.o)
 .debug_frame   0x00001f8c       0x2c .\CortexM3\ARM_GCC_473\Debug\LauncherController.a(CapSense_INT.o)
 .debug_frame   0x00001fb8       0xdc .\CortexM3\ARM_GCC_473\Debug\LauncherController.a(CapSense_SMS_Wrapper.o)
 .debug_frame   0x00002094      0x14c .\CortexM3\ARM_GCC_473\Debug\LauncherController.a(CapSense_CompCH0.o)
 .debug_frame   0x000021e0      0x114 .\CortexM3\ARM_GCC_473\Debug\LauncherController.a(CapSense_IdacCH0.o)
 .debug_frame   0x000022f4       0xc4 .\CortexM3\ARM_GCC_473\Debug\LauncherController.a(CapSense_AMuxCH0.o)
 .debug_frame   0x000023b8      0x14c .\CortexM3\ARM_GCC_473\Debug\LauncherController.a(CapSense_IntClock.o)
 .debug_frame   0x00002504       0x80 .\CortexM3\ARM_GCC_473\Debug\LauncherController.a(Target_Control.o)
 .debug_frame   0x00002584      0x178 .\CortexM3\ARM_GCC_473\Debug\LauncherController.a(CyFlash.o)
 .debug_frame   0x000026fc      0x13c .\CortexM3\ARM_GCC_473\Debug\LauncherController.a(CySpc.o)
 .debug_frame   0x00002838       0x30 .\CortexM3\ARM_GCC_473\Debug\LauncherController.a(Launcher_UART_cls.o)
 .debug_frame   0x00002868      0x270 C:\Program Files (x86)\Cypress\PSoC Creator\3.0\PSoC Creator\psoc\content\cycomponentlibrary\CyComponentLibrary.cylib\CortexM3\ARM_GCC_473\Debug\CyComponentLibrary.a(CapSense_CSD_SmartSense_v3_40.o)
 .debug_frame   0x00002ad8       0x28 c:/program files (x86)/cypress/psoc creator/3.0/psoc creator/import/gnu_cs/arm/4.7.3/bin/../lib/gcc/arm-none-eabi/4.7.3/../../../../arm-none-eabi/lib/armv7-m\libc_s.a(lib_a-__atexit2.o)
 .debug_frame   0x00002b00       0x28 c:/program files (x86)/cypress/psoc creator/3.0/psoc creator/import/gnu_cs/arm/4.7.3/bin/../lib/gcc/arm-none-eabi/4.7.3/../../../../arm-none-eabi/lib/armv7-m\libc_s.a(lib_a-exit.o)
 .debug_frame   0x00002b28       0x2c c:/program files (x86)/cypress/psoc creator/3.0/psoc creator/import/gnu_cs/arm/4.7.3/bin/../lib/gcc/arm-none-eabi/4.7.3/../../../../arm-none-eabi/lib/armv7-m\libc_s.a(lib_a-fini.o)
 .debug_frame   0x00002b54       0x2c c:/program files (x86)/cypress/psoc creator/3.0/psoc creator/import/gnu_cs/arm/4.7.3/bin/../lib/gcc/arm-none-eabi/4.7.3/../../../../arm-none-eabi/lib/armv7-m\libc_s.a(lib_a-init.o)
 .debug_frame   0x00002b80       0x28 c:/program files (x86)/cypress/psoc creator/3.0/psoc creator/import/gnu_cs/arm/4.7.3/bin/../lib/gcc/arm-none-eabi/4.7.3/../../../../arm-none-eabi/lib/armv7-m\libc_s.a(lib_a-memcpy.o)
 .debug_frame   0x00002ba8       0x20 c:/program files (x86)/cypress/psoc creator/3.0/psoc creator/import/gnu_cs/arm/4.7.3/bin/../lib/gcc/arm-none-eabi/4.7.3/../../../../arm-none-eabi/lib/armv7-m\libc_s.a(lib_a-memset.o)
 .debug_frame   0x00002bc8       0x20 c:/program files (x86)/cypress/psoc creator/3.0/psoc creator/import/gnu_cs/arm/4.7.3/bin/../lib/gcc/arm-none-eabi/4.7.3/../../../../arm-none-eabi/lib/armv7-m\libc_s.a(lib_a-strcmp.o)
 .debug_frame   0x00002be8       0x20 c:/program files (x86)/cypress/psoc creator/3.0/psoc creator/import/gnu_cs/arm/4.7.3/bin/../lib/gcc/arm-none-eabi/4.7.3/../../../../arm-none-eabi/lib/armv7-m\libc_s.a(lib_a-strlen.o)

.debug_str      0x00000000     0x3b55
 *(.debug_str)
 .debug_str     0x00000000      0x291 .\CortexM3\ARM_GCC_473\Debug\main.o
                                0x2db (size before relaxing)
 .debug_str     0x00000291       0x77 .\CortexM3\ARM_GCC_473\Debug\cymetadata.o
                                0x1ae (size before relaxing)
 .debug_str     0x00000308      0x119 .\CortexM3\ARM_GCC_473\Debug\Cm3Start.o
                                0x26a (size before relaxing)
 .debug_str     0x00000421      0x1bd .\CortexM3\ARM_GCC_473\Debug\LauncherController.a(cyfitter_cfg.o)
                                0x327 (size before relaxing)
 .debug_str     0x000005de      0x157 .\CortexM3\ARM_GCC_473\Debug\LauncherController.a(LCD.o)
                                0x2b0 (size before relaxing)
 .debug_str     0x00000735      0x1fd .\CortexM3\ARM_GCC_473\Debug\LauncherController.a(Target_UART.o)
                                0x354 (size before relaxing)
 .debug_str     0x00000932      0x10e .\CortexM3\ARM_GCC_473\Debug\LauncherController.a(RX_INT.o)
                                0x26c (size before relaxing)
 .debug_str     0x00000a40      0x200 .\CortexM3\ARM_GCC_473\Debug\LauncherController.a(Target_UART_IntClock.o)
                                0x34e (size before relaxing)
 .debug_str     0x00000c40      0x615 .\CortexM3\ARM_GCC_473\Debug\LauncherController.a(CyLib.o)
                                0x7d0 (size before relaxing)
 .debug_str     0x00001255      0x371 .\CortexM3\ARM_GCC_473\Debug\LauncherController.a(cyPm.o)
                                0x4df (size before relaxing)
 .debug_str     0x000015c6      0x3e4 .\CortexM3\ARM_GCC_473\Debug\LauncherController.a(Launcher_UART.o)
                                0x568 (size before relaxing)
 .debug_str     0x000019aa      0x348 .\CortexM3\ARM_GCC_473\Debug\LauncherController.a(Launcher_UART_cdc.o)
                                0x561 (size before relaxing)
 .debug_str     0x00001cf2      0x320 .\CortexM3\ARM_GCC_473\Debug\LauncherController.a(Launcher_UART_drv.o)
                                0x679 (size before relaxing)
 .debug_str     0x00002012       0xa6 .\CortexM3\ARM_GCC_473\Debug\LauncherController.a(Launcher_UART_episr.o)
                                0x268 (size before relaxing)
 .debug_str     0x000020b8      0x33a .\CortexM3\ARM_GCC_473\Debug\LauncherController.a(Launcher_UART_std.o)
                                0x6fd (size before relaxing)
 .debug_str     0x000023f2       0x73 .\CortexM3\ARM_GCC_473\Debug\LauncherController.a(Launcher_UART_vnd.o)
                                0x239 (size before relaxing)
 .debug_str     0x00002465      0x30d .\CortexM3\ARM_GCC_473\Debug\LauncherController.a(CapSense.o)
                                0x483 (size before relaxing)
 .debug_str     0x00002772      0x3e2 .\CortexM3\ARM_GCC_473\Debug\LauncherController.a(CapSense_CSHL.o)
                                0x5fe (size before relaxing)
 .debug_str     0x00002b54       0x3c .\CortexM3\ARM_GCC_473\Debug\LauncherController.a(CapSense_INT.o)
                                0x195 (size before relaxing)
 .debug_str     0x00002b90      0x319 .\CortexM3\ARM_GCC_473\Debug\LauncherController.a(CapSense_SMS_Wrapper.o)
                                0x54d (size before relaxing)
 .debug_str     0x00002ea9      0x1b7 .\CortexM3\ARM_GCC_473\Debug\LauncherController.a(CapSense_CompCH0.o)
                                0x308 (size before relaxing)
 .debug_str     0x00003060      0x133 .\CortexM3\ARM_GCC_473\Debug\LauncherController.a(CapSense_IdacCH0.o)
                                0x277 (size before relaxing)
 .debug_str     0x00003193       0xfd .\CortexM3\ARM_GCC_473\Debug\LauncherController.a(CapSense_AMuxCH0.o)
                                0x233 (size before relaxing)
 .debug_str     0x00003290      0x191 .\CortexM3\ARM_GCC_473\Debug\LauncherController.a(CapSense_IntClock.o)
                                0x32a (size before relaxing)
 .debug_str     0x00003421       0x95 .\CortexM3\ARM_GCC_473\Debug\LauncherController.a(Target_Control.o)
                                0x1d3 (size before relaxing)
 .debug_str     0x000034b6      0x130 .\CortexM3\ARM_GCC_473\Debug\LauncherController.a(CyFlash.o)
                                0x2a5 (size before relaxing)
 .debug_str     0x000035e6       0xfe .\CortexM3\ARM_GCC_473\Debug\LauncherController.a(CySpc.o)
                                0x281 (size before relaxing)
 .debug_str     0x000036e4       0x4d .\CortexM3\ARM_GCC_473\Debug\LauncherController.a(Launcher_UART_cls.o)
                                0x24b (size before relaxing)
 .debug_str     0x00003731      0x10d .\CortexM3\ARM_GCC_473\Debug\LauncherController.a(Launcher_UART_descr.o)
                                0x3a4 (size before relaxing)
 .debug_str     0x0000383e      0x317 C:\Program Files (x86)\Cypress\PSoC Creator\3.0\PSoC Creator\psoc\content\cycomponentlibrary\CyComponentLibrary.cylib\CortexM3\ARM_GCC_473\Debug\CyComponentLibrary.a(CapSense_CSD_SmartSense_v3_40.o)
                                0x6d6 (size before relaxing)

.debug_loc      0x00000000     0x5379
 *(.debug_loc)
 .debug_loc     0x00000000      0x170 .\CortexM3\ARM_GCC_473\Debug\main.o
 .debug_loc     0x00000170      0x100 .\CortexM3\ARM_GCC_473\Debug\Cm3Start.o
 .debug_loc     0x00000270      0x268 .\CortexM3\ARM_GCC_473\Debug\LauncherController.a(cyfitter_cfg.o)
 .debug_loc     0x000004d8      0x318 .\CortexM3\ARM_GCC_473\Debug\LauncherController.a(LCD.o)
 .debug_loc     0x000007f0      0x350 .\CortexM3\ARM_GCC_473\Debug\LauncherController.a(Target_UART.o)
 .debug_loc     0x00000b40      0x278 .\CortexM3\ARM_GCC_473\Debug\LauncherController.a(RX_INT.o)
 .debug_loc     0x00000db8      0x22c .\CortexM3\ARM_GCC_473\Debug\LauncherController.a(Target_UART_IntClock.o)
 .debug_loc     0x00000fe4      0xce0 .\CortexM3\ARM_GCC_473\Debug\LauncherController.a(CyLib.o)
 .debug_loc     0x00001cc4      0x2e8 .\CortexM3\ARM_GCC_473\Debug\LauncherController.a(cyPm.o)
 .debug_loc     0x00001fac      0x404 .\CortexM3\ARM_GCC_473\Debug\LauncherController.a(Launcher_UART.o)
 .debug_loc     0x000023b0      0x3d4 .\CortexM3\ARM_GCC_473\Debug\LauncherController.a(Launcher_UART_cdc.o)
 .debug_loc     0x00002784      0x314 .\CortexM3\ARM_GCC_473\Debug\LauncherController.a(Launcher_UART_drv.o)
 .debug_loc     0x00002a98       0xdc .\CortexM3\ARM_GCC_473\Debug\LauncherController.a(Launcher_UART_episr.o)
 .debug_loc     0x00002b74      0x294 .\CortexM3\ARM_GCC_473\Debug\LauncherController.a(Launcher_UART_std.o)
 .debug_loc     0x00002e08       0x38 .\CortexM3\ARM_GCC_473\Debug\LauncherController.a(Launcher_UART_vnd.o)
 .debug_loc     0x00002e40      0x3f8 .\CortexM3\ARM_GCC_473\Debug\LauncherController.a(CapSense.o)
 .debug_loc     0x00003238      0x348 .\CortexM3\ARM_GCC_473\Debug\LauncherController.a(CapSense_CSHL.o)
 .debug_loc     0x00003580       0x2c .\CortexM3\ARM_GCC_473\Debug\LauncherController.a(CapSense_INT.o)
 .debug_loc     0x000035ac      0x158 .\CortexM3\ARM_GCC_473\Debug\LauncherController.a(CapSense_SMS_Wrapper.o)
 .debug_loc     0x00003704      0x214 .\CortexM3\ARM_GCC_473\Debug\LauncherController.a(CapSense_CompCH0.o)
 .debug_loc     0x00003918      0x1c8 .\CortexM3\ARM_GCC_473\Debug\LauncherController.a(CapSense_IdacCH0.o)
 .debug_loc     0x00003ae0      0x12c .\CortexM3\ARM_GCC_473\Debug\LauncherController.a(CapSense_AMuxCH0.o)
 .debug_loc     0x00003c0c      0x22c .\CortexM3\ARM_GCC_473\Debug\LauncherController.a(CapSense_IntClock.o)
 .debug_loc     0x00003e38       0xc8 .\CortexM3\ARM_GCC_473\Debug\LauncherController.a(Target_Control.o)
 .debug_loc     0x00003f00      0x258 .\CortexM3\ARM_GCC_473\Debug\LauncherController.a(CyFlash.o)
 .debug_loc     0x00004158      0x230 .\CortexM3\ARM_GCC_473\Debug\LauncherController.a(CySpc.o)
 .debug_loc     0x00004388       0x38 .\CortexM3\ARM_GCC_473\Debug\LauncherController.a(Launcher_UART_cls.o)
 .debug_loc     0x000043c0      0xfb9 C:\Program Files (x86)\Cypress\PSoC Creator\3.0\PSoC Creator\psoc\content\cycomponentlibrary\CyComponentLibrary.cylib\CortexM3\ARM_GCC_473\Debug\CyComponentLibrary.a(CapSense_CSD_SmartSense_v3_40.o)

.debug_macinfo
 *(.debug_macinfo)

.debug_ranges   0x00000000      0xbe8
 *(.debug_ranges)
 .debug_ranges  0x00000000       0x40 .\CortexM3\ARM_GCC_473\Debug\main.o
 .debug_ranges  0x00000040       0x30 .\CortexM3\ARM_GCC_473\Debug\Cm3Start.o
 .debug_ranges  0x00000070       0x60 .\CortexM3\ARM_GCC_473\Debug\LauncherController.a(cyfitter_cfg.o)
 .debug_ranges  0x000000d0       0x80 .\CortexM3\ARM_GCC_473\Debug\LauncherController.a(LCD.o)
 .debug_ranges  0x00000150       0x88 .\CortexM3\ARM_GCC_473\Debug\LauncherController.a(Target_UART.o)
 .debug_ranges  0x000001d8       0x70 .\CortexM3\ARM_GCC_473\Debug\LauncherController.a(RX_INT.o)
 .debug_ranges  0x00000248       0x60 .\CortexM3\ARM_GCC_473\Debug\LauncherController.a(Target_UART_IntClock.o)
 .debug_ranges  0x000002a8      0x208 .\CortexM3\ARM_GCC_473\Debug\LauncherController.a(CyLib.o)
 .debug_ranges  0x000004b0       0x80 .\CortexM3\ARM_GCC_473\Debug\LauncherController.a(cyPm.o)
 .debug_ranges  0x00000530       0xa0 .\CortexM3\ARM_GCC_473\Debug\LauncherController.a(Launcher_UART.o)
 .debug_ranges  0x000005d0       0xa0 .\CortexM3\ARM_GCC_473\Debug\LauncherController.a(Launcher_UART_cdc.o)
 .debug_ranges  0x00000670       0x88 .\CortexM3\ARM_GCC_473\Debug\LauncherController.a(Launcher_UART_drv.o)
 .debug_ranges  0x000006f8       0x30 .\CortexM3\ARM_GCC_473\Debug\LauncherController.a(Launcher_UART_episr.o)
 .debug_ranges  0x00000728       0x68 .\CortexM3\ARM_GCC_473\Debug\LauncherController.a(Launcher_UART_std.o)
 .debug_ranges  0x00000790       0x10 .\CortexM3\ARM_GCC_473\Debug\LauncherController.a(Launcher_UART_vnd.o)
 .debug_ranges  0x000007a0       0xa0 .\CortexM3\ARM_GCC_473\Debug\LauncherController.a(CapSense.o)
 .debug_ranges  0x00000840       0x80 .\CortexM3\ARM_GCC_473\Debug\LauncherController.a(CapSense_CSHL.o)
 .debug_ranges  0x000008c0       0x10 .\CortexM3\ARM_GCC_473\Debug\LauncherController.a(CapSense_INT.o)
 .debug_ranges  0x000008d0       0x40 .\CortexM3\ARM_GCC_473\Debug\LauncherController.a(CapSense_SMS_Wrapper.o)
 .debug_ranges  0x00000910       0x60 .\CortexM3\ARM_GCC_473\Debug\LauncherController.a(CapSense_CompCH0.o)
 .debug_ranges  0x00000970       0x50 .\CortexM3\ARM_GCC_473\Debug\LauncherController.a(CapSense_IdacCH0.o)
 .debug_ranges  0x000009c0       0x38 .\CortexM3\ARM_GCC_473\Debug\LauncherController.a(CapSense_AMuxCH0.o)
 .debug_ranges  0x000009f8       0x60 .\CortexM3\ARM_GCC_473\Debug\LauncherController.a(CapSense_IntClock.o)
 .debug_ranges  0x00000a58       0x28 .\CortexM3\ARM_GCC_473\Debug\LauncherController.a(Target_Control.o)
 .debug_ranges  0x00000a80       0x68 .\CortexM3\ARM_GCC_473\Debug\LauncherController.a(CyFlash.o)
 .debug_ranges  0x00000ae8       0x58 .\CortexM3\ARM_GCC_473\Debug\LauncherController.a(CySpc.o)
 .debug_ranges  0x00000b40       0x10 .\CortexM3\ARM_GCC_473\Debug\LauncherController.a(Launcher_UART_cls.o)
 .debug_ranges  0x00000b50       0x98 C:\Program Files (x86)\Cypress\PSoC Creator\3.0\PSoC Creator\psoc\content\cycomponentlibrary\CyComponentLibrary.cylib\CortexM3\ARM_GCC_473\Debug\CyComponentLibrary.a(CapSense_CSD_SmartSense_v3_40.o)

.comment        0x00000000       0x70
 .comment       0x00000000       0x70 .\CortexM3\ARM_GCC_473\Debug\main.o
                                 0x71 (size before relaxing)
 .comment       0x00000000       0x71 .\CortexM3\ARM_GCC_473\Debug\cymetadata.o
 .comment       0x00000000       0x71 .\CortexM3\ARM_GCC_473\Debug\Cm3Start.o
 .comment       0x00000000       0x71 .\CortexM3\ARM_GCC_473\Debug\LauncherController.a(cyfitter_cfg.o)
 .comment       0x00000000       0x71 .\CortexM3\ARM_GCC_473\Debug\LauncherController.a(LCD.o)
 .comment       0x00000000       0x71 .\CortexM3\ARM_GCC_473\Debug\LauncherController.a(Target_UART.o)
 .comment       0x00000000       0x71 .\CortexM3\ARM_GCC_473\Debug\LauncherController.a(RX_INT.o)
 .comment       0x00000000       0x71 .\CortexM3\ARM_GCC_473\Debug\LauncherController.a(Target_UART_IntClock.o)
 .comment       0x00000000       0x71 .\CortexM3\ARM_GCC_473\Debug\LauncherController.a(CyLib.o)
 .comment       0x00000000       0x71 .\CortexM3\ARM_GCC_473\Debug\LauncherController.a(cyPm.o)
 .comment       0x00000000       0x71 .\CortexM3\ARM_GCC_473\Debug\LauncherController.a(Launcher_UART.o)
 .comment       0x00000000       0x71 .\CortexM3\ARM_GCC_473\Debug\LauncherController.a(Launcher_UART_cdc.o)
 .comment       0x00000000       0x71 .\CortexM3\ARM_GCC_473\Debug\LauncherController.a(Launcher_UART_drv.o)
 .comment       0x00000000       0x71 .\CortexM3\ARM_GCC_473\Debug\LauncherController.a(Launcher_UART_episr.o)
 .comment       0x00000000       0x71 .\CortexM3\ARM_GCC_473\Debug\LauncherController.a(Launcher_UART_std.o)
 .comment       0x00000000       0x71 .\CortexM3\ARM_GCC_473\Debug\LauncherController.a(Launcher_UART_vnd.o)
 .comment       0x00000000       0x71 .\CortexM3\ARM_GCC_473\Debug\LauncherController.a(CapSense.o)
 .comment       0x00000000       0x71 .\CortexM3\ARM_GCC_473\Debug\LauncherController.a(CapSense_CSHL.o)
 .comment       0x00000000       0x71 .\CortexM3\ARM_GCC_473\Debug\LauncherController.a(CapSense_INT.o)
 .comment       0x00000000       0x71 .\CortexM3\ARM_GCC_473\Debug\LauncherController.a(CapSense_SMS_Wrapper.o)
 .comment       0x00000000       0x71 .\CortexM3\ARM_GCC_473\Debug\LauncherController.a(CapSense_CompCH0.o)
 .comment       0x00000000       0x71 .\CortexM3\ARM_GCC_473\Debug\LauncherController.a(CapSense_IdacCH0.o)
 .comment       0x00000000       0x71 .\CortexM3\ARM_GCC_473\Debug\LauncherController.a(CapSense_AMuxCH0.o)
 .comment       0x00000000       0x71 .\CortexM3\ARM_GCC_473\Debug\LauncherController.a(CapSense_IntClock.o)
 .comment       0x00000000       0x71 .\CortexM3\ARM_GCC_473\Debug\LauncherController.a(Target_Control.o)
 .comment       0x00000000       0x71 .\CortexM3\ARM_GCC_473\Debug\LauncherController.a(CyFlash.o)
 .comment       0x00000000       0x71 .\CortexM3\ARM_GCC_473\Debug\LauncherController.a(CySpc.o)
 .comment       0x00000000       0x71 .\CortexM3\ARM_GCC_473\Debug\LauncherController.a(Launcher_UART_cls.o)
 .comment       0x00000000       0x71 .\CortexM3\ARM_GCC_473\Debug\LauncherController.a(Launcher_UART_descr.o)
 .comment       0x00000000       0x71 C:\Program Files (x86)\Cypress\PSoC Creator\3.0\PSoC Creator\psoc\content\cycomponentlibrary\CyComponentLibrary.cylib\CortexM3\ARM_GCC_473\Debug\CyComponentLibrary.a(CapSense_CSD_SmartSense_v3_40.o)

.debug_weaknames
 *(.debug_weaknames)

.debug_funcnames
 *(.debug_funcnames)

.debug_typenames
 *(.debug_typenames)

.debug_varnames
 *(.debug_varnames)

.note.gnu.arm.ident
 *(.note.gnu.arm.ident)

.ARM.attributes
                0x00000000       0x29
 *(.ARM.attributes)
 .ARM.attributes
                0x00000000       0x1d c:/program files (x86)/cypress/psoc creator/3.0/psoc creator/import/gnu_cs/arm/4.7.3/bin/../lib/gcc/arm-none-eabi/4.7.3/armv7-m/crti.o
 .ARM.attributes
                0x0000001d       0x2d c:/program files (x86)/cypress/psoc creator/3.0/psoc creator/import/gnu_cs/arm/4.7.3/bin/../lib/gcc/arm-none-eabi/4.7.3/armv7-m/crtbegin.o
 .ARM.attributes
                0x0000004a       0x1b c:/program files (x86)/cypress/psoc creator/3.0/psoc creator/import/gnu_cs/arm/4.7.3/bin/../lib/gcc/arm-none-eabi/4.7.3/../../../../arm-none-eabi/lib/armv7-m/crt0.o
 .ARM.attributes
                0x00000065       0x33 .\CortexM3\ARM_GCC_473\Debug\main.o
 .ARM.attributes
                0x00000098       0x33 .\CortexM3\ARM_GCC_473\Debug\cymetadata.o
 .ARM.attributes
                0x000000cb       0x33 .\CortexM3\ARM_GCC_473\Debug\Cm3Start.o
 .ARM.attributes
                0x000000fe       0x33 .\CortexM3\ARM_GCC_473\Debug\LauncherController.a(cyfitter_cfg.o)
 .ARM.attributes
                0x00000131       0x33 .\CortexM3\ARM_GCC_473\Debug\LauncherController.a(LCD.o)
 .ARM.attributes
                0x00000164       0x33 .\CortexM3\ARM_GCC_473\Debug\LauncherController.a(Target_UART.o)
 .ARM.attributes
                0x00000197       0x33 .\CortexM3\ARM_GCC_473\Debug\LauncherController.a(RX_INT.o)
 .ARM.attributes
                0x000001ca       0x33 .\CortexM3\ARM_GCC_473\Debug\LauncherController.a(Target_UART_IntClock.o)
 .ARM.attributes
                0x000001fd       0x21 .\CortexM3\ARM_GCC_473\Debug\LauncherController.a(CyBootAsmGnu.o)