Archive member included because of file (symbol)

.\ARM_GCC_441\Debug\115_is_cool.a(CyLib.o)
                              .\ARM_GCC_441\Debug\Cm3Start.o (CyResetStatus)
.\ARM_GCC_441\Debug\115_is_cool.a(cyPm.o)
                              .\ARM_GCC_441\Debug\115_is_cool.a(CyLib.o) (CyPmReadStatus)
.\ARM_GCC_441\Debug\115_is_cool.a(A.o)
                              .\ARM_GCC_441\Debug\main.o (A_Write)
.\ARM_GCC_441\Debug\115_is_cool.a(B.o)
                              .\ARM_GCC_441\Debug\main.o (B_Write)
.\ARM_GCC_441\Debug\115_is_cool.a(C.o)
                              .\ARM_GCC_441\Debug\main.o (C_Write)
.\ARM_GCC_441\Debug\115_is_cool.a(D.o)
                              .\ARM_GCC_441\Debug\main.o (D_Write)
.\ARM_GCC_441\Debug\115_is_cool.a(E.o)
                              .\ARM_GCC_441\Debug\main.o (E_Write)
.\ARM_GCC_441\Debug\115_is_cool.a(F.o)
                              .\ARM_GCC_441\Debug\main.o (F_Write)
.\ARM_GCC_441\Debug\115_is_cool.a(G.o)
                              .\ARM_GCC_441\Debug\main.o (G_Write)
.\ARM_GCC_441\Debug\115_is_cool.a(P.o)
                              .\ARM_GCC_441\Debug\main.o (P_Write)
.\ARM_GCC_441\Debug\115_is_cool.a(cyfitter_cfg.o)
                              .\ARM_GCC_441\Debug\Cm3Start.o (cyfitter_cfg)
.\ARM_GCC_441\Debug\115_is_cool.a(CyBootAsmGnu.o)
                              .\ARM_GCC_441\Debug\115_is_cool.a(CyLib.o) (CyDelayCycles)
.\ARM_GCC_441\Debug\115_is_cool.a(CyFlash.o)
                              .\ARM_GCC_441\Debug\115_is_cool.a(cyPm.o) (CyFlash_SetWaitCycles)
.\ARM_GCC_441\Debug\115_is_cool.a(CySpc.o)
                              .\ARM_GCC_441\Debug\115_is_cool.a(CyFlash.o) (CySpcStart)
c:/program files (x86)/cypress/psoc creator/2.2/psoc creator/import/gnu_cs/arm/4.4.1/bin/../lib/gcc/arm-none-eabi/4.4.1/../../../../arm-none-eabi/lib/thumb2\libc.a(lib_a-memcpy.o)
                              .\ARM_GCC_441\Debug\115_is_cool.a(cyfitter_cfg.o) (memcpy)
c:/program files (x86)/cypress/psoc creator/2.2/psoc creator/import/gnu_cs/arm/4.4.1/bin/../lib/gcc/arm-none-eabi/4.4.1/../../../../arm-none-eabi/lib/thumb2\libc.a(lib_a-memset.o)
                              .\ARM_GCC_441\Debug\115_is_cool.a(cyfitter_cfg.o) (memset)
c:/program files (x86)/cypress/psoc creator/2.2/psoc creator/import/gnu_cs/arm/4.4.1/bin/../lib/gcc/arm-none-eabi/4.4.1/../../../../arm-none-eabi/lib/thumb2\libcs3.a(start_c.o)
                              (__cs3_start_c)
c:/program files (x86)/cypress/psoc creator/2.2/psoc creator/import/gnu_cs/arm/4.4.1/bin/../lib/gcc/arm-none-eabi/4.4.1/../../../../arm-none-eabi/lib/thumb2\libcs3micro.a(micro-vector.o)
                              (__cs3_interrupt_vector_micro)
c:/program files (x86)/cypress/psoc creator/2.2/psoc creator/import/gnu_cs/arm/4.4.1/bin/../lib/gcc/arm-none-eabi/4.4.1/../../../../arm-none-eabi/lib/thumb2\libcs3micro.a(micro_isr_interrupt.o)
                              (__cs3_isr_nmi)
c:/program files (x86)/cypress/psoc creator/2.2/psoc creator/import/gnu_cs/arm/4.4.1/bin/../lib/gcc/arm-none-eabi/4.4.1/../../../../arm-none-eabi/lib/thumb2\libc.a(lib_a-init.o)
                              c:/program files (x86)/cypress/psoc creator/2.2/psoc creator/import/gnu_cs/arm/4.4.1/bin/../lib/gcc/arm-none-eabi/4.4.1/../../../../arm-none-eabi/lib/thumb2\libcs3.a(start_c.o) (__libc_init_array)

Allocating common symbols
Common symbol       size              file

CyResetStatus       0x1               .\ARM_GCC_441\Debug\115_is_cool.a(CyLib.o)
dieTemperature      0x2               .\ARM_GCC_441\Debug\115_is_cool.a(CyFlash.o)

Discarded input sections

 .text          0x00000000        0x0 c:/program files (x86)/cypress/psoc creator/2.2/psoc creator/import/gnu_cs/arm/4.4.1/bin/../lib/gcc/arm-none-eabi/4.4.1/thumb2/crti.o
 .data          0x00000000        0x0 c:/program files (x86)/cypress/psoc creator/2.2/psoc creator/import/gnu_cs/arm/4.4.1/bin/../lib/gcc/arm-none-eabi/4.4.1/thumb2/crti.o
 .bss           0x00000000        0x0 c:/program files (x86)/cypress/psoc creator/2.2/psoc creator/import/gnu_cs/arm/4.4.1/bin/../lib/gcc/arm-none-eabi/4.4.1/thumb2/crti.o
 .data          0x00000000        0x4 c:/program files (x86)/cypress/psoc creator/2.2/psoc creator/import/gnu_cs/arm/4.4.1/bin/../lib/gcc/arm-none-eabi/4.4.1/thumb2/crtbegin.o
 .text          0x00000000        0x0 .\ARM_GCC_441\Debug\main.o
 .data          0x00000000        0x0 .\ARM_GCC_441\Debug\main.o
 .bss           0x00000000        0x0 .\ARM_GCC_441\Debug\main.o
 .text          0x00000000        0x0 .\ARM_GCC_441\Debug\Cm3Start.o
 .data          0x00000000        0x0 .\ARM_GCC_441\Debug\Cm3Start.o
 .bss           0x00000000        0x0 .\ARM_GCC_441\Debug\Cm3Start.o
 .text.IntDefaultHandler
                0x00000000        0x8 .\ARM_GCC_441\Debug\Cm3Start.o
 .text          0x00000000        0x0 .\ARM_GCC_441\Debug\115_is_cool.a(CyLib.o)
 .bss           0x00000000        0x0 .\ARM_GCC_441\Debug\115_is_cool.a(CyLib.o)
 .text.CyPLL_OUT_Start
                0x00000000       0xdc .\ARM_GCC_441\Debug\115_is_cool.a(CyLib.o)
 .text.CyPLL_OUT_Stop
                0x00000000       0x24 .\ARM_GCC_441\Debug\115_is_cool.a(CyLib.o)
 .text.CyPLL_OUT_SetPQ
                0x00000000       0xac .\ARM_GCC_441\Debug\115_is_cool.a(CyLib.o)
 .text.CyPLL_OUT_SetSource
                0x00000000       0x64 .\ARM_GCC_441\Debug\115_is_cool.a(CyLib.o)
 .text.CyIMO_Start
                0x00000000       0xd0 .\ARM_GCC_441\Debug\115_is_cool.a(CyLib.o)
 .text.CyIMO_Stop
                0x00000000       0x24 .\ARM_GCC_441\Debug\115_is_cool.a(CyLib.o)
 .text.CyUSB_PowerOnCheck
                0x00000000       0x74 .\ARM_GCC_441\Debug\115_is_cool.a(CyLib.o)
 .text.CyIMO_SetTrimValue
                0x00000000      0x144 .\ARM_GCC_441\Debug\115_is_cool.a(CyLib.o)
 .text.CyIMO_SetFreq
                0x00000000      0x1e4 .\ARM_GCC_441\Debug\115_is_cool.a(CyLib.o)
 .text.CyIMO_SetSource
                0x00000000       0xb8 .\ARM_GCC_441\Debug\115_is_cool.a(CyLib.o)
 .text.CyIMO_EnableDoubler
                0x00000000       0x28 .\ARM_GCC_441\Debug\115_is_cool.a(CyLib.o)
 .text.CyIMO_DisableDoubler
                0x00000000       0x24 .\ARM_GCC_441\Debug\115_is_cool.a(CyLib.o)
 .text.CyMasterClk_SetSource
                0x00000000       0x3c .\ARM_GCC_441\Debug\115_is_cool.a(CyLib.o)
 .text.CyMasterClk_SetDivider
                0x00000000       0x20 .\ARM_GCC_441\Debug\115_is_cool.a(CyLib.o)
 .text.CyBusClk_Internal_SetDivider
                0x00000000       0x9c .\ARM_GCC_441\Debug\115_is_cool.a(CyLib.o)
 .text.CyBusClk_SetDivider
                0x00000000       0xcc .\ARM_GCC_441\Debug\115_is_cool.a(CyLib.o)
 .text.CyUsbClk_SetSource
                0x00000000       0x3c .\ARM_GCC_441\Debug\115_is_cool.a(CyLib.o)
 .text.CyILO_Start1K
                0x00000000       0x28 .\ARM_GCC_441\Debug\115_is_cool.a(CyLib.o)
 .text.CyILO_Stop1K
                0x00000000       0x24 .\ARM_GCC_441\Debug\115_is_cool.a(CyLib.o)
 .text.CyILO_Start100K
                0x00000000       0x28 .\ARM_GCC_441\Debug\115_is_cool.a(CyLib.o)
 .text.CyILO_Stop100K
                0x00000000       0x24 .\ARM_GCC_441\Debug\115_is_cool.a(CyLib.o)
 .text.CyILO_Enable33K
                0x00000000       0x28 .\ARM_GCC_441\Debug\115_is_cool.a(CyLib.o)
 .text.CyILO_Disable33K
                0x00000000       0x24 .\ARM_GCC_441\Debug\115_is_cool.a(CyLib.o)
 .text.CyILO_SetSource
                0x00000000       0x44 .\ARM_GCC_441\Debug\115_is_cool.a(CyLib.o)
 .text.CyILO_SetPowerMode
                0x00000000       0x58 .\ARM_GCC_441\Debug\115_is_cool.a(CyLib.o)
 .text.CyXTAL_32KHZ_Start
                0x00000000       0xa4 .\ARM_GCC_441\Debug\115_is_cool.a(CyLib.o)
 .text.CyXTAL_32KHZ_Stop
                0x00000000       0x60 .\ARM_GCC_441\Debug\115_is_cool.a(CyLib.o)
 .text.CyXTAL_32KHZ_ReadStatus
                0x00000000       0x1c .\ARM_GCC_441\Debug\115_is_cool.a(CyLib.o)
 .text.CyXTAL_32KHZ_SetPowerMode
                0x00000000       0xf8 .\ARM_GCC_441\Debug\115_is_cool.a(CyLib.o)
 .text.CyXTAL_Start
                0x00000000      0x100 .\ARM_GCC_441\Debug\115_is_cool.a(CyLib.o)
 .text.CyXTAL_Stop
                0x00000000       0x24 .\ARM_GCC_441\Debug\115_is_cool.a(CyLib.o)
 .text.CyXTAL_EnableErrStatus
                0x00000000       0x24 .\ARM_GCC_441\Debug\115_is_cool.a(CyLib.o)
 .text.CyXTAL_DisableErrStatus
                0x00000000       0x28 .\ARM_GCC_441\Debug\115_is_cool.a(CyLib.o)
 .text.CyXTAL_ReadStatus
                0x00000000       0x28 .\ARM_GCC_441\Debug\115_is_cool.a(CyLib.o)
 .text.CyXTAL_EnableFaultRecovery
                0x00000000       0x28 .\ARM_GCC_441\Debug\115_is_cool.a(CyLib.o)
 .text.CyXTAL_DisableFaultRecovery
                0x00000000       0x24 .\ARM_GCC_441\Debug\115_is_cool.a(CyLib.o)
 .text.CyXTAL_SetStartup
                0x00000000       0x3c .\ARM_GCC_441\Debug\115_is_cool.a(CyLib.o)
 .text.CyXTAL_SetFbVoltage
                0x00000000       0x3c .\ARM_GCC_441\Debug\115_is_cool.a(CyLib.o)
 .text.CyXTAL_SetWdVoltage
                0x00000000       0x44 .\ARM_GCC_441\Debug\115_is_cool.a(CyLib.o)
 .text.CyHalt   0x00000000       0x18 .\ARM_GCC_441\Debug\115_is_cool.a(CyLib.o)
 .text.CySoftwareReset
                0x00000000       0x18 .\ARM_GCC_441\Debug\115_is_cool.a(CyLib.o)
 .text.CyDelayUs
                0x00000000       0x28 .\ARM_GCC_441\Debug\115_is_cool.a(CyLib.o)
 .text.CyDelayFreq
                0x00000000       0xac .\ARM_GCC_441\Debug\115_is_cool.a(CyLib.o)
 .text.CyWdtStart
                0x00000000       0xc4 .\ARM_GCC_441\Debug\115_is_cool.a(CyLib.o)
 .text.CyWdtClear
                0x00000000       0x18 .\ARM_GCC_441\Debug\115_is_cool.a(CyLib.o)
 .text.CyVdLvDigitEnable
                0x00000000       0xec .\ARM_GCC_441\Debug\115_is_cool.a(CyLib.o)
 .text.CyVdLvAnalogEnable
                0x00000000       0xf4 .\ARM_GCC_441\Debug\115_is_cool.a(CyLib.o)
 .text.CyVdLvDigitDisable
                0x00000000       0x54 .\ARM_GCC_441\Debug\115_is_cool.a(CyLib.o)
 .text.CyVdLvAnalogDisable
                0x00000000       0x54 .\ARM_GCC_441\Debug\115_is_cool.a(CyLib.o)
 .text.CyVdHvAnalogEnable
                0x00000000       0x78 .\ARM_GCC_441\Debug\115_is_cool.a(CyLib.o)
 .text.CyVdHvAnalogDisable
                0x00000000       0x24 .\ARM_GCC_441\Debug\115_is_cool.a(CyLib.o)
 .text.CyVdStickyStatus
                0x00000000       0x48 .\ARM_GCC_441\Debug\115_is_cool.a(CyLib.o)
 .text.CyVdRealTimeStatus
                0x00000000       0x30 .\ARM_GCC_441\Debug\115_is_cool.a(CyLib.o)
 .text.CyDisableInts
                0x00000000       0x3c .\ARM_GCC_441\Debug\115_is_cool.a(CyLib.o)
 .text.CyEnableInts
                0x00000000       0x2c .\ARM_GCC_441\Debug\115_is_cool.a(CyLib.o)
 .text.CyFlushCache
                0x00000000       0x7c .\ARM_GCC_441\Debug\115_is_cool.a(CyLib.o)
 .text.CyIntSetSysVector
                0x00000000       0x58 .\ARM_GCC_441\Debug\115_is_cool.a(CyLib.o)
 .text.CyIntGetSysVector
                0x00000000       0x40 .\ARM_GCC_441\Debug\115_is_cool.a(CyLib.o)
 .text.CyIntSetVector
                0x00000000       0x60 .\ARM_GCC_441\Debug\115_is_cool.a(CyLib.o)
 .text.CyIntGetVector
                0x00000000       0x44 .\ARM_GCC_441\Debug\115_is_cool.a(CyLib.o)
 .text.CyIntSetPriority
                0x00000000       0x4c .\ARM_GCC_441\Debug\115_is_cool.a(CyLib.o)
 .text.CyIntGetPriority
                0x00000000       0x3c .\ARM_GCC_441\Debug\115_is_cool.a(CyLib.o)
 .text.CyIntGetState
                0x00000000       0x40 .\ARM_GCC_441\Debug\115_is_cool.a(CyLib.o)
 .text          0x00000000        0x0 .\ARM_GCC_441\Debug\115_is_cool.a(cyPm.o)
 .data          0x00000000        0x0 .\ARM_GCC_441\Debug\115_is_cool.a(cyPm.o)
 .bss           0x00000000       0x44 .\ARM_GCC_441\Debug\115_is_cool.a(cyPm.o)
 .rodata        0x00000000       0x10 .\ARM_GCC_441\Debug\115_is_cool.a(cyPm.o)
 .text.CyPmSaveClocks
                0x00000000      0x350 .\ARM_GCC_441\Debug\115_is_cool.a(cyPm.o)
 .text.CyPmRestoreClocks
                0x00000000      0x3f4 .\ARM_GCC_441\Debug\115_is_cool.a(cyPm.o)
 .text.CyPmAltAct
                0x00000000      0x110 .\ARM_GCC_441\Debug\115_is_cool.a(cyPm.o)
 .text.CyPmSleep
                0x00000000      0x218 .\ARM_GCC_441\Debug\115_is_cool.a(cyPm.o)
 .text.CyPmHibernate
                0x00000000      0x1ec .\ARM_GCC_441\Debug\115_is_cool.a(cyPm.o)
 .text.CyPmReadStatus
                0x00000000       0x7c .\ARM_GCC_441\Debug\115_is_cool.a(cyPm.o)
 .text.CyPmHibSaveSet
                0x00000000       0xe4 .\ARM_GCC_441\Debug\115_is_cool.a(cyPm.o)
 .text.CyPmHibRestore
                0x00000000       0x6c .\ARM_GCC_441\Debug\115_is_cool.a(cyPm.o)
 .text.CyPmCtwSetInterval
                0x00000000       0xd8 .\ARM_GCC_441\Debug\115_is_cool.a(cyPm.o)
 .text.CyPmOppsSet
                0x00000000       0x54 .\ARM_GCC_441\Debug\115_is_cool.a(cyPm.o)
 .text.CyPmFtwSetInterval
                0x00000000       0xdc .\ARM_GCC_441\Debug\115_is_cool.a(cyPm.o)
 .text.CyPmSlpSaveSet
                0x00000000        0xc .\ARM_GCC_441\Debug\115_is_cool.a(cyPm.o)
 .text.CyPmSlpRestore
                0x00000000        0xc .\ARM_GCC_441\Debug\115_is_cool.a(cyPm.o)
 .text.CyPmHibSlpSaveSet
                0x00000000      0x454 .\ARM_GCC_441\Debug\115_is_cool.a(cyPm.o)
 .text.CyPmHibSlpRestore
                0x00000000      0x270 .\ARM_GCC_441\Debug\115_is_cool.a(cyPm.o)
 .text.CyPmHviLviSaveDisable
                0x00000000      0x134 .\ARM_GCC_441\Debug\115_is_cool.a(cyPm.o)
 .text.CyPmHviLviRestore
                0x00000000       0x7c .\ARM_GCC_441\Debug\115_is_cool.a(cyPm.o)
 .text          0x00000000        0x0 .\ARM_GCC_441\Debug\115_is_cool.a(A.o)
 .data          0x00000000        0x0 .\ARM_GCC_441\Debug\115_is_cool.a(A.o)
 .bss           0x00000000        0x0 .\ARM_GCC_441\Debug\115_is_cool.a(A.o)
 .text.A_SetDriveMode
                0x00000000       0x40 .\ARM_GCC_441\Debug\115_is_cool.a(A.o)
 .text.A_Read   0x00000000       0x24 .\ARM_GCC_441\Debug\115_is_cool.a(A.o)
 .text.A_ReadDataReg
                0x00000000       0x24 .\ARM_GCC_441\Debug\115_is_cool.a(A.o)
 .text          0x00000000        0x0 .\ARM_GCC_441\Debug\115_is_cool.a(B.o)
 .data          0x00000000        0x0 .\ARM_GCC_441\Debug\115_is_cool.a(B.o)
 .bss           0x00000000        0x0 .\ARM_GCC_441\Debug\115_is_cool.a(B.o)
 .text.B_SetDriveMode
                0x00000000       0x40 .\ARM_GCC_441\Debug\115_is_cool.a(B.o)
 .text.B_Read   0x00000000       0x24 .\ARM_GCC_441\Debug\115_is_cool.a(B.o)
 .text.B_ReadDataReg
                0x00000000       0x24 .\ARM_GCC_441\Debug\115_is_cool.a(B.o)
 .text          0x00000000        0x0 .\ARM_GCC_441\Debug\115_is_cool.a(C.o)
 .data          0x00000000        0x0 .\ARM_GCC_441\Debug\115_is_cool.a(C.o)
 .bss           0x00000000        0x0 .\ARM_GCC_441\Debug\115_is_cool.a(C.o)
 .text.C_SetDriveMode
                0x00000000       0x40 .\ARM_GCC_441\Debug\115_is_cool.a(C.o)
 .text.C_Read   0x00000000       0x24 .\ARM_GCC_441\Debug\115_is_cool.a(C.o)
 .text.C_ReadDataReg
                0x00000000       0x24 .\ARM_GCC_441\Debug\115_is_cool.a(C.o)
 .text          0x00000000        0x0 .\ARM_GCC_441\Debug\115_is_cool.a(D.o)
 .data          0x00000000        0x0 .\ARM_GCC_441\Debug\115_is_cool.a(D.o)
 .bss           0x00000000        0x0 .\ARM_GCC_441\Debug\115_is_cool.a(D.o)
 .text.D_SetDriveMode
                0x00000000       0x40 .\ARM_GCC_441\Debug\115_is_cool.a(D.o)
 .text.D_Read   0x00000000       0x24 .\ARM_GCC_441\Debug\115_is_cool.a(D.o)
 .text.D_ReadDataReg
                0x00000000       0x24 .\ARM_GCC_441\Debug\115_is_cool.a(D.o)
 .text          0x00000000        0x0 .\ARM_GCC_441\Debug\115_is_cool.a(E.o)
 .data          0x00000000        0x0 .\ARM_GCC_441\Debug\115_is_cool.a(E.o)
 .bss           0x00000000        0x0 .\ARM_GCC_441\Debug\115_is_cool.a(E.o)
 .text.E_SetDriveMode
                0x00000000       0x40 .\ARM_GCC_441\Debug\115_is_cool.a(E.o)
 .text.E_Read   0x00000000       0x24 .\ARM_GCC_441\Debug\115_is_cool.a(E.o)
 .text.E_ReadDataReg
                0x00000000       0x24 .\ARM_GCC_441\Debug\115_is_cool.a(E.o)
 .text          0x00000000        0x0 .\ARM_GCC_441\Debug\115_is_cool.a(F.o)
 .data          0x00000000        0x0 .\ARM_GCC_441\Debug\115_is_cool.a(F.o)
 .bss           0x00000000        0x0 .\ARM_GCC_441\Debug\115_is_cool.a(F.o)
 .text.F_SetDriveMode
                0x00000000       0x40 .\ARM_GCC_441\Debug\115_is_cool.a(F.o)
 .text.F_Read   0x00000000       0x24 .\ARM_GCC_441\Debug\115_is_cool.a(F.o)
 .text.F_ReadDataReg
                0x00000000       0x24 .\ARM_GCC_441\Debug\115_is_cool.a(F.o)
 .text          0x00000000        0x0 .\ARM_GCC_441\Debug\115_is_cool.a(G.o)
 .data          0x00000000        0x0 .\ARM_GCC_441\Debug\115_is_cool.a(G.o)
 .bss           0x00000000        0x0 .\ARM_GCC_441\Debug\115_is_cool.a(G.o)
 .text.G_SetDriveMode
                0x00000000       0x40 .\ARM_GCC_441\Debug\115_is_cool.a(G.o)
 .text.G_Read   0x00000000       0x1c .\ARM_GCC_441\Debug\115_is_cool.a(G.o)
 .text.G_ReadDataReg
                0x00000000       0x1c .\ARM_GCC_441\Debug\115_is_cool.a(G.o)
 .text          0x00000000        0x0 .\ARM_GCC_441\Debug\115_is_cool.a(P.o)
 .data          0x00000000        0x0 .\ARM_GCC_441\Debug\115_is_cool.a(P.o)
 .bss           0x00000000        0x0 .\ARM_GCC_441\Debug\115_is_cool.a(P.o)
 .text.P_SetDriveMode
                0x00000000       0x40 .\ARM_GCC_441\Debug\115_is_cool.a(P.o)
 .text.P_Read   0x00000000       0x1c .\ARM_GCC_441\Debug\115_is_cool.a(P.o)
 .text.P_ReadDataReg
                0x00000000       0x1c .\ARM_GCC_441\Debug\115_is_cool.a(P.o)
 .text          0x00000000        0x0 .\ARM_GCC_441\Debug\115_is_cool.a(cyfitter_cfg.o)
 .data          0x00000000        0x0 .\ARM_GCC_441\Debug\115_is_cool.a(cyfitter_cfg.o)
 .bss           0x00000000        0x0 .\ARM_GCC_441\Debug\115_is_cool.a(cyfitter_cfg.o)
 .text.CYCONFIGCPYCODE
                0x00000000       0x20 .\ARM_GCC_441\Debug\115_is_cool.a(cyfitter_cfg.o)
 .text.SetAnalogRoutingPumps
                0x00000000       0x30 .\ARM_GCC_441\Debug\115_is_cool.a(cyfitter_cfg.o)
 .data          0x00000000        0x0 .\ARM_GCC_441\Debug\115_is_cool.a(CyBootAsmGnu.o)
 .bss           0x00000000        0x0 .\ARM_GCC_441\Debug\115_is_cool.a(CyBootAsmGnu.o)
 .text          0x00000000        0x0 .\ARM_GCC_441\Debug\115_is_cool.a(CyFlash.o)
 .data          0x00000000        0x0 .\ARM_GCC_441\Debug\115_is_cool.a(CyFlash.o)
 .bss           0x00000000        0x4 .\ARM_GCC_441\Debug\115_is_cool.a(CyFlash.o)
 .text.CyFlash_Start
                0x00000000       0x48 .\ARM_GCC_441\Debug\115_is_cool.a(CyFlash.o)
 .text.CyFlash_Stop
                0x00000000       0x40 .\ARM_GCC_441\Debug\115_is_cool.a(CyFlash.o)
 .text.CySetTempInt
                0x00000000       0x90 .\ARM_GCC_441\Debug\115_is_cool.a(CyFlash.o)
 .text.CySetTemp
                0x00000000       0x28 .\ARM_GCC_441\Debug\115_is_cool.a(CyFlash.o)
 .text.CySetFlashEEBuffer
                0x00000000       0x50 .\ARM_GCC_441\Debug\115_is_cool.a(CyFlash.o)
 .text.CyWriteRowData
                0x00000000       0xac .\ARM_GCC_441\Debug\115_is_cool.a(CyFlash.o)
 .text.CyWriteRowFull
                0x00000000      0x124 .\ARM_GCC_441\Debug\115_is_cool.a(CyFlash.o)
 .text.CyFlash_SetWaitCycles
                0x00000000       0xc4 .\ARM_GCC_441\Debug\115_is_cool.a(CyFlash.o)
 .text.CyEEPROM_Start
                0x00000000       0x44 .\ARM_GCC_441\Debug\115_is_cool.a(CyFlash.o)
 .text.CyEEPROM_Stop
                0x00000000       0x40 .\ARM_GCC_441\Debug\115_is_cool.a(CyFlash.o)
 .text.CyEEPROM_ReadReserve
                0x00000000       0x3c .\ARM_GCC_441\Debug\115_is_cool.a(CyFlash.o)
 .text.CyEEPROM_ReadRelease
                0x00000000       0x20 .\ARM_GCC_441\Debug\115_is_cool.a(CyFlash.o)
 COMMON         0x00000000        0x2 .\ARM_GCC_441\Debug\115_is_cool.a(CyFlash.o)
 .text          0x00000000        0x0 .\ARM_GCC_441\Debug\115_is_cool.a(CySpc.o)
 .data          0x00000000        0x0 .\ARM_GCC_441\Debug\115_is_cool.a(CySpc.o)
 .bss           0x00000000        0x2 .\ARM_GCC_441\Debug\115_is_cool.a(CySpc.o)
 .text.CySpcStart
                0x00000000       0x58 .\ARM_GCC_441\Debug\115_is_cool.a(CySpc.o)
 .text.CySpcStop
                0x00000000       0x54 .\ARM_GCC_441\Debug\115_is_cool.a(CySpc.o)
 .text.CySpcReadData
                0x00000000       0x64 .\ARM_GCC_441\Debug\115_is_cool.a(CySpc.o)
 .text.CySpcLoadMultiByte
                0x00000000      0x118 .\ARM_GCC_441\Debug\115_is_cool.a(CySpc.o)
 .text.CySpcLoadRow
                0x00000000       0xbc .\ARM_GCC_441\Debug\115_is_cool.a(CySpc.o)
 .text.CySpcWriteRow
                0x00000000       0xcc .\ARM_GCC_441\Debug\115_is_cool.a(CySpc.o)
 .text.CySpcEraseSector
                0x00000000       0x9c .\ARM_GCC_441\Debug\115_is_cool.a(CySpc.o)
 .text.CySpcGetTemp
                0x00000000       0x8c .\ARM_GCC_441\Debug\115_is_cool.a(CySpc.o)
 .text.CySpcLock
                0x00000000       0x8c .\ARM_GCC_441\Debug\115_is_cool.a(CySpc.o)
 .text.CySpcUnlock
                0x00000000       0x68 .\ARM_GCC_441\Debug\115_is_cool.a(CySpc.o)
 .data          0x00000000        0x0 c:/program files (x86)/cypress/psoc creator/2.2/psoc creator/import/gnu_cs/arm/4.4.1/bin/../lib/gcc/arm-none-eabi/4.4.1/../../../../arm-none-eabi/lib/thumb2\libc.a(lib_a-memcpy.o)
 .bss           0x00000000        0x0 c:/program files (x86)/cypress/psoc creator/2.2/psoc creator/import/gnu_cs/arm/4.4.1/bin/../lib/gcc/arm-none-eabi/4.4.1/../../../../arm-none-eabi/lib/thumb2\libc.a(lib_a-memcpy.o)
 .data          0x00000000        0x0 c:/program files (x86)/cypress/psoc creator/2.2/psoc creator/import/gnu_cs/arm/4.4.1/bin/../lib/gcc/arm-none-eabi/4.4.1/../../../../arm-none-eabi/lib/thumb2\libc.a(lib_a-memset.o)
 .bss           0x00000000        0x0 c:/program files (x86)/cypress/psoc creator/2.2/psoc creator/import/gnu_cs/arm/4.4.1/bin/../lib/gcc/arm-none-eabi/4.4.1/../../../../arm-none-eabi/lib/thumb2\libc.a(lib_a-memset.o)
 .text          0x00000000        0x0 c:/program files (x86)/cypress/psoc creator/2.2/psoc creator/import/gnu_cs/arm/4.4.1/bin/../lib/gcc/arm-none-eabi/4.4.1/thumb2/crtend.o
 .data          0x00000000        0x0 c:/program files (x86)/cypress/psoc creator/2.2/psoc creator/import/gnu_cs/arm/4.4.1/bin/../lib/gcc/arm-none-eabi/4.4.1/thumb2/crtend.o
 .bss           0x00000000        0x0 c:/program files (x86)/cypress/psoc creator/2.2/psoc creator/import/gnu_cs/arm/4.4.1/bin/../lib/gcc/arm-none-eabi/4.4.1/thumb2/crtend.o
 .text          0x00000000        0x0 c:/program files (x86)/cypress/psoc creator/2.2/psoc creator/import/gnu_cs/arm/4.4.1/bin/../lib/gcc/arm-none-eabi/4.4.1/thumb2/crtn.o
 .data          0x00000000        0x0 c:/program files (x86)/cypress/psoc creator/2.2/psoc creator/import/gnu_cs/arm/4.4.1/bin/../lib/gcc/arm-none-eabi/4.4.1/thumb2/crtn.o
 .bss           0x00000000        0x0 c:/program files (x86)/cypress/psoc creator/2.2/psoc creator/import/gnu_cs/arm/4.4.1/bin/../lib/gcc/arm-none-eabi/4.4.1/thumb2/crtn.o
 .data          0x00000000        0x0 c:/program files (x86)/cypress/psoc creator/2.2/psoc creator/import/gnu_cs/arm/4.4.1/bin/../lib/gcc/arm-none-eabi/4.4.1/../../../../arm-none-eabi/lib/thumb2\libcs3.a(start_c.o)
 .bss           0x00000000        0x0 c:/program files (x86)/cypress/psoc creator/2.2/psoc creator/import/gnu_cs/arm/4.4.1/bin/../lib/gcc/arm-none-eabi/4.4.1/../../../../arm-none-eabi/lib/thumb2\libcs3.a(start_c.o)
 .text          0x00000000        0x0 c:/program files (x86)/cypress/psoc creator/2.2/psoc creator/import/gnu_cs/arm/4.4.1/bin/../lib/gcc/arm-none-eabi/4.4.1/../../../../arm-none-eabi/lib/thumb2\libcs3micro.a(micro-vector.o)
 .data          0x00000000        0x0 c:/program files (x86)/cypress/psoc creator/2.2/psoc creator/import/gnu_cs/arm/4.4.1/bin/../lib/gcc/arm-none-eabi/4.4.1/../../../../arm-none-eabi/lib/thumb2\libcs3micro.a(micro-vector.o)
 .bss           0x00000000        0x0 c:/program files (x86)/cypress/psoc creator/2.2/psoc creator/import/gnu_cs/arm/4.4.1/bin/../lib/gcc/arm-none-eabi/4.4.1/../../../../arm-none-eabi/lib/thumb2\libcs3micro.a(micro-vector.o)
 .data          0x00000000        0x0 c:/program files (x86)/cypress/psoc creator/2.2/psoc creator/import/gnu_cs/arm/4.4.1/bin/../lib/gcc/arm-none-eabi/4.4.1/../../../../arm-none-eabi/lib/thumb2\libcs3micro.a(micro_isr_interrupt.o)
 .bss           0x00000000        0x0 c:/program files (x86)/cypress/psoc creator/2.2/psoc creator/import/gnu_cs/arm/4.4.1/bin/../lib/gcc/arm-none-eabi/4.4.1/../../../../arm-none-eabi/lib/thumb2\libcs3micro.a(micro_isr_interrupt.o)
 .data          0x00000000        0x0 c:/program files (x86)/cypress/psoc creator/2.2/psoc creator/import/gnu_cs/arm/4.4.1/bin/../lib/gcc/arm-none-eabi/4.4.1/../../../../arm-none-eabi/lib/thumb2\libc.a(lib_a-init.o)
 .bss           0x00000000        0x0 c:/program files (x86)/cypress/psoc creator/2.2/psoc creator/import/gnu_cs/arm/4.4.1/bin/../lib/gcc/arm-none-eabi/4.4.1/../../../../arm-none-eabi/lib/thumb2\libc.a(lib_a-init.o)

Memory Configuration

Name             Origin             Length             Attributes
rom              0x00000000         0x00040000         xr
ram              0x1fff8000         0x0000b000         xrw
*default*        0x00000000         0xffffffff

Linker script and memory map

LOAD c:/program files (x86)/cypress/psoc creator/2.2/psoc creator/import/gnu_cs/arm/4.4.1/bin/../lib/gcc/arm-none-eabi/4.4.1/thumb2/crti.o
LOAD c:/program files (x86)/cypress/psoc creator/2.2/psoc creator/import/gnu_cs/arm/4.4.1/bin/../lib/gcc/arm-none-eabi/4.4.1/thumb2/crtbegin.o
START GROUP
LOAD .\ARM_GCC_441\Debug\main.o
LOAD .\ARM_GCC_441\Debug\Cm3Start.o
LOAD .\ARM_GCC_441\Debug\115_is_cool.a
LOAD c:\program files (x86)\Cypress\psoc creator\2.2\psoc creator\psoc\content\cycomponentlibrary\CyComponentLibrary.cylib\CortexM3\ARM_GCC_441\Debug\CyComponentLibrary.a
END GROUP
START GROUP
LOAD c:/program files (x86)/cypress/psoc creator/2.2/psoc creator/import/gnu_cs/arm/4.4.1/bin/../lib/gcc/arm-none-eabi/4.4.1/thumb2\libgcc.a
LOAD c:/program files (x86)/cypress/psoc creator/2.2/psoc creator/import/gnu_cs/arm/4.4.1/bin/../lib/gcc/arm-none-eabi/4.4.1/../../../../arm-none-eabi/lib/thumb2\libc.a
END GROUP
LOAD c:/program files (x86)/cypress/psoc creator/2.2/psoc creator/import/gnu_cs/arm/4.4.1/bin/../lib/gcc/arm-none-eabi/4.4.1/thumb2/crtend.o
LOAD c:/program files (x86)/cypress/psoc creator/2.2/psoc creator/import/gnu_cs/arm/4.4.1/bin/../lib/gcc/arm-none-eabi/4.4.1/thumb2/crtn.o
START GROUP
LOAD c:/program files (x86)/cypress/psoc creator/2.2/psoc creator/import/gnu_cs/arm/4.4.1/bin/../lib/gcc/arm-none-eabi/4.4.1/thumb2\libgcc.a
LOAD c:/program files (x86)/cypress/psoc creator/2.2/psoc creator/import/gnu_cs/arm/4.4.1/bin/../lib/gcc/arm-none-eabi/4.4.1/../../../../arm-none-eabi/lib/thumb2\libc.a
LOAD c:/program files (x86)/cypress/psoc creator/2.2/psoc creator/import/gnu_cs/arm/4.4.1/bin/../lib/gcc/arm-none-eabi/4.4.1/../../../../arm-none-eabi/lib/thumb2\libcs3.a
LOAD c:/program files (x86)/cypress/psoc creator/2.2/psoc creator/import/gnu_cs/arm/4.4.1/bin/../lib/gcc/arm-none-eabi/4.4.1/../../../../arm-none-eabi/lib/thumb2\libcs3unhosted.a
LOAD c:/program files (x86)/cypress/psoc creator/2.2/psoc creator/import/gnu_cs/arm/4.4.1/bin/../lib/gcc/arm-none-eabi/4.4.1/../../../../arm-none-eabi/lib/thumb2\libcs3micro.a
END GROUP
                0x1fff8120                PROVIDE (__cs3_heap_start, _end)
                0x00000001                PROVIDE (__cs3_region_num, ((__cs3_regions_end - __cs3_regions) / 0x14))
                0x20008000                PROVIDE (__cs3_stack, 0x20008000)
                0x20004000                PROVIDE (__cs3_heap_end, (__cs3_stack - 0x4000))

.text           0x00000000      0xe18
 CREATE_OBJECT_SYMBOLS
                0x00000000                __cs3_interrupt_vector = __cs3_interrupt_vector_micro
 *(.cs3.interrupt_vector)
 .cs3.interrupt_vector
                0x00000000       0xc0 c:/program files (x86)/cypress/psoc creator/2.2/psoc creator/import/gnu_cs/arm/4.4.1/bin/../lib/gcc/arm-none-eabi/4.4.1/../../../../arm-none-eabi/lib/thumb2\libcs3micro.a(micro-vector.o)
                0x00000000                __cs3_interrupt_vector_micro
                0x00000001                ASSERT ((. != __cs3_interrupt_vector_micro), No interrupt vector)
                0x000004b8                PROVIDE (__cs3_reset, Reset)
 *(.cs3.reset)
                0x00000001                ASSERT ((. != __cs3_reset), No reset code)
 *(.dma_init)
                0x00000001                ASSERT ((((0x0 + .) <= 0x10000) || 0x1), DMA Init must be within the first 64k of flash)
 *(.text.cs3.init)
 .text.cs3.init
                0x000000c0       0x5c c:/program files (x86)/cypress/psoc creator/2.2/psoc creator/import/gnu_cs/arm/4.4.1/bin/../lib/gcc/arm-none-eabi/4.4.1/../../../../arm-none-eabi/lib/thumb2\libcs3.a(start_c.o)
                0x000000c0                __cs3_start_c
 *(.text .text.* .gnu.linkonce.t.*)
 .text          0x0000011c       0x30 c:/program files (x86)/cypress/psoc creator/2.2/psoc creator/import/gnu_cs/arm/4.4.1/bin/../lib/gcc/arm-none-eabi/4.4.1/thumb2/crtbegin.o
 .text.main     0x0000014c      0x1a8 .\ARM_GCC_441\Debug\main.o
                0x0000014c                main
 .text.DigitLED_Write
                0x000002f4       0x9c .\ARM_GCC_441\Debug\main.o
                0x000002f4                DigitLED_Write
 .text.DigitLED_WriteHex
                0x00000390      0x128 .\ARM_GCC_441\Debug\main.o
                0x00000390                DigitLED_WriteHex
 .text.Reset    0x000004b8       0x24 .\ARM_GCC_441\Debug\Cm3Start.o
                0x000004b8                Reset
 .text.initialize_psoc
                0x000004dc       0x9c .\ARM_GCC_441\Debug\Cm3Start.o
                0x000004dc                initialize_psoc
 .text.CyDelay  0x00000578       0x48 .\ARM_GCC_441\Debug\115_is_cool.a(CyLib.o)
                0x00000578                CyDelay
 .text.A_Write  0x000005c0       0x44 .\ARM_GCC_441\Debug\115_is_cool.a(A.o)
                0x000005c0                A_Write
 .text.B_Write  0x00000604       0x44 .\ARM_GCC_441\Debug\115_is_cool.a(B.o)
                0x00000604                B_Write
 .text.C_Write  0x00000648       0x44 .\ARM_GCC_441\Debug\115_is_cool.a(C.o)
                0x00000648                C_Write
 .text.D_Write  0x0000068c       0x44 .\ARM_GCC_441\Debug\115_is_cool.a(D.o)
                0x0000068c                D_Write
 .text.E_Write  0x000006d0       0x44 .\ARM_GCC_441\Debug\115_is_cool.a(E.o)
                0x000006d0                E_Write
 .text.F_Write  0x00000714       0x44 .\ARM_GCC_441\Debug\115_is_cool.a(F.o)
                0x00000714                F_Write
 .text.G_Write  0x00000758       0x40 .\ARM_GCC_441\Debug\115_is_cool.a(G.o)
                0x00000758                G_Write
 .text.P_Write  0x00000798       0x40 .\ARM_GCC_441\Debug\115_is_cool.a(P.o)
                0x00000798                P_Write
 .text.CYMEMZERO
                0x000007d8       0x20 .\ARM_GCC_441\Debug\115_is_cool.a(cyfitter_cfg.o)
 .text.CYCONFIGCPY
                0x000007f8       0x20 .\ARM_GCC_441\Debug\115_is_cool.a(cyfitter_cfg.o)
 .text.ClockSetup
                0x00000818      0x10c .\ARM_GCC_441\Debug\115_is_cool.a(cyfitter_cfg.o)
 .text.AnalogSetDefault
                0x00000924       0x4c .\ARM_GCC_441\Debug\115_is_cool.a(cyfitter_cfg.o)
 .text.cyfitter_cfg
                0x00000970      0x19c .\ARM_GCC_441\Debug\115_is_cool.a(cyfitter_cfg.o)
                0x00000970                cyfitter_cfg
 *fill*         0x00000b0c        0x4 00
 .text          0x00000b10       0x20 .\ARM_GCC_441\Debug\115_is_cool.a(CyBootAsmGnu.o)
                0x00000b10                CyDelayCycles
                0x00000b20                CyEnterCriticalSection
                0x00000b28                CyExitCriticalSection
 .text          0x00000b30      0x190 c:/program files (x86)/cypress/psoc creator/2.2/psoc creator/import/gnu_cs/arm/4.4.1/bin/../lib/gcc/arm-none-eabi/4.4.1/../../../../arm-none-eabi/lib/thumb2\libc.a(lib_a-memcpy.o)
                0x00000b30                memcpy
 .text          0x00000cc0       0xd4 c:/program files (x86)/cypress/psoc creator/2.2/psoc creator/import/gnu_cs/arm/4.4.1/bin/../lib/gcc/arm-none-eabi/4.4.1/../../../../arm-none-eabi/lib/thumb2\libc.a(lib_a-memset.o)
                0x00000cc0                memset
 .text          0x00000d94       0x30 c:/program files (x86)/cypress/psoc creator/2.2/psoc creator/import/gnu_cs/arm/4.4.1/bin/../lib/gcc/arm-none-eabi/4.4.1/../../../../arm-none-eabi/lib/thumb2\libcs3.a(start_c.o)
                0x00000d94                __cs3_premain
 .text          0x00000dc4        0x2 c:/program files (x86)/cypress/psoc creator/2.2/psoc creator/import/gnu_cs/arm/4.4.1/bin/../lib/gcc/arm-none-eabi/4.4.1/../../../../arm-none-eabi/lib/thumb2\libcs3micro.a(micro_isr_interrupt.o)
                0x00000dc4                __cs3_isr_external_24
                0x00000dc4                __cs3_isr_external_9
                0x00000dc4                __cs3_isr_external_14
                0x00000dc4                __cs3_isr_reserved_9
                0x00000dc4                __cs3_isr_external_4
                0x00000dc4                __cs3_isr_external_21
                0x00000dc4                __cs3_isr_external_0
                0x00000dc4                __cs3_isr_external_27
                0x00000dc4                __cs3_isr_external_11
                0x00000dc4                __cs3_isr_usage_fault
                0x00000dc4                __cs3_isr_svcall
                0x00000dc4                __cs3_isr_external_3
                0x00000dc4                __cs3_isr_mpu_fault
                0x00000dc4                __cs3_isr_external_16
                0x00000dc4                __cs3_isr_pendsv
                0x00000dc4                __cs3_isr_external_31
                0x00000dc4                __cs3_isr_nmi
                0x00000dc4                __cs3_isr_external_5
                0x00000dc4                __cs3_isr_external_6
                0x00000dc4                __cs3_isr_external_12
                0x00000dc4                __cs3_isr_hard_fault
                0x00000dc4                __cs3_isr_bus_fault
                0x00000dc4                __cs3_isr_external_1
                0x00000dc4                __cs3_isr_external_13
                0x00000dc4                __cs3_isr_external_30
                0x00000dc4                __cs3_isr_external_23
                0x00000dc4                __cs3_isr_external_20
                0x00000dc4                __cs3_isr_debug
                0x00000dc4                __cs3_isr_reserved_13
                0x00000dc4                __cs3_isr_external_8
                0x00000dc4                __cs3_isr_external_26
                0x00000dc4                __cs3_isr_reserved_8
                0x00000dc4                __cs3_isr_reserved_7
                0x00000dc4                __cs3_isr_external_7
                0x00000dc4                __cs3_isr_external_28
                0x00000dc4                __cs3_isr_systick
                0x00000dc4                __cs3_isr_external_22
                0x00000dc4                __cs3_isr_external_10
                0x00000dc4                __cs3_isr_external_15
                0x00000dc4                __cs3_isr_interrupt
                0x00000dc4                __cs3_isr_external_18
                0x00000dc4                __cs3_isr_external_29
                0x00000dc4                __cs3_isr_external_25
                0x00000dc4                __cs3_isr_reserved_10
                0x00000dc4                __cs3_isr_external_2
                0x00000dc4                __cs3_isr_external_17
                0x00000dc4                __cs3_isr_external_19
 *fill*         0x00000dc6        0x2 00
 .text          0x00000dc8       0x50 c:/program files (x86)/cypress/psoc creator/2.2/psoc creator/import/gnu_cs/arm/4.4.1/bin/../lib/gcc/arm-none-eabi/4.4.1/../../../../arm-none-eabi/lib/thumb2\libc.a(lib_a-init.o)
                0x00000dc8                __libc_init_array
 *(.plt)
 *(.gnu.warning)
 *(.glue_7t)
 .glue_7t       0x00000000        0x0 linker stubs
 *(.glue_7)
 .glue_7        0x00000000        0x0 linker stubs
 *(.vfp11_veneer)
 .vfp11_veneer  0x00000000        0x0 linker stubs
 *(.bootloader)
 *(.ARM.extab* .gnu.linkonce.armextab.*)
 *(.gcc_except_table)

.v4_bx          0x00000e18        0x0
 .v4_bx         0x00000000        0x0 linker stubs

.eh_frame_hdr
 *(.eh_frame_hdr)

.eh_frame
 *(.eh_frame)
                0x00000e18                PROVIDE (__exidx_start, .)

.ARM.exidx
 *(.ARM.exidx* .gnu.linkonce.armexidx.*)
                0x00000e18                __exidx_end = .

.rodata         0x00000e18       0x68
 *(.rodata .rodata.* .gnu.linkonce.r.*)
 .rodata        0x00000e18       0x30 .\ARM_GCC_441\Debug\115_is_cool.a(cyfitter_cfg.o)
                0x00000e48                . = ALIGN (0x4)
 *(.init)
 .init          0x00000e48        0x4 c:/program files (x86)/cypress/psoc creator/2.2/psoc creator/import/gnu_cs/arm/4.4.1/bin/../lib/gcc/arm-none-eabi/4.4.1/thumb2/crti.o
                0x00000e48                _init
 .init          0x00000e4c        0x8 c:/program files (x86)/cypress/psoc creator/2.2/psoc creator/import/gnu_cs/arm/4.4.1/bin/../lib/gcc/arm-none-eabi/4.4.1/thumb2/crtn.o
                0x00000e54                . = ALIGN (0x4)
                0x00000e54                __preinit_array_start = .
 *(.preinit_array)
                0x00000e54                __preinit_array_end = .
                0x00000e54                . = ALIGN (0x4)
                0x00000e54                __init_array_start = .
 *(SORT(.init_array.*))
 *(.init_array)
 .init_array    0x00000e54        0x4 c:/program files (x86)/cypress/psoc creator/2.2/psoc creator/import/gnu_cs/arm/4.4.1/bin/../lib/gcc/arm-none-eabi/4.4.1/thumb2/crtbegin.o
 .init_array    0x00000e58        0x4 .\ARM_GCC_441\Debug\Cm3Start.o
                0x00000e5c                __init_array_end = .
                0x00000e5c                . = ALIGN (0x4)
 *(.fini)
 .fini          0x00000e5c        0x4 c:/program files (x86)/cypress/psoc creator/2.2/psoc creator/import/gnu_cs/arm/4.4.1/bin/../lib/gcc/arm-none-eabi/4.4.1/thumb2/crti.o
                0x00000e5c                _fini
 .fini          0x00000e60        0x8 c:/program files (x86)/cypress/psoc creator/2.2/psoc creator/import/gnu_cs/arm/4.4.1/bin/../lib/gcc/arm-none-eabi/4.4.1/thumb2/crtn.o
                0x00000e68                . = ALIGN (0x4)
                0x00000e68                __fini_array_start = .
 *(.fini_array)
 .fini_array    0x00000e68        0x4 c:/program files (x86)/cypress/psoc creator/2.2/psoc creator/import/gnu_cs/arm/4.4.1/bin/../lib/gcc/arm-none-eabi/4.4.1/thumb2/crtbegin.o
 *(SORT(.fini_array.*))
                0x00000e6c                __fini_array_end = .
                0x00000e6c                . = ALIGN (0x4)
 *crtbegin.o(.ctors)
 *(EXCLUDE_FILE(*crtend.o) .ctors)
 *(SORT(.ctors.*))
 *crtend.o(.ctors)
                0x00000e6c                . = ALIGN (0x4)
 *crtbegin.o(.dtors)
 *(EXCLUDE_FILE(*crtend.o) .dtors)
 *(SORT(.dtors.*))
 *crtend.o(.dtors)
                0x00000e6c                . = ALIGN (0x4)
                0x00000e6c                __cs3_regions = .
                0x00000e6c        0x4 LONG 0x0
                0x00000e70        0x4 LONG 0xe80 __cs3_region_init_ram
                0x00000e74        0x4 LONG 0x1fff8000 __cs3_region_start_ram
                0x00000e78        0x4 LONG 0x118 __cs3_region_init_size_ram
                0x00000e7c        0x4 LONG 0x8 __cs3_region_zero_size_ram
                0x00000e80                __cs3_regions_end = .
                0x00000e80                . = ALIGN (0x8)
                0x00000e80                _etext = .

.data           0x1fff8000      0x118 load address 0x00000e80
                0x1fff8000                __cs3_region_start_ram = .
 *(.cs3.region-head.ram)
                0x1fff8001                ASSERT ((. == __cs3_region_start_ram), .cs3.region-head.ram not permitted)
 *(.ramvectors)
 .ramvectors    0x1fff8000      0x100 .\ARM_GCC_441\Debug\Cm3Start.o
                0x1fff8000                CyRamVectors
 *(.jcr)
 .jcr           0x1fff8100        0x0 c:/program files (x86)/cypress/psoc creator/2.2/psoc creator/import/gnu_cs/arm/4.4.1/bin/../lib/gcc/arm-none-eabi/4.4.1/thumb2/crtbegin.o
 .jcr           0x1fff8100        0x4 c:/program files (x86)/cypress/psoc creator/2.2/psoc creator/import/gnu_cs/arm/4.4.1/bin/../lib/gcc/arm-none-eabi/4.4.1/thumb2/crtend.o
 *(.got.plt)
 *(.got)
 *(.shdata)
 *(.data .data.* .gnu.linkonce.d.*)
 .data          0x1fff8104       0x10 .\ARM_GCC_441\Debug\115_is_cool.a(CyLib.o)
                0x1fff8104                cydelay_freq_hz
                0x1fff8108                cydelay_freq_khz
                0x1fff810c                cydelay_freq_mhz
                0x1fff8110                cydelay_32k_ms
                0x1fff8118                . = ALIGN (0x8)
 *fill*         0x1fff8114        0x4 00
 *(.ram)
                0x1fff8118                _edata = .

.bss            0x1fff8118        0x8 load address 0x00000f98
 *(.shbss)
 *(.bss .bss.* .gnu.linkonce.b.*)
 .bss           0x1fff8118        0x1 c:/program files (x86)/cypress/psoc creator/2.2/psoc creator/import/gnu_cs/arm/4.4.1/bin/../lib/gcc/arm-none-eabi/4.4.1/thumb2/crtbegin.o
 *(COMMON)
 COMMON         0x1fff8119        0x1 .\ARM_GCC_441\Debug\115_is_cool.a(CyLib.o)
                0x1fff8119                CyResetStatus
                0x1fff8120                . = ALIGN (0x8)
 *fill*         0x1fff811a        0x6 00
 *(.ram.b)
                0x1fff8120                _end = .
                0x1fff8120                __end = .
                0x20003000                __cs3_region_end_ram = (__cs3_region_start_ram + 0xb000)
                0x0000b000                __cs3_region_size_ram = 0xb000
                0x00000e80                __cs3_region_init_ram = LOADADDR (.data)
                0x00000118                __cs3_region_init_size_ram = (_edata - ADDR (.data))
                0x00000008                __cs3_region_zero_size_ram = (_end - _edata)

.stab
 *(.stab)

.stabstr
 *(.stabstr)

.debug
 *(.debug)

.line
 *(.line)

.debug_srcinfo
 *(.debug_srcinfo)

.debug_sfnames
 *(.debug_sfnames)

.comment        0x00000000      0x285
 .comment       0x00000000       0x2b .\ARM_GCC_441\Debug\main.o
 .comment       0x0000002b       0x2b .\ARM_GCC_441\Debug\Cm3Start.o
 .comment       0x00000056       0x2b .\ARM_GCC_441\Debug\115_is_cool.a(CyLib.o)
 .comment       0x00000081       0x2b .\ARM_GCC_441\Debug\115_is_cool.a(cyPm.o)
 .comment       0x000000ac       0x2b .\ARM_GCC_441\Debug\115_is_cool.a(A.o)
 .comment       0x000000d7       0x2b .\ARM_GCC_441\Debug\115_is_cool.a(B.o)
 .comment       0x00000102       0x2b .\ARM_GCC_441\Debug\115_is_cool.a(C.o)
 .comment       0x0000012d       0x2b .\ARM_GCC_441\Debug\115_is_cool.a(D.o)
 .comment       0x00000158       0x2b .\ARM_GCC_441\Debug\115_is_cool.a(E.o)
 .comment       0x00000183       0x2b .\ARM_GCC_441\Debug\115_is_cool.a(F.o)
 .comment       0x000001ae       0x2b .\ARM_GCC_441\Debug\115_is_cool.a(G.o)
 .comment       0x000001d9       0x2b .\ARM_GCC_441\Debug\115_is_cool.a(P.o)
 .comment       0x00000204       0x2b .\ARM_GCC_441\Debug\115_is_cool.a(cyfitter_cfg.o)
 .comment       0x0000022f       0x2b .\ARM_GCC_441\Debug\115_is_cool.a(CyFlash.o)
 .comment       0x0000025a       0x2b .\ARM_GCC_441\Debug\115_is_cool.a(CySpc.o)

.debug_aranges  0x00000000      0x628
 *(.debug_aranges)
 .debug_aranges
                0x00000000       0x30 .\ARM_GCC_441\Debug\main.o
 .debug_aranges
                0x00000030       0x30 .\ARM_GCC_441\Debug\Cm3Start.o
 .debug_aranges
                0x00000060      0x218 .\ARM_GCC_441\Debug\115_is_cool.a(CyLib.o)
 .debug_aranges
                0x00000278       0xa0 .\ARM_GCC_441\Debug\115_is_cool.a(cyPm.o)
 .debug_aranges
                0x00000318       0x38 .\ARM_GCC_441\Debug\115_is_cool.a(A.o)
 .debug_aranges
                0x00000350       0x38 .\ARM_GCC_441\Debug\115_is_cool.a(B.o)
 .debug_aranges
                0x00000388       0x38 .\ARM_GCC_441\Debug\115_is_cool.a(C.o)
 .debug_aranges
                0x000003c0       0x38 .\ARM_GCC_441\Debug\115_is_cool.a(D.o)
 .debug_aranges
                0x000003f8       0x38 .\ARM_GCC_441\Debug\115_is_cool.a(E.o)
 .debug_aranges
                0x00000430       0x38 .\ARM_GCC_441\Debug\115_is_cool.a(F.o)
 .debug_aranges
                0x00000468       0x38 .\ARM_GCC_441\Debug\115_is_cool.a(G.o)
 .debug_aranges
                0x000004a0       0x38 .\ARM_GCC_441\Debug\115_is_cool.a(P.o)
 .debug_aranges
                0x000004d8       0x50 .\ARM_GCC_441\Debug\115_is_cool.a(cyfitter_cfg.o)
 .debug_aranges
                0x00000528       0x20 .\ARM_GCC_441\Debug\115_is_cool.a(CyBootAsmGnu.o)
 .debug_aranges
                0x00000548       0x78 .\ARM_GCC_441\Debug\115_is_cool.a(CyFlash.o)
 .debug_aranges
                0x000005c0       0x68 .\ARM_GCC_441\Debug\115_is_cool.a(CySpc.o)

.debug_pubnames
                0x00000000      0xb51
 *(.debug_pubnames)
 .debug_pubnames
                0x00000000       0x44 .\ARM_GCC_441\Debug\main.o
 .debug_pubnames
                0x00000044       0x57 .\ARM_GCC_441\Debug\Cm3Start.o
 .debug_pubnames
                0x0000009b      0x57a .\ARM_GCC_441\Debug\115_is_cool.a(CyLib.o)
 .debug_pubnames
                0x00000615       0xbb .\ARM_GCC_441\Debug\115_is_cool.a(cyPm.o)
 .debug_pubnames
                0x000006d0       0x4e .\ARM_GCC_441\Debug\115_is_cool.a(A.o)
 .debug_pubnames
                0x0000071e       0x4e .\ARM_GCC_441\Debug\115_is_cool.a(B.o)
 .debug_pubnames
                0x0000076c       0x4e .\ARM_GCC_441\Debug\115_is_cool.a(C.o)
 .debug_pubnames
                0x000007ba       0x4e .\ARM_GCC_441\Debug\115_is_cool.a(D.o)
 .debug_pubnames
                0x00000808       0x4e .\ARM_GCC_441\Debug\115_is_cool.a(E.o)
 .debug_pubnames
                0x00000856       0x4e .\ARM_GCC_441\Debug\115_is_cool.a(F.o)
 .debug_pubnames
                0x000008a4       0x4e .\ARM_GCC_441\Debug\115_is_cool.a(G.o)
 .debug_pubnames
                0x000008f2       0x4e .\ARM_GCC_441\Debug\115_is_cool.a(P.o)
 .debug_pubnames
                0x00000940       0x3d .\ARM_GCC_441\Debug\115_is_cool.a(cyfitter_cfg.o)
 .debug_pubnames
                0x0000097d      0x104 .\ARM_GCC_441\Debug\115_is_cool.a(CyFlash.o)
 .debug_pubnames
                0x00000a81       0xd0 .\ARM_GCC_441\Debug\115_is_cool.a(CySpc.o)

.debug_info     0x00000000     0x2760
 *(.debug_info .gnu.linkonce.wi.*)
 .debug_info    0x00000000       0xfe .\ARM_GCC_441\Debug\main.o
 .debug_info    0x000000fe      0x13e .\ARM_GCC_441\Debug\Cm3Start.o
 .debug_info    0x0000023c      0xc71 .\ARM_GCC_441\Debug\115_is_cool.a(CyLib.o)
 .debug_info    0x00000ead      0x5ac .\ARM_GCC_441\Debug\115_is_cool.a(cyPm.o)
 .debug_info    0x00001459      0x120 .\ARM_GCC_441\Debug\115_is_cool.a(A.o)
 .debug_info    0x00001579      0x120 .\ARM_GCC_441\Debug\115_is_cool.a(B.o)
 .debug_info    0x00001699      0x120 .\ARM_GCC_441\Debug\115_is_cool.a(C.o)
 .debug_info    0x000017b9      0x120 .\ARM_GCC_441\Debug\115_is_cool.a(D.o)
 .debug_info    0x000018d9      0x120 .\ARM_GCC_441\Debug\115_is_cool.a(E.o)
 .debug_info    0x000019f9      0x120 .\ARM_GCC_441\Debug\115_is_cool.a(F.o)
 .debug_info    0x00001b19      0x120 .\ARM_GCC_441\Debug\115_is_cool.a(G.o)
 .debug_info    0x00001c39      0x120 .\ARM_GCC_441\Debug\115_is_cool.a(P.o)
 .debug_info    0x00001d59      0x2b1 .\ARM_GCC_441\Debug\115_is_cool.a(cyfitter_cfg.o)
 .debug_info    0x0000200a       0x83 .\ARM_GCC_441\Debug\115_is_cool.a(CyBootAsmGnu.o)
 .debug_info    0x0000208d      0x334 .\ARM_GCC_441\Debug\115_is_cool.a(CyFlash.o)
 .debug_info    0x000023c1      0x39f .\ARM_GCC_441\Debug\115_is_cool.a(CySpc.o)

.debug_abbrev   0x00000000      0xbd8
 *(.debug_abbrev)
 .debug_abbrev  0x00000000       0x86 .\ARM_GCC_441\Debug\main.o
 .debug_abbrev  0x00000086       0xd6 .\ARM_GCC_441\Debug\Cm3Start.o
 .debug_abbrev  0x0000015c      0x182 .\ARM_GCC_441\Debug\115_is_cool.a(CyLib.o)
 .debug_abbrev  0x000002de      0x14d .\ARM_GCC_441\Debug\115_is_cool.a(cyPm.o)
 .debug_abbrev  0x0000042b       0x85 .\ARM_GCC_441\Debug\115_is_cool.a(A.o)
 .debug_abbrev  0x000004b0       0x85 .\ARM_GCC_441\Debug\115_is_cool.a(B.o)
 .debug_abbrev  0x00000535       0x85 .\ARM_GCC_441\Debug\115_is_cool.a(C.o)
 .debug_abbrev  0x000005ba       0x85 .\ARM_GCC_441\Debug\115_is_cool.a(D.o)
 .debug_abbrev  0x0000063f       0x85 .\ARM_GCC_441\Debug\115_is_cool.a(E.o)
 .debug_abbrev  0x000006c4       0x85 .\ARM_GCC_441\Debug\115_is_cool.a(F.o)
 .debug_abbrev  0x00000749       0x85 .\ARM_GCC_441\Debug\115_is_cool.a(G.o)
 .debug_abbrev  0x000007ce       0x85 .\ARM_GCC_441\Debug\115_is_cool.a(P.o)
 .debug_abbrev  0x00000853      0x119 .\ARM_GCC_441\Debug\115_is_cool.a(cyfitter_cfg.o)
 .debug_abbrev  0x0000096c       0x14 .\ARM_GCC_441\Debug\115_is_cool.a(CyBootAsmGnu.o)
 .debug_abbrev  0x00000980      0x14a .\ARM_GCC_441\Debug\115_is_cool.a(CyFlash.o)
 .debug_abbrev  0x00000aca      0x10e .\ARM_GCC_441\Debug\115_is_cool.a(CySpc.o)

.debug_line     0x00000000     0x15bf
 *(.debug_line)
 .debug_line    0x00000000       0xe1 .\ARM_GCC_441\Debug\main.o
 .debug_line    0x000000e1       0xb4 .\ARM_GCC_441\Debug\Cm3Start.o
 .debug_line    0x00000195      0x659 .\ARM_GCC_441\Debug\115_is_cool.a(CyLib.o)
 .debug_line    0x000007ee      0x346 .\ARM_GCC_441\Debug\115_is_cool.a(cyPm.o)
 .debug_line    0x00000b34       0xac .\ARM_GCC_441\Debug\115_is_cool.a(A.o)
 .debug_line    0x00000be0       0xac .\ARM_GCC_441\Debug\115_is_cool.a(B.o)
 .debug_line    0x00000c8c       0xac .\ARM_GCC_441\Debug\115_is_cool.a(C.o)
 .debug_line    0x00000d38       0xac .\ARM_GCC_441\Debug\115_is_cool.a(D.o)
 .debug_line    0x00000de4       0xac .\ARM_GCC_441\Debug\115_is_cool.a(E.o)
 .debug_line    0x00000e90       0xac .\ARM_GCC_441\Debug\115_is_cool.a(F.o)
 .debug_line    0x00000f3c       0xac .\ARM_GCC_441\Debug\115_is_cool.a(G.o)
 .debug_line    0x00000fe8       0xac .\ARM_GCC_441\Debug\115_is_cool.a(P.o)
 .debug_line    0x00001094      0x1a3 .\ARM_GCC_441\Debug\115_is_cool.a(cyfitter_cfg.o)
 .debug_line    0x00001237       0x67 .\ARM_GCC_441\Debug\115_is_cool.a(CyBootAsmGnu.o)
 .debug_line    0x0000129e      0x194 .\ARM_GCC_441\Debug\115_is_cool.a(CyFlash.o)
 .debug_line    0x00001432      0x18d .\ARM_GCC_441\Debug\115_is_cool.a(CySpc.o)

.debug_frame    0x00000000     0x12ac
 *(.debug_frame)
 .debug_frame   0x00000000       0x6c .\ARM_GCC_441\Debug\main.o
 .debug_frame   0x0000006c       0x5c .\ARM_GCC_441\Debug\Cm3Start.o
 .debug_frame   0x000000c8      0x778 .\ARM_GCC_441\Debug\115_is_cool.a(CyLib.o)
 .debug_frame   0x00000840      0x208 .\ARM_GCC_441\Debug\115_is_cool.a(cyPm.o)
 .debug_frame   0x00000a48       0x80 .\ARM_GCC_441\Debug\115_is_cool.a(A.o)
 .debug_frame   0x00000ac8       0x80 .\ARM_GCC_441\Debug\115_is_cool.a(B.o)
 .debug_frame   0x00000b48       0x80 .\ARM_GCC_441\Debug\115_is_cool.a(C.o)
 .debug_frame   0x00000bc8       0x80 .\ARM_GCC_441\Debug\115_is_cool.a(D.o)
 .debug_frame   0x00000c48       0x80 .\ARM_GCC_441\Debug\115_is_cool.a(E.o)
 .debug_frame   0x00000cc8       0x80 .\ARM_GCC_441\Debug\115_is_cool.a(F.o)
 .debug_frame   0x00000d48       0x80 .\ARM_GCC_441\Debug\115_is_cool.a(G.o)
 .debug_frame   0x00000dc8       0x80 .\ARM_GCC_441\Debug\115_is_cool.a(P.o)
 .debug_frame   0x00000e48       0xe8 .\ARM_GCC_441\Debug\115_is_cool.a(cyfitter_cfg.o)
 .debug_frame   0x00000f30      0x178 .\ARM_GCC_441\Debug\115_is_cool.a(CyFlash.o)
 .debug_frame   0x000010a8      0x13c .\ARM_GCC_441\Debug\115_is_cool.a(CySpc.o)
 .debug_frame   0x000011e4       0x34 c:/program files (x86)/cypress/psoc creator/2.2/psoc creator/import/gnu_cs/arm/4.4.1/bin/../lib/gcc/arm-none-eabi/4.4.1/../../../../arm-none-eabi/lib/thumb2\libc.a(lib_a-memcpy.o)
 .debug_frame   0x00001218       0x28 c:/program files (x86)/cypress/psoc creator/2.2/psoc creator/import/gnu_cs/arm/4.4.1/bin/../lib/gcc/arm-none-eabi/4.4.1/../../../../arm-none-eabi/lib/thumb2\libc.a(lib_a-memset.o)
 .debug_frame   0x00001240       0x40 c:/program files (x86)/cypress/psoc creator/2.2/psoc creator/import/gnu_cs/arm/4.4.1/bin/../lib/gcc/arm-none-eabi/4.4.1/../../../../arm-none-eabi/lib/thumb2\libcs3.a(start_c.o)
 .debug_frame   0x00001280       0x2c c:/program files (x86)/cypress/psoc creator/2.2/psoc creator/import/gnu_cs/arm/4.4.1/bin/../lib/gcc/arm-none-eabi/4.4.1/../../../../arm-none-eabi/lib/thumb2\libc.a(lib_a-init.o)

.debug_str      0x00000000     0x109e
 *(.debug_str)
 .debug_str     0x00000000       0xd7 .\ARM_GCC_441\Debug\main.o
                                0x110 (size before relaxing)
 .debug_str     0x000000d7       0x92 .\ARM_GCC_441\Debug\Cm3Start.o
                                0x16c (size before relaxing)
 .debug_str     0x00000169      0x657 .\ARM_GCC_441\Debug\115_is_cool.a(CyLib.o)
                                0x762 (size before relaxing)
 .debug_str     0x000007c0      0x372 .\ARM_GCC_441\Debug\115_is_cool.a(cyPm.o)
                                0x477 (size before relaxing)
 .debug_str     0x00000b32       0x5a .\ARM_GCC_441\Debug\115_is_cool.a(A.o)
                                0x139 (size before relaxing)
 .debug_str     0x00000b8c       0x49 .\ARM_GCC_441\Debug\115_is_cool.a(B.o)
                                0x139 (size before relaxing)
 .debug_str     0x00000bd5       0x49 .\ARM_GCC_441\Debug\115_is_cool.a(C.o)
                                0x139 (size before relaxing)
 .debug_str     0x00000c1e       0x41 .\ARM_GCC_441\Debug\115_is_cool.a(D.o)
                                0x139 (size before relaxing)
 .debug_str     0x00000c5f       0x49 .\ARM_GCC_441\Debug\115_is_cool.a(E.o)
                                0x139 (size before relaxing)
 .debug_str     0x00000ca8       0x49 .\ARM_GCC_441\Debug\115_is_cool.a(F.o)
                                0x139 (size before relaxing)
 .debug_str     0x00000cf1       0x49 .\ARM_GCC_441\Debug\115_is_cool.a(G.o)
                                0x139 (size before relaxing)
 .debug_str     0x00000d3a       0x49 .\ARM_GCC_441\Debug\115_is_cool.a(P.o)
                                0x139 (size before relaxing)
 .debug_str     0x00000d83       0xe6 .\ARM_GCC_441\Debug\115_is_cool.a(cyfitter_cfg.o)
                                0x1de (size before relaxing)
 .debug_str     0x00000e69      0x137 .\ARM_GCC_441\Debug\115_is_cool.a(CyFlash.o)
                                0x243 (size before relaxing)
 .debug_str     0x00000fa0       0xfe .\ARM_GCC_441\Debug\115_is_cool.a(CySpc.o)
                                0x212 (size before relaxing)

.debug_loc      0x00000000     0x1cdd
 *(.debug_loc)
 .debug_loc     0x00000000       0x99 .\ARM_GCC_441\Debug\main.o
 .debug_loc     0x00000099       0x62 .\ARM_GCC_441\Debug\Cm3Start.o
 .debug_loc     0x000000fb      0xca0 .\ARM_GCC_441\Debug\115_is_cool.a(CyLib.o)
 .debug_loc     0x00000d9b      0x32f .\ARM_GCC_441\Debug\115_is_cool.a(cyPm.o)
 .debug_loc     0x000010ca       0xc4 .\ARM_GCC_441\Debug\115_is_cool.a(A.o)
 .debug_loc     0x0000118e       0xc4 .\ARM_GCC_441\Debug\115_is_cool.a(B.o)
 .debug_loc     0x00001252       0xc4 .\ARM_GCC_441\Debug\115_is_cool.a(C.o)
 .debug_loc     0x00001316       0xc4 .\ARM_GCC_441\Debug\115_is_cool.a(D.o)
 .debug_loc     0x000013da       0xc4 .\ARM_GCC_441\Debug\115_is_cool.a(E.o)
 .debug_loc     0x0000149e       0xc4 .\ARM_GCC_441\Debug\115_is_cool.a(F.o)
 .debug_loc     0x00001562       0xc4 .\ARM_GCC_441\Debug\115_is_cool.a(G.o)
 .debug_loc     0x00001626       0xc4 .\ARM_GCC_441\Debug\115_is_cool.a(P.o)
 .debug_loc     0x000016ea      0x181 .\ARM_GCC_441\Debug\115_is_cool.a(cyfitter_cfg.o)
 .debug_loc     0x0000186b      0x24c .\ARM_GCC_441\Debug\115_is_cool.a(CyFlash.o)
 .debug_loc     0x00001ab7      0x226 .\ARM_GCC_441\Debug\115_is_cool.a(CySpc.o)

.debug_macinfo
 *(.debug_macinfo)

.debug_ranges   0x00000000      0x590
 *(.debug_ranges)
 .debug_ranges  0x00000000       0x28 .\ARM_GCC_441\Debug\main.o
 .debug_ranges  0x00000028       0x28 .\ARM_GCC_441\Debug\Cm3Start.o
 .debug_ranges  0x00000050      0x210 .\ARM_GCC_441\Debug\115_is_cool.a(CyLib.o)
 .debug_ranges  0x00000260       0x98 .\ARM_GCC_441\Debug\115_is_cool.a(cyPm.o)
 .debug_ranges  0x000002f8       0x30 .\ARM_GCC_441\Debug\115_is_cool.a(A.o)
 .debug_ranges  0x00000328       0x30 .\ARM_GCC_441\Debug\115_is_cool.a(B.o)
 .debug_ranges  0x00000358       0x30 .\ARM_GCC_441\Debug\115_is_cool.a(C.o)
 .debug_ranges  0x00000388       0x30 .\ARM_GCC_441\Debug\115_is_cool.a(D.o)
 .debug_ranges  0x000003b8       0x30 .\ARM_GCC_441\Debug\115_is_cool.a(E.o)
 .debug_ranges  0x000003e8       0x30 .\ARM_GCC_441\Debug\115_is_cool.a(F.o)
 .debug_ranges  0x00000418       0x30 .\ARM_GCC_441\Debug\115_is_cool.a(G.o)
 .debug_ranges  0x00000448       0x30 .\ARM_GCC_441\Debug\115_is_cool.a(P.o)
 .debug_ranges  0x00000478       0x48 .\ARM_GCC_441\Debug\115_is_cool.a(cyfitter_cfg.o)
 .debug_ranges  0x000004c0       0x70 .\ARM_GCC_441\Debug\115_is_cool.a(CyFlash.o)
 .debug_ranges  0x00000530       0x60 .\ARM_GCC_441\Debug\115_is_cool.a(CySpc.o)

.debug_weaknames
 *(.debug_weaknames)

.debug_funcnames
 *(.debug_funcnames)

.debug_typenames
 *(.debug_typenames)

.debug_varnames
 *(.debug_varnames)

.note.gnu.arm.ident
 *(.note.gnu.arm.ident)

.ARM.attributes
                0x00000000       0x25
 *(.ARM.attributes)
 .ARM.attributes
                0x00000000       0x19 c:/program files (x86)/cypress/psoc creator/2.2/psoc creator/import/gnu_cs/arm/4.4.1/bin/../lib/gcc/arm-none-eabi/4.4.1/thumb2/crti.o
 .ARM.attributes
                0x00000019       0x29 c:/program files (x86)/cypress/psoc creator/2.2/psoc creator/import/gnu_cs/arm/4.4.1/bin/../lib/gcc/arm-none-eabi/4.4.1/thumb2/crtbegin.o
 .ARM.attributes
                0x00000042       0x31 .\ARM_GCC_441\Debug\main.o
 .ARM.attributes
                0x00000073       0x31 .\ARM_GCC_441\Debug\Cm3Start.o
 .ARM.attributes
                0x000000a4       0x31 .\ARM_GCC_441\Debug\115_is_cool.a(CyLib.o)
 .ARM.attributes
                0x000000d5       0x31 .\ARM_GCC_441\Debug\115_is_cool.a(cyPm.o)
 .ARM.attributes
                0x00000106       0x31 .\ARM_GCC_441\Debug\115_is_cool.a(A.o)
 .ARM.attributes
                0x00000137       0x31 .\ARM_GCC_441\Debug\115_is_cool.a(B.o)
 .ARM.attributes
                0x00000168       0x31 .\ARM_GCC_441\Debug\115_is_cool.a(C.o)
 .ARM.attributes
                0x00000199       0x31 .\ARM_GCC_441\Debug\115_is_cool.a(D.o)
 .ARM.attributes
                0x000001ca       0x31 .\ARM_GCC_441\Debug\115_is_cool.a(E.o)
 .ARM.attributes
                0x000001fb       0x31 .\ARM_GCC_441\Debug\115_is_cool.a(F.o)
 .ARM.attributes
                0x0000022c       0x31 .\ARM_GCC_441\Debug\115_is_cool.a(G.o)
 .ARM.attributes
                0x0000025d       0x31 .\ARM_GCC_441\Debug\115_is_cool.a(P.o)
 .ARM.attributes
                0x0000028e       0x31 .\ARM_GCC_441\Debug\115_is_cool.a(cyfitter_cfg.o)
 .ARM.attributes
                0x000002bf       0x21 .\ARM_GCC_441\Debug\115_is_cool.a(CyBootAsmGnu.o)
 .ARM.attributes
                0x000002e0       0x31 .\ARM_GCC_441\Debug\115_is_cool.a(CyFlash.o)
 .ARM.attributes
                0x00000311       0x31 .\ARM_GCC_441\Debug\115_is_cool.a(CySpc.o)
 .ARM.attributes
                0x00000342       0x29 c:/program files (x86)/cypress/psoc creator/2.2/psoc creator/import/gnu_cs/arm/4.4.1/bin/../lib/gcc/arm-none-eabi/4.4.1/../../../../arm-none-eabi/lib/thumb2\libc.a(lib_a-memcpy.o)
 .ARM.attributes
                0x0000036b       0x29 c:/program files (x86)/cypress/psoc creator/2.2/psoc creator/import/gnu_cs/arm/4.4.1/bin/../lib/gcc/arm-none-eabi/4.4.1/../../../../arm-none-eabi/lib/thumb2\libc.a(lib_a-memset.o)
 .ARM.attributes
                0x00000394       0x29 c:/program files (x86)/cypress/psoc creator/2.2/psoc creator/import/gnu_cs/arm/4.4.1/bin/../lib/gcc/arm-none-eabi/4.4.1/thumb2/crtend.o
 .ARM.attributes
                0x000003bd       0x19 c:/program files (x86)/cypress/psoc creator/2.2/psoc creator/import/gnu_cs/arm/4.4.1/bin/../lib/gcc/arm-none-eabi/4.4.1/thumb2/crtn.o
 .ARM.attributes
                0x000003d6       0x29 c:/program files (x86)/cypress/psoc creator/2.2/psoc creator/import/gnu_cs/arm/4.4.1/bin/../lib/gcc/arm-none-eabi/4.4.1/../../../../arm-none-eabi/lib/thumb2\libcs3.a(start_c.o)
 .ARM.attributes
                0x000003ff       0x19 c:/program files (x86)/cypress/psoc creator/2.2/psoc creator/import/gnu_cs/arm/4.4.1/bin/../lib/gcc/arm-none-eabi/4.4.1/../../../../arm-none-eabi/lib/thumb2\libcs3micro.a(micro-vector.o)
 .ARM.attributes
                0x00000418       0x19 c:/program files (x86)/cypress/psoc creator/2.2/psoc creator/import/gnu_cs/arm/4.4.1/bin/../lib/gcc/arm-none-eabi/4.4.1/../../../../arm-none-eabi/lib/thumb2\libcs3micro.a(micro_isr_interrupt.o)
 .ARM.attributes
                0x00000431       0x29 c:/program files (x86)/cypress/psoc creator/2.2/psoc creator/import/gnu_cs/arm/4.4.1/bin/../lib/gcc/arm-none-eabi/4.4.1/../../../../arm-none-eabi/lib/thumb2\libc.a(lib_a-init.o)

/DISCARD/
 *(.note.GNU-stack)
OUTPUT(.\ARM_GCC_441\Debug\115_is_cool.elf elf32-littlearm)
