Archive member included because of file (symbol)

.\CortexM3\ARM_GCC_473\Debug\RS232.a(cyfitter_cfg.o)
                              .\CortexM3\ARM_GCC_473\Debug\Cm3Start.o (cyfitter_cfg)
.\CortexM3\ARM_GCC_473\Debug\RS232.a(CyBootAsmGnu.o)
                              .\CortexM3\ARM_GCC_473\Debug\RS232.a(cyfitter_cfg.o) (CyDelayCycles)
.\CortexM3\ARM_GCC_473\Debug\RS232.a(CyLib.o)
                              .\CortexM3\ARM_GCC_473\Debug\Cm3Start.o (CyResetStatus)
.\CortexM3\ARM_GCC_473\Debug\RS232.a(cyPm.o)
                              .\CortexM3\ARM_GCC_473\Debug\RS232.a(CyLib.o) (CyPmReadStatus)
.\CortexM3\ARM_GCC_473\Debug\RS232.a(LCD.o)
                              .\CortexM3\ARM_GCC_473\Debug\main.o (LCD_WriteControl)
.\CortexM3\ARM_GCC_473\Debug\RS232.a(UART.o)
                              .\CortexM3\ARM_GCC_473\Debug\main.o (UART_Start)
.\CortexM3\ARM_GCC_473\Debug\RS232.a(rx_int.o)
                              .\CortexM3\ARM_GCC_473\Debug\main.o (rx_int_StartEx)
.\CortexM3\ARM_GCC_473\Debug\RS232.a(UART_IntClock.o)
                              .\CortexM3\ARM_GCC_473\Debug\RS232.a(UART.o) (UART_IntClock_Start)
.\CortexM3\ARM_GCC_473\Debug\RS232.a(CyFlash.o)
                              .\CortexM3\ARM_GCC_473\Debug\RS232.a(cyPm.o) (CyFlash_SetWaitCycles)
.\CortexM3\ARM_GCC_473\Debug\RS232.a(CySpc.o)
                              .\CortexM3\ARM_GCC_473\Debug\RS232.a(CyFlash.o) (CySpcStart)
c:/program files (x86)/cypress/psoc creator/3.0/psoc creator/import/gnu_cs/arm/4.7.3/bin/../lib/gcc/arm-none-eabi/4.7.3/../../../../arm-none-eabi/lib/armv7-m\libc_s.a(lib_a-__atexit2.o)
                              c:/program files (x86)/cypress/psoc creator/3.0/psoc creator/import/gnu_cs/arm/4.7.3/bin/../lib/gcc/arm-none-eabi/4.7.3/../../../../arm-none-eabi/lib/armv7-m/crt0.o (__register_exitproc)
c:/program files (x86)/cypress/psoc creator/3.0/psoc creator/import/gnu_cs/arm/4.7.3/bin/../lib/gcc/arm-none-eabi/4.7.3/../../../../arm-none-eabi/lib/armv7-m\libc_s.a(lib_a-exit.o)
                              c:/program files (x86)/cypress/psoc creator/3.0/psoc creator/import/gnu_cs/arm/4.7.3/bin/../lib/gcc/arm-none-eabi/4.7.3/../../../../arm-none-eabi/lib/armv7-m/crt0.o (exit)
c:/program files (x86)/cypress/psoc creator/3.0/psoc creator/import/gnu_cs/arm/4.7.3/bin/../lib/gcc/arm-none-eabi/4.7.3/../../../../arm-none-eabi/lib/armv7-m\libc_s.a(lib_a-fini.o)
                              c:/program files (x86)/cypress/psoc creator/3.0/psoc creator/import/gnu_cs/arm/4.7.3/bin/../lib/gcc/arm-none-eabi/4.7.3/../../../../arm-none-eabi/lib/armv7-m/crt0.o (__libc_fini_array)
c:/program files (x86)/cypress/psoc creator/3.0/psoc creator/import/gnu_cs/arm/4.7.3/bin/../lib/gcc/arm-none-eabi/4.7.3/../../../../arm-none-eabi/lib/armv7-m\libc_s.a(lib_a-impure.o)
                              c:/program files (x86)/cypress/psoc creator/3.0/psoc creator/import/gnu_cs/arm/4.7.3/bin/../lib/gcc/arm-none-eabi/4.7.3/../../../../arm-none-eabi/lib/armv7-m\libc_s.a(lib_a-exit.o) (_global_impure_ptr)
c:/program files (x86)/cypress/psoc creator/3.0/psoc creator/import/gnu_cs/arm/4.7.3/bin/../lib/gcc/arm-none-eabi/4.7.3/../../../../arm-none-eabi/lib/armv7-m\libc_s.a(lib_a-init.o)
                              c:/program files (x86)/cypress/psoc creator/3.0/psoc creator/import/gnu_cs/arm/4.7.3/bin/../lib/gcc/arm-none-eabi/4.7.3/../../../../arm-none-eabi/lib/armv7-m/crt0.o (__libc_init_array)
c:/program files (x86)/cypress/psoc creator/3.0/psoc creator/import/gnu_cs/arm/4.7.3/bin/../lib/gcc/arm-none-eabi/4.7.3/../../../../arm-none-eabi/lib/armv7-m\libc_s.a(lib_a-memcpy.o)
                              .\CortexM3\ARM_GCC_473\Debug\RS232.a(cyfitter_cfg.o) (memcpy)
c:/program files (x86)/cypress/psoc creator/3.0/psoc creator/import/gnu_cs/arm/4.7.3/bin/../lib/gcc/arm-none-eabi/4.7.3/../../../../arm-none-eabi/lib/armv7-m\libc_s.a(lib_a-memset.o)
                              c:/program files (x86)/cypress/psoc creator/3.0/psoc creator/import/gnu_cs/arm/4.7.3/bin/../lib/gcc/arm-none-eabi/4.7.3/../../../../arm-none-eabi/lib/armv7-m/crt0.o (memset)

Allocating common symbols
Common symbol       size              file

dieTemperature      0x2               .\CortexM3\ARM_GCC_473\Debug\RS232.a(CyFlash.o)

Discarded input sections

 .text          0x00000000        0x0 c:/program files (x86)/cypress/psoc creator/3.0/psoc creator/import/gnu_cs/arm/4.7.3/bin/../lib/gcc/arm-none-eabi/4.7.3/armv7-m/crti.o
 .data          0x00000000        0x0 c:/program files (x86)/cypress/psoc creator/3.0/psoc creator/import/gnu_cs/arm/4.7.3/bin/../lib/gcc/arm-none-eabi/4.7.3/armv7-m/crti.o
 .bss           0x00000000        0x0 c:/program files (x86)/cypress/psoc creator/3.0/psoc creator/import/gnu_cs/arm/4.7.3/bin/../lib/gcc/arm-none-eabi/4.7.3/armv7-m/crti.o
 .data          0x00000000        0x4 c:/program files (x86)/cypress/psoc creator/3.0/psoc creator/import/gnu_cs/arm/4.7.3/bin/../lib/gcc/arm-none-eabi/4.7.3/armv7-m/crtbegin.o
 .text          0x00000000       0x70 c:/program files (x86)/cypress/psoc creator/3.0/psoc creator/import/gnu_cs/arm/4.7.3/bin/../lib/gcc/arm-none-eabi/4.7.3/../../../../arm-none-eabi/lib/armv7-m/crt0.o
 .data          0x00000000        0x0 c:/program files (x86)/cypress/psoc creator/3.0/psoc creator/import/gnu_cs/arm/4.7.3/bin/../lib/gcc/arm-none-eabi/4.7.3/../../../../arm-none-eabi/lib/armv7-m/crt0.o
 .bss           0x00000000        0x0 c:/program files (x86)/cypress/psoc creator/3.0/psoc creator/import/gnu_cs/arm/4.7.3/bin/../lib/gcc/arm-none-eabi/4.7.3/../../../../arm-none-eabi/lib/armv7-m/crt0.o
 .ARM.extab     0x00000000        0x0 c:/program files (x86)/cypress/psoc creator/3.0/psoc creator/import/gnu_cs/arm/4.7.3/bin/../lib/gcc/arm-none-eabi/4.7.3/../../../../arm-none-eabi/lib/armv7-m/crt0.o
 .ARM.exidx     0x00000000        0x8 c:/program files (x86)/cypress/psoc creator/3.0/psoc creator/import/gnu_cs/arm/4.7.3/bin/../lib/gcc/arm-none-eabi/4.7.3/../../../../arm-none-eabi/lib/armv7-m/crt0.o
 .text          0x00000000        0x0 .\CortexM3\ARM_GCC_473\Debug\main.o
 .data          0x00000000        0x0 .\CortexM3\ARM_GCC_473\Debug\main.o
 .bss           0x00000000        0x0 .\CortexM3\ARM_GCC_473\Debug\main.o
 .text          0x00000000        0x0 .\CortexM3\ARM_GCC_473\Debug\Cm3Start.o
 .data          0x00000000        0x0 .\CortexM3\ARM_GCC_473\Debug\Cm3Start.o
 .bss           0x00000000        0x0 .\CortexM3\ARM_GCC_473\Debug\Cm3Start.o
 .text._exit    0x00000000       0x30 .\CortexM3\ARM_GCC_473\Debug\Cm3Start.o
 .text          0x00000000        0x0 .\CortexM3\ARM_GCC_473\Debug\cymetadata.o
 .data          0x00000000        0x0 .\CortexM3\ARM_GCC_473\Debug\cymetadata.o
 .bss           0x00000000        0x0 .\CortexM3\ARM_GCC_473\Debug\cymetadata.o
 .text          0x00000000        0x0 .\CortexM3\ARM_GCC_473\Debug\RS232.a(cyfitter_cfg.o)
 .data          0x00000000        0x0 .\CortexM3\ARM_GCC_473\Debug\RS232.a(cyfitter_cfg.o)
 .bss           0x00000000        0x0 .\CortexM3\ARM_GCC_473\Debug\RS232.a(cyfitter_cfg.o)
 .text.CYCONFIGCPYCODE
                0x00000000       0x20 .\CortexM3\ARM_GCC_473\Debug\RS232.a(cyfitter_cfg.o)
 .text.SetAnalogRoutingPumps
                0x00000000       0x34 .\CortexM3\ARM_GCC_473\Debug\RS232.a(cyfitter_cfg.o)
 .data          0x00000000        0x0 .\CortexM3\ARM_GCC_473\Debug\RS232.a(CyBootAsmGnu.o)
 .bss           0x00000000        0x0 .\CortexM3\ARM_GCC_473\Debug\RS232.a(CyBootAsmGnu.o)
 .text          0x00000000        0x0 .\CortexM3\ARM_GCC_473\Debug\RS232.a(CyLib.o)
 .bss           0x00000000        0x0 .\CortexM3\ARM_GCC_473\Debug\RS232.a(CyLib.o)
 .text.CyPLL_OUT_Start
                0x00000000       0xe0 .\CortexM3\ARM_GCC_473\Debug\RS232.a(CyLib.o)
 .text.CyPLL_OUT_Stop
                0x00000000       0x28 .\CortexM3\ARM_GCC_473\Debug\RS232.a(CyLib.o)
 .text.CyPLL_OUT_SetPQ
                0x00000000       0xac .\CortexM3\ARM_GCC_473\Debug\RS232.a(CyLib.o)
 .text.CyPLL_OUT_SetSource
                0x00000000       0x60 .\CortexM3\ARM_GCC_473\Debug\RS232.a(CyLib.o)
 .text.CyIMO_Start
                0x00000000       0xbc .\CortexM3\ARM_GCC_473\Debug\RS232.a(CyLib.o)
 .text.CyIMO_Stop
                0x00000000       0x44 .\CortexM3\ARM_GCC_473\Debug\RS232.a(CyLib.o)
 .text.CyUSB_PowerOnCheck
                0x00000000       0x70 .\CortexM3\ARM_GCC_473\Debug\RS232.a(CyLib.o)
 .text.CyIMO_SetTrimValue
                0x00000000      0x160 .\CortexM3\ARM_GCC_473\Debug\RS232.a(CyLib.o)
 .text.CyIMO_SetFreq
                0x00000000      0x224 .\CortexM3\ARM_GCC_473\Debug\RS232.a(CyLib.o)
 .text.CyIMO_SetSource
                0x00000000       0xb0 .\CortexM3\ARM_GCC_473\Debug\RS232.a(CyLib.o)
 .text.CyIMO_EnableDoubler
                0x00000000       0x28 .\CortexM3\ARM_GCC_473\Debug\RS232.a(CyLib.o)
 .text.CyIMO_DisableDoubler
                0x00000000       0x28 .\CortexM3\ARM_GCC_473\Debug\RS232.a(CyLib.o)
 .text.CyMasterClk_SetSource
                0x00000000       0x3c .\CortexM3\ARM_GCC_473\Debug\RS232.a(CyLib.o)
 .text.CyMasterClk_SetDivider
                0x00000000       0x20 .\CortexM3\ARM_GCC_473\Debug\RS232.a(CyLib.o)
 .text.CyBusClk_Internal_SetDivider
                0x00000000       0x98 .\CortexM3\ARM_GCC_473\Debug\RS232.a(CyLib.o)
 .text.CyBusClk_SetDivider
                0x00000000       0xd0 .\CortexM3\ARM_GCC_473\Debug\RS232.a(CyLib.o)
 .text.CyUsbClk_SetSource
                0x00000000       0x3c .\CortexM3\ARM_GCC_473\Debug\RS232.a(CyLib.o)
 .text.CyILO_Start1K
                0x00000000       0x28 .\CortexM3\ARM_GCC_473\Debug\RS232.a(CyLib.o)
 .text.CyILO_Stop1K
                0x00000000       0x28 .\CortexM3\ARM_GCC_473\Debug\RS232.a(CyLib.o)
 .text.CyILO_Start100K
                0x00000000       0x28 .\CortexM3\ARM_GCC_473\Debug\RS232.a(CyLib.o)
 .text.CyILO_Stop100K
                0x00000000       0x28 .\CortexM3\ARM_GCC_473\Debug\RS232.a(CyLib.o)
 .text.CyILO_Enable33K
                0x00000000       0x28 .\CortexM3\ARM_GCC_473\Debug\RS232.a(CyLib.o)
 .text.CyILO_Disable33K
                0x00000000       0x28 .\CortexM3\ARM_GCC_473\Debug\RS232.a(CyLib.o)
 .text.CyILO_SetSource
                0x00000000       0x3c .\CortexM3\ARM_GCC_473\Debug\RS232.a(CyLib.o)
 .text.CyILO_SetPowerMode
                0x00000000       0x5c .\CortexM3\ARM_GCC_473\Debug\RS232.a(CyLib.o)
 .text.CyXTAL_32KHZ_Start
                0x00000000       0xa4 .\CortexM3\ARM_GCC_473\Debug\RS232.a(CyLib.o)
 .text.CyXTAL_32KHZ_Stop
                0x00000000       0x64 .\CortexM3\ARM_GCC_473\Debug\RS232.a(CyLib.o)
 .text.CyXTAL_32KHZ_ReadStatus
                0x00000000       0x20 .\CortexM3\ARM_GCC_473\Debug\RS232.a(CyLib.o)
 .text.CyXTAL_32KHZ_SetPowerMode
                0x00000000       0xfc .\CortexM3\ARM_GCC_473\Debug\RS232.a(CyLib.o)
 .text.CyXTAL_Start
                0x00000000      0x108 .\CortexM3\ARM_GCC_473\Debug\RS232.a(CyLib.o)
 .text.CyXTAL_Stop
                0x00000000       0x28 .\CortexM3\ARM_GCC_473\Debug\RS232.a(CyLib.o)
 .text.CyXTAL_EnableErrStatus
                0x00000000       0x28 .\CortexM3\ARM_GCC_473\Debug\RS232.a(CyLib.o)
 .text.CyXTAL_DisableErrStatus
                0x00000000       0x28 .\CortexM3\ARM_GCC_473\Debug\RS232.a(CyLib.o)
 .text.CyXTAL_ReadStatus
                0x00000000       0x2c .\CortexM3\ARM_GCC_473\Debug\RS232.a(CyLib.o)
 .text.CyXTAL_EnableFaultRecovery
                0x00000000       0x28 .\CortexM3\ARM_GCC_473\Debug\RS232.a(CyLib.o)
 .text.CyXTAL_DisableFaultRecovery
                0x00000000       0x28 .\CortexM3\ARM_GCC_473\Debug\RS232.a(CyLib.o)
 .text.CyXTAL_SetStartup
                0x00000000       0x3c .\CortexM3\ARM_GCC_473\Debug\RS232.a(CyLib.o)
 .text.CyXTAL_SetFbVoltage
                0x00000000       0x3c .\CortexM3\ARM_GCC_473\Debug\RS232.a(CyLib.o)
 .text.CyXTAL_SetWdVoltage
                0x00000000       0x44 .\CortexM3\ARM_GCC_473\Debug\RS232.a(CyLib.o)
 .text.CyHalt   0x00000000       0x18 .\CortexM3\ARM_GCC_473\Debug\RS232.a(CyLib.o)
 .text.CySoftwareReset
                0x00000000       0x28 .\CortexM3\ARM_GCC_473\Debug\RS232.a(CyLib.o)
 .text.CyDelayFreq
                0x00000000       0xa8 .\CortexM3\ARM_GCC_473\Debug\RS232.a(CyLib.o)
 .text.CyWdtStart
                0x00000000       0xc4 .\CortexM3\ARM_GCC_473\Debug\RS232.a(CyLib.o)
 .text.CyWdtClear
                0x00000000       0x18 .\CortexM3\ARM_GCC_473\Debug\RS232.a(CyLib.o)
 .text.CyVdLvDigitEnable
                0x00000000       0xf4 .\CortexM3\ARM_GCC_473\Debug\RS232.a(CyLib.o)
 .text.CyVdLvAnalogEnable
                0x00000000       0xf4 .\CortexM3\ARM_GCC_473\Debug\RS232.a(CyLib.o)
 .text.CyVdLvDigitDisable
                0x00000000       0x58 .\CortexM3\ARM_GCC_473\Debug\RS232.a(CyLib.o)
 .text.CyVdLvAnalogDisable
                0x00000000       0x58 .\CortexM3\ARM_GCC_473\Debug\RS232.a(CyLib.o)
 .text.CyVdHvAnalogEnable
                0x00000000       0x7c .\CortexM3\ARM_GCC_473\Debug\RS232.a(CyLib.o)
 .text.CyVdHvAnalogDisable
                0x00000000       0x28 .\CortexM3\ARM_GCC_473\Debug\RS232.a(CyLib.o)
 .text.CyVdStickyStatus
                0x00000000       0x48 .\CortexM3\ARM_GCC_473\Debug\RS232.a(CyLib.o)
 .text.CyVdRealTimeStatus
                0x00000000       0x30 .\CortexM3\ARM_GCC_473\Debug\RS232.a(CyLib.o)
 .text.CyDisableInts
                0x00000000       0x3c .\CortexM3\ARM_GCC_473\Debug\RS232.a(CyLib.o)
 .text.CyEnableInts
                0x00000000       0x2c .\CortexM3\ARM_GCC_473\Debug\RS232.a(CyLib.o)
 .text.CyFlushCache
                0x00000000       0x7c .\CortexM3\ARM_GCC_473\Debug\RS232.a(CyLib.o)
 .text.CyIntSetSysVector
                0x00000000       0x58 .\CortexM3\ARM_GCC_473\Debug\RS232.a(CyLib.o)
 .text.CyIntGetSysVector
                0x00000000       0x40 .\CortexM3\ARM_GCC_473\Debug\RS232.a(CyLib.o)
 .text.CyIntSetVector
                0x00000000       0x60 .\CortexM3\ARM_GCC_473\Debug\RS232.a(CyLib.o)
 .text.CyIntGetVector
                0x00000000       0x44 .\CortexM3\ARM_GCC_473\Debug\RS232.a(CyLib.o)
 .text.CyIntSetPriority
                0x00000000       0x4c .\CortexM3\ARM_GCC_473\Debug\RS232.a(CyLib.o)
 .text.CyIntGetPriority
                0x00000000       0x3c .\CortexM3\ARM_GCC_473\Debug\RS232.a(CyLib.o)
 .text.CyIntGetState
                0x00000000       0x48 .\CortexM3\ARM_GCC_473\Debug\RS232.a(CyLib.o)
 .text          0x00000000        0x0 .\CortexM3\ARM_GCC_473\Debug\RS232.a(cyPm.o)
 .data          0x00000000        0x0 .\CortexM3\ARM_GCC_473\Debug\RS232.a(cyPm.o)
 .bss           0x00000000       0x44 .\CortexM3\ARM_GCC_473\Debug\RS232.a(cyPm.o)
 .rodata        0x00000000       0x10 .\CortexM3\ARM_GCC_473\Debug\RS232.a(cyPm.o)
 .text.CyPmSaveClocks
                0x00000000      0x354 .\CortexM3\ARM_GCC_473\Debug\RS232.a(cyPm.o)
 .text.CyPmRestoreClocks
                0x00000000      0x3e4 .\CortexM3\ARM_GCC_473\Debug\RS232.a(cyPm.o)
 .text.CyPmAltAct
                0x00000000      0x118 .\CortexM3\ARM_GCC_473\Debug\RS232.a(cyPm.o)
 .text.CyPmSleep
                0x00000000      0x21c .\CortexM3\ARM_GCC_473\Debug\RS232.a(cyPm.o)
 .text.CyPmHibernate
                0x00000000      0x1f0 .\CortexM3\ARM_GCC_473\Debug\RS232.a(cyPm.o)
 .text.CyPmReadStatus
                0x00000000       0x78 .\CortexM3\ARM_GCC_473\Debug\RS232.a(cyPm.o)
 .text.CyPmHibSaveSet
                0x00000000      0x138 .\CortexM3\ARM_GCC_473\Debug\RS232.a(cyPm.o)
 .text.CyPmHibRestore
                0x00000000       0x94 .\CortexM3\ARM_GCC_473\Debug\RS232.a(cyPm.o)
 .text.CyPmCtwSetInterval
                0x00000000       0xd8 .\CortexM3\ARM_GCC_473\Debug\RS232.a(cyPm.o)
 .text.CyPmOppsSet
                0x00000000       0x58 .\CortexM3\ARM_GCC_473\Debug\RS232.a(cyPm.o)
 .text.CyPmFtwSetInterval
                0x00000000       0xd8 .\CortexM3\ARM_GCC_473\Debug\RS232.a(cyPm.o)
 .text.CyPmHibSlpSaveSet
                0x00000000      0x458 .\CortexM3\ARM_GCC_473\Debug\RS232.a(cyPm.o)
 .text.CyPmHibSlpRestore
                0x00000000      0x270 .\CortexM3\ARM_GCC_473\Debug\RS232.a(cyPm.o)
 .text.CyPmHviLviSaveDisable
                0x00000000      0x13c .\CortexM3\ARM_GCC_473\Debug\RS232.a(cyPm.o)
 .text.CyPmHviLviRestore
                0x00000000       0x7c .\CortexM3\ARM_GCC_473\Debug\RS232.a(cyPm.o)
 .text          0x00000000        0x0 .\CortexM3\ARM_GCC_473\Debug\RS232.a(LCD.o)
 .data          0x00000000        0x0 .\CortexM3\ARM_GCC_473\Debug\RS232.a(LCD.o)
 .text.LCD_Stop
                0x00000000       0x1c .\CortexM3\ARM_GCC_473\Debug\RS232.a(LCD.o)
 .text.LCD_Position
                0x00000000       0x78 .\CortexM3\ARM_GCC_473\Debug\RS232.a(LCD.o)
 .text.LCD_PrintString
                0x00000000       0x40 .\CortexM3\ARM_GCC_473\Debug\RS232.a(LCD.o)
 .text.LCD_PrintInt8
                0x00000000       0x44 .\CortexM3\ARM_GCC_473\Debug\RS232.a(LCD.o)
 .text.LCD_PrintInt16
                0x00000000       0x2c .\CortexM3\ARM_GCC_473\Debug\RS232.a(LCD.o)
 .text.LCD_PrintNumber
                0x00000000      0x104 .\CortexM3\ARM_GCC_473\Debug\RS232.a(LCD.o)
 .rodata        0x00000000       0x10 .\CortexM3\ARM_GCC_473\Debug\RS232.a(LCD.o)
 .text          0x00000000        0x0 .\CortexM3\ARM_GCC_473\Debug\RS232.a(UART.o)
 .data          0x00000000        0x0 .\CortexM3\ARM_GCC_473\Debug\RS232.a(UART.o)
 .text.UART_Stop
                0x00000000       0x78 .\CortexM3\ARM_GCC_473\Debug\RS232.a(UART.o)
 .text.UART_ReadControlRegister
                0x00000000       0x10 .\CortexM3\ARM_GCC_473\Debug\RS232.a(UART.o)
 .text.UART_WriteControlRegister
                0x00000000       0x14 .\CortexM3\ARM_GCC_473\Debug\RS232.a(UART.o)
 .text.UART_SetRxInterruptMode
                0x00000000       0x20 .\CortexM3\ARM_GCC_473\Debug\RS232.a(UART.o)
 .text.UART_ReadRxStatus
                0x00000000       0x28 .\CortexM3\ARM_GCC_473\Debug\RS232.a(UART.o)
 .text.UART_GetChar
                0x00000000       0x4c .\CortexM3\ARM_GCC_473\Debug\RS232.a(UART.o)
 .text.UART_GetByte
                0x00000000       0x24 .\CortexM3\ARM_GCC_473\Debug\RS232.a(UART.o)
 .text.UART_GetRxBufferSize
                0x00000000       0x34 .\CortexM3\ARM_GCC_473\Debug\RS232.a(UART.o)
 .text.UART_SetRxAddressMode
                0x00000000       0x14 .\CortexM3\ARM_GCC_473\Debug\RS232.a(UART.o)
 .text.UART_SetRxAddress1
                0x00000000       0x20 .\CortexM3\ARM_GCC_473\Debug\RS232.a(UART.o)
 .text.UART_SetRxAddress2
                0x00000000       0x20 .\CortexM3\ARM_GCC_473\Debug\RS232.a(UART.o)
 .text.UART_SetTxInterruptMode
                0x00000000       0x20 .\CortexM3\ARM_GCC_473\Debug\RS232.a(UART.o)
 .text.UART_WriteTxData
                0x00000000       0x30 .\CortexM3\ARM_GCC_473\Debug\RS232.a(UART.o)
 .text.UART_ReadTxStatus
                0x00000000       0x18 .\CortexM3\ARM_GCC_473\Debug\RS232.a(UART.o)
 .text.UART_PutChar
                0x00000000       0x38 .\CortexM3\ARM_GCC_473\Debug\RS232.a(UART.o)
 .text.UART_PutString
                0x00000000       0x48 .\CortexM3\ARM_GCC_473\Debug\RS232.a(UART.o)
 .text.UART_PutArray
                0x00000000       0x48 .\CortexM3\ARM_GCC_473\Debug\RS232.a(UART.o)
 .text.UART_PutCRLF
                0x00000000       0x38 .\CortexM3\ARM_GCC_473\Debug\RS232.a(UART.o)
 .text.UART_GetTxBufferSize
                0x00000000       0x4c .\CortexM3\ARM_GCC_473\Debug\RS232.a(UART.o)
 .text.UART_ClearTxBuffer
                0x00000000       0x58 .\CortexM3\ARM_GCC_473\Debug\RS232.a(UART.o)
 .text.UART_SendBreak
                0x00000000       0xc4 .\CortexM3\ARM_GCC_473\Debug\RS232.a(UART.o)
 .text.UART_SetTxAddressMode
                0x00000000       0x14 .\CortexM3\ARM_GCC_473\Debug\RS232.a(UART.o)
 .text          0x00000000        0x0 .\CortexM3\ARM_GCC_473\Debug\RS232.a(rx_int.o)
 .data          0x00000000        0x0 .\CortexM3\ARM_GCC_473\Debug\RS232.a(rx_int.o)
 .bss           0x00000000        0x0 .\CortexM3\ARM_GCC_473\Debug\RS232.a(rx_int.o)
 .text.rx_int_Start
                0x00000000       0x24 .\CortexM3\ARM_GCC_473\Debug\RS232.a(rx_int.o)
 .text.rx_int_Stop
                0x00000000       0x18 .\CortexM3\ARM_GCC_473\Debug\RS232.a(rx_int.o)
 .text.rx_int_Interrupt
                0x00000000        0xc .\CortexM3\ARM_GCC_473\Debug\RS232.a(rx_int.o)
 .text.rx_int_GetVector
                0x00000000       0x24 .\CortexM3\ARM_GCC_473\Debug\RS232.a(rx_int.o)
 .text.rx_int_GetPriority
                0x00000000       0x28 .\CortexM3\ARM_GCC_473\Debug\RS232.a(rx_int.o)
 .text.rx_int_GetState
                0x00000000       0x20 .\CortexM3\ARM_GCC_473\Debug\RS232.a(rx_int.o)
 .text.rx_int_SetPending
                0x00000000       0x18 .\CortexM3\ARM_GCC_473\Debug\RS232.a(rx_int.o)
 .text.rx_int_ClearPending
                0x00000000       0x18 .\CortexM3\ARM_GCC_473\Debug\RS232.a(rx_int.o)
 .text          0x00000000        0x0 .\CortexM3\ARM_GCC_473\Debug\RS232.a(UART_IntClock.o)
 .data          0x00000000        0x0 .\CortexM3\ARM_GCC_473\Debug\RS232.a(UART_IntClock.o)
 .bss           0x00000000        0x0 .\CortexM3\ARM_GCC_473\Debug\RS232.a(UART_IntClock.o)
 .text.UART_IntClock_Stop
                0x00000000       0x44 .\CortexM3\ARM_GCC_473\Debug\RS232.a(UART_IntClock.o)
 .text.UART_IntClock_StopBlock
                0x00000000       0xf8 .\CortexM3\ARM_GCC_473\Debug\RS232.a(UART_IntClock.o)
 .text.UART_IntClock_StandbyPower
                0x00000000       0x54 .\CortexM3\ARM_GCC_473\Debug\RS232.a(UART_IntClock.o)
 .text.UART_IntClock_SetDividerRegister
                0x00000000      0x1e8 .\CortexM3\ARM_GCC_473\Debug\RS232.a(UART_IntClock.o)
 .text.UART_IntClock_GetDividerRegister
                0x00000000       0x18 .\CortexM3\ARM_GCC_473\Debug\RS232.a(UART_IntClock.o)
 .text.UART_IntClock_SetModeRegister
                0x00000000       0x3c .\CortexM3\ARM_GCC_473\Debug\RS232.a(UART_IntClock.o)
 .text.UART_IntClock_ClearModeRegister
                0x00000000       0x3c .\CortexM3\ARM_GCC_473\Debug\RS232.a(UART_IntClock.o)
 .text.UART_IntClock_GetModeRegister
                0x00000000       0x20 .\CortexM3\ARM_GCC_473\Debug\RS232.a(UART_IntClock.o)
 .text.UART_IntClock_SetSourceRegister
                0x00000000       0xf4 .\CortexM3\ARM_GCC_473\Debug\RS232.a(UART_IntClock.o)
 .text.UART_IntClock_GetSourceRegister
                0x00000000       0x20 .\CortexM3\ARM_GCC_473\Debug\RS232.a(UART_IntClock.o)
 .text          0x00000000        0x0 .\CortexM3\ARM_GCC_473\Debug\RS232.a(CyFlash.o)
 .data          0x00000000        0x0 .\CortexM3\ARM_GCC_473\Debug\RS232.a(CyFlash.o)
 .bss           0x00000000        0x4 .\CortexM3\ARM_GCC_473\Debug\RS232.a(CyFlash.o)
 .text.CyFlash_Start
                0x00000000       0x48 .\CortexM3\ARM_GCC_473\Debug\RS232.a(CyFlash.o)
 .text.CyFlash_Stop
                0x00000000       0x44 .\CortexM3\ARM_GCC_473\Debug\RS232.a(CyFlash.o)
 .text.CySetTempInt
                0x00000000       0x90 .\CortexM3\ARM_GCC_473\Debug\RS232.a(CyFlash.o)
 .text.CySetTemp
                0x00000000       0x24 .\CortexM3\ARM_GCC_473\Debug\RS232.a(CyFlash.o)
 .text.CySetFlashEEBuffer
                0x00000000       0x50 .\CortexM3\ARM_GCC_473\Debug\RS232.a(CyFlash.o)
 .text.CyWriteRowData
                0x00000000       0xbc .\CortexM3\ARM_GCC_473\Debug\RS232.a(CyFlash.o)
 .text.CyWriteRowFull
                0x00000000      0x120 .\CortexM3\ARM_GCC_473\Debug\RS232.a(CyFlash.o)
 .text.CyFlash_SetWaitCycles
                0x00000000       0xc0 .\CortexM3\ARM_GCC_473\Debug\RS232.a(CyFlash.o)
 .text.CyEEPROM_Start
                0x00000000       0x44 .\CortexM3\ARM_GCC_473\Debug\RS232.a(CyFlash.o)
 .text.CyEEPROM_Stop
                0x00000000       0x44 .\CortexM3\ARM_GCC_473\Debug\RS232.a(CyFlash.o)
 .text.CyEEPROM_ReadReserve
                0x00000000       0x3c .\CortexM3\ARM_GCC_473\Debug\RS232.a(CyFlash.o)
 .text.CyEEPROM_ReadRelease
                0x00000000       0x20 .\CortexM3\ARM_GCC_473\Debug\RS232.a(CyFlash.o)
 COMMON         0x00000000        0x2 .\CortexM3\ARM_GCC_473\Debug\RS232.a(CyFlash.o)
 .text          0x00000000        0x0 .\CortexM3\ARM_GCC_473\Debug\RS232.a(CySpc.o)
 .data          0x00000000        0x0 .\CortexM3\ARM_GCC_473\Debug\RS232.a(CySpc.o)
 .bss           0x00000000        0x8 .\CortexM3\ARM_GCC_473\Debug\RS232.a(CySpc.o)
 .text.CySpcStart
                0x00000000       0x58 .\CortexM3\ARM_GCC_473\Debug\RS232.a(CySpc.o)
 .text.CySpcStop
                0x00000000       0x58 .\CortexM3\ARM_GCC_473\Debug\RS232.a(CySpc.o)
 .text.CySpcReadData
                0x00000000       0x64 .\CortexM3\ARM_GCC_473\Debug\RS232.a(CySpc.o)
 .text.CySpcLoadMultiByte
                0x00000000      0x11c .\CortexM3\ARM_GCC_473\Debug\RS232.a(CySpc.o)
 .text.CySpcLoadRow
                0x00000000       0xbc .\CortexM3\ARM_GCC_473\Debug\RS232.a(CySpc.o)
 .text.CySpcWriteRow
                0x00000000       0xcc .\CortexM3\ARM_GCC_473\Debug\RS232.a(CySpc.o)
 .text.CySpcEraseSector
                0x00000000       0x9c .\CortexM3\ARM_GCC_473\Debug\RS232.a(CySpc.o)
 .text.CySpcGetTemp
                0x00000000       0x8c .\CortexM3\ARM_GCC_473\Debug\RS232.a(CySpc.o)
 .text.CySpcLock
                0x00000000       0x88 .\CortexM3\ARM_GCC_473\Debug\RS232.a(CySpc.o)
 .text.CySpcUnlock
                0x00000000       0x68 .\CortexM3\ARM_GCC_473\Debug\RS232.a(CySpc.o)
 .text          0x00000000        0x0 c:/program files (x86)/cypress/psoc creator/3.0/psoc creator/import/gnu_cs/arm/4.7.3/bin/../lib/gcc/arm-none-eabi/4.7.3/../../../../arm-none-eabi/lib/armv7-m\libc_s.a(lib_a-__atexit2.o)
 .data          0x00000000        0x0 c:/program files (x86)/cypress/psoc creator/3.0/psoc creator/import/gnu_cs/arm/4.7.3/bin/../lib/gcc/arm-none-eabi/4.7.3/../../../../arm-none-eabi/lib/armv7-m\libc_s.a(lib_a-__atexit2.o)
 .bss           0x00000000        0x0 c:/program files (x86)/cypress/psoc creator/3.0/psoc creator/import/gnu_cs/arm/4.7.3/bin/../lib/gcc/arm-none-eabi/4.7.3/../../../../arm-none-eabi/lib/armv7-m\libc_s.a(lib_a-__atexit2.o)
 .text.__register_exitproc
                0x00000000       0x14 c:/program files (x86)/cypress/psoc creator/3.0/psoc creator/import/gnu_cs/arm/4.7.3/bin/../lib/gcc/arm-none-eabi/4.7.3/../../../../arm-none-eabi/lib/armv7-m\libc_s.a(lib_a-__atexit2.o)
 .text          0x00000000        0x0 c:/program files (x86)/cypress/psoc creator/3.0/psoc creator/import/gnu_cs/arm/4.7.3/bin/../lib/gcc/arm-none-eabi/4.7.3/../../../../arm-none-eabi/lib/armv7-m\libc_s.a(lib_a-exit.o)
 .data          0x00000000        0x0 c:/program files (x86)/cypress/psoc creator/3.0/psoc creator/import/gnu_cs/arm/4.7.3/bin/../lib/gcc/arm-none-eabi/4.7.3/../../../../arm-none-eabi/lib/armv7-m\libc_s.a(lib_a-exit.o)
 .bss           0x00000000        0x0 c:/program files (x86)/cypress/psoc creator/3.0/psoc creator/import/gnu_cs/arm/4.7.3/bin/../lib/gcc/arm-none-eabi/4.7.3/../../../../arm-none-eabi/lib/armv7-m\libc_s.a(lib_a-exit.o)
 .text.exit     0x00000000       0x2c c:/program files (x86)/cypress/psoc creator/3.0/psoc creator/import/gnu_cs/arm/4.7.3/bin/../lib/gcc/arm-none-eabi/4.7.3/../../../../arm-none-eabi/lib/armv7-m\libc_s.a(lib_a-exit.o)
 .text          0x00000000        0x0 c:/program files (x86)/cypress/psoc creator/3.0/psoc creator/import/gnu_cs/arm/4.7.3/bin/../lib/gcc/arm-none-eabi/4.7.3/../../../../arm-none-eabi/lib/armv7-m\libc_s.a(lib_a-fini.o)
 .data          0x00000000        0x0 c:/program files (x86)/cypress/psoc creator/3.0/psoc creator/import/gnu_cs/arm/4.7.3/bin/../lib/gcc/arm-none-eabi/4.7.3/../../../../arm-none-eabi/lib/armv7-m\libc_s.a(lib_a-fini.o)
 .bss           0x00000000        0x0 c:/program files (x86)/cypress/psoc creator/3.0/psoc creator/import/gnu_cs/arm/4.7.3/bin/../lib/gcc/arm-none-eabi/4.7.3/../../../../arm-none-eabi/lib/armv7-m\libc_s.a(lib_a-fini.o)
 .text.__libc_fini_array
                0x00000000       0x2c c:/program files (x86)/cypress/psoc creator/3.0/psoc creator/import/gnu_cs/arm/4.7.3/bin/../lib/gcc/arm-none-eabi/4.7.3/../../../../arm-none-eabi/lib/armv7-m\libc_s.a(lib_a-fini.o)
 .text          0x00000000        0x0 c:/program files (x86)/cypress/psoc creator/3.0/psoc creator/import/gnu_cs/arm/4.7.3/bin/../lib/gcc/arm-none-eabi/4.7.3/../../../../arm-none-eabi/lib/armv7-m\libc_s.a(lib_a-impure.o)
 .data          0x00000000        0x0 c:/program files (x86)/cypress/psoc creator/3.0/psoc creator/import/gnu_cs/arm/4.7.3/bin/../lib/gcc/arm-none-eabi/4.7.3/../../../../arm-none-eabi/lib/armv7-m\libc_s.a(lib_a-impure.o)
 .bss           0x00000000        0x0 c:/program files (x86)/cypress/psoc creator/3.0/psoc creator/import/gnu_cs/arm/4.7.3/bin/../lib/gcc/arm-none-eabi/4.7.3/../../../../arm-none-eabi/lib/armv7-m\libc_s.a(lib_a-impure.o)
 .data.impure_data
                0x00000000       0x64 c:/program files (x86)/cypress/psoc creator/3.0/psoc creator/import/gnu_cs/arm/4.7.3/bin/../lib/gcc/arm-none-eabi/4.7.3/../../../../arm-none-eabi/lib/armv7-m\libc_s.a(lib_a-impure.o)
 .data._impure_ptr
                0x00000000        0x4 c:/program files (x86)/cypress/psoc creator/3.0/psoc creator/import/gnu_cs/arm/4.7.3/bin/../lib/gcc/arm-none-eabi/4.7.3/../../../../arm-none-eabi/lib/armv7-m\libc_s.a(lib_a-impure.o)
 .rodata.str1.1
                0x00000000        0x2 c:/program files (x86)/cypress/psoc creator/3.0/psoc creator/import/gnu_cs/arm/4.7.3/bin/../lib/gcc/arm-none-eabi/4.7.3/../../../../arm-none-eabi/lib/armv7-m\libc_s.a(lib_a-impure.o)
 .rodata._global_impure_ptr
                0x00000000        0x4 c:/program files (x86)/cypress/psoc creator/3.0/psoc creator/import/gnu_cs/arm/4.7.3/bin/../lib/gcc/arm-none-eabi/4.7.3/../../../../arm-none-eabi/lib/armv7-m\libc_s.a(lib_a-impure.o)
 .text          0x00000000        0x0 c:/program files (x86)/cypress/psoc creator/3.0/psoc creator/import/gnu_cs/arm/4.7.3/bin/../lib/gcc/arm-none-eabi/4.7.3/../../../../arm-none-eabi/lib/armv7-m\libc_s.a(lib_a-init.o)
 .data          0x00000000        0x0 c:/program files (x86)/cypress/psoc creator/3.0/psoc creator/import/gnu_cs/arm/4.7.3/bin/../lib/gcc/arm-none-eabi/4.7.3/../../../../arm-none-eabi/lib/armv7-m\libc_s.a(lib_a-init.o)
 .bss           0x00000000        0x0 c:/program files (x86)/cypress/psoc creator/3.0/psoc creator/import/gnu_cs/arm/4.7.3/bin/../lib/gcc/arm-none-eabi/4.7.3/../../../../arm-none-eabi/lib/armv7-m\libc_s.a(lib_a-init.o)
 .text          0x00000000        0x0 c:/program files (x86)/cypress/psoc creator/3.0/psoc creator/import/gnu_cs/arm/4.7.3/bin/../lib/gcc/arm-none-eabi/4.7.3/../../../../arm-none-eabi/lib/armv7-m\libc_s.a(lib_a-memcpy.o)
 .data          0x00000000        0x0 c:/program files (x86)/cypress/psoc creator/3.0/psoc creator/import/gnu_cs/arm/4.7.3/bin/../lib/gcc/arm-none-eabi/4.7.3/../../../../arm-none-eabi/lib/armv7-m\libc_s.a(lib_a-memcpy.o)
 .bss           0x00000000        0x0 c:/program files (x86)/cypress/psoc creator/3.0/psoc creator/import/gnu_cs/arm/4.7.3/bin/../lib/gcc/arm-none-eabi/4.7.3/../../../../arm-none-eabi/lib/armv7-m\libc_s.a(lib_a-memcpy.o)
 .text          0x00000000        0x0 c:/program files (x86)/cypress/psoc creator/3.0/psoc creator/import/gnu_cs/arm/4.7.3/bin/../lib/gcc/arm-none-eabi/4.7.3/../../../../arm-none-eabi/lib/armv7-m\libc_s.a(lib_a-memset.o)
 .data          0x00000000        0x0 c:/program files (x86)/cypress/psoc creator/3.0/psoc creator/import/gnu_cs/arm/4.7.3/bin/../lib/gcc/arm-none-eabi/4.7.3/../../../../arm-none-eabi/lib/armv7-m\libc_s.a(lib_a-memset.o)
 .bss           0x00000000        0x0 c:/program files (x86)/cypress/psoc creator/3.0/psoc creator/import/gnu_cs/arm/4.7.3/bin/../lib/gcc/arm-none-eabi/4.7.3/../../../../arm-none-eabi/lib/armv7-m\libc_s.a(lib_a-memset.o)
 .text          0x00000000        0x0 c:/program files (x86)/cypress/psoc creator/3.0/psoc creator/import/gnu_cs/arm/4.7.3/bin/../lib/gcc/arm-none-eabi/4.7.3/armv7-m/crtend.o
 .data          0x00000000        0x0 c:/program files (x86)/cypress/psoc creator/3.0/psoc creator/import/gnu_cs/arm/4.7.3/bin/../lib/gcc/arm-none-eabi/4.7.3/armv7-m/crtend.o
 .bss           0x00000000        0x0 c:/program files (x86)/cypress/psoc creator/3.0/psoc creator/import/gnu_cs/arm/4.7.3/bin/../lib/gcc/arm-none-eabi/4.7.3/armv7-m/crtend.o
 .text          0x00000000        0x0 c:/program files (x86)/cypress/psoc creator/3.0/psoc creator/import/gnu_cs/arm/4.7.3/bin/../lib/gcc/arm-none-eabi/4.7.3/armv7-m/crtn.o
 .data          0x00000000        0x0 c:/program files (x86)/cypress/psoc creator/3.0/psoc creator/import/gnu_cs/arm/4.7.3/bin/../lib/gcc/arm-none-eabi/4.7.3/armv7-m/crtn.o
 .bss           0x00000000        0x0 c:/program files (x86)/cypress/psoc creator/3.0/psoc creator/import/gnu_cs/arm/4.7.3/bin/../lib/gcc/arm-none-eabi/4.7.3/armv7-m/crtn.o

Memory Configuration

Name             Origin             Length             Attributes
rom              0x00000000         0x00040000         xr
ram              0x1fff8000         0x00010000         xrw
*default*        0x00000000         0xffffffff

Linker script and memory map

LOAD c:/program files (x86)/cypress/psoc creator/3.0/psoc creator/import/gnu_cs/arm/4.7.3/bin/../lib/gcc/arm-none-eabi/4.7.3/armv7-m/crti.o
LOAD c:/program files (x86)/cypress/psoc creator/3.0/psoc creator/import/gnu_cs/arm/4.7.3/bin/../lib/gcc/arm-none-eabi/4.7.3/armv7-m/crtbegin.o
LOAD c:/program files (x86)/cypress/psoc creator/3.0/psoc creator/import/gnu_cs/arm/4.7.3/bin/../lib/gcc/arm-none-eabi/4.7.3/../../../../arm-none-eabi/lib/armv7-m/crt0.o
START GROUP
LOAD .\CortexM3\ARM_GCC_473\Debug\main.o
LOAD .\CortexM3\ARM_GCC_473\Debug\Cm3Start.o
LOAD .\CortexM3\ARM_GCC_473\Debug\cymetadata.o
LOAD .\CortexM3\ARM_GCC_473\Debug\RS232.a
LOAD C:\Program Files (x86)\Cypress\PSoC Creator\3.0\PSoC Creator\psoc\content\cycomponentlibrary\CyComponentLibrary.cylib\CortexM3\ARM_GCC_473\Debug\CyComponentLibrary.a
END GROUP
START GROUP
LOAD c:/program files (x86)/cypress/psoc creator/3.0/psoc creator/import/gnu_cs/arm/4.7.3/bin/../lib/gcc/arm-none-eabi/4.7.3/armv7-m\libgcc.a
LOAD c:/program files (x86)/cypress/psoc creator/3.0/psoc creator/import/gnu_cs/arm/4.7.3/bin/../lib/gcc/arm-none-eabi/4.7.3/../../../../arm-none-eabi/lib/armv7-m\libc_s.a
END GROUP
LOAD c:/program files (x86)/cypress/psoc creator/3.0/psoc creator/import/gnu_cs/arm/4.7.3/bin/../lib/gcc/arm-none-eabi/4.7.3/armv7-m/crtend.o
LOAD c:/program files (x86)/cypress/psoc creator/3.0/psoc creator/import/gnu_cs/arm/4.7.3/bin/../lib/gcc/arm-none-eabi/4.7.3/armv7-m/crtn.o
START GROUP
LOAD c:/program files (x86)/cypress/psoc creator/3.0/psoc creator/import/gnu_cs/arm/4.7.3/bin/../lib/gcc/arm-none-eabi/4.7.3/armv7-m\libgcc.a
LOAD c:/program files (x86)/cypress/psoc creator/3.0/psoc creator/import/gnu_cs/arm/4.7.3/bin/../lib/gcc/arm-none-eabi/4.7.3/../../../../arm-none-eabi/lib/armv7-m\libc.a
LOAD c:/program files (x86)/cypress/psoc creator/3.0/psoc creator/import/gnu_cs/arm/4.7.3/bin/../lib/gcc/arm-none-eabi/4.7.3/../../../../arm-none-eabi/lib/armv7-m\libnosys.a
END GROUP
                0x00000000                CY_APPL_ORIGIN = 0x0
                0x00000100                CY_FLASH_ROW_SIZE = 0x100
                0x00000020                CY_ECC_ROW_SIZE = 0x20
                0x00000000                CY_EE_IN_BTLDR = 0x0
                0x00000000                CY_APPL_LOADABLE = 0x0
                0x00000800                CY_EE_SIZE = 0x800
                0x00000001                CY_APPL_NUM = 0x1
                0x00000001                CY_APPL_MAX = 0x1
                0x00000040                CY_METADATA_SIZE = 0x40
                0x1fff8140                PROVIDE (__cy_heap_start, _end)
                0x00000001                PROVIDE (__cy_region_num, ((__cy_regions_end - __cy_regions) / 0x10))
                0x20008000                PROVIDE (__cy_stack, (ORIGIN (ram) + 0x10000))
                0x20004000                PROVIDE (__cy_heap_end, (__cy_stack - 0x4000))

.cybootloader   0x00000000        0x0
 *(.cybootloader)
                0x00000000                appl1_start = CY_APPL_ORIGIN?CY_APPL_ORIGIN:ALIGN (CY_FLASH_ROW_SIZE)
                0x0001ff00                appl2_start = (appl1_start + ALIGN ((((0x40000 - appl1_start) - (0x2 * CY_FLASH_ROW_SIZE)) / 0x2), CY_FLASH_ROW_SIZE))
                0x00000000                appl_start = (CY_APPL_NUM == 0x1)?appl1_start:appl2_start
                0x00000000                ecc_offset = ((appl_start / CY_FLASH_ROW_SIZE) * CY_ECC_ROW_SIZE)
                0x00000000                ee_offset = (CY_APPL_LOADABLE && ! (CY_EE_IN_BTLDR))?((CY_EE_SIZE / CY_APPL_MAX) * (CY_APPL_NUM - 0x1)):0x0
                0x00000800                ee_size = (CY_APPL_LOADABLE && ! (CY_EE_IN_BTLDR))?(CY_EE_SIZE / CY_APPL_MAX):CY_EE_SIZE
                0x00000000                PROVIDE (CY_ECC_OFFSET, ecc_offset)

.text           0x00000000      0xeb2
 CREATE_OBJECT_SYMBOLS
                0x00000000                PROVIDE (__cy_interrupt_vector, RomVectors)
 *(.romvectors)
 .romvectors    0x00000000       0x10 .\CortexM3\ARM_GCC_473\Debug\Cm3Start.o
                0x00000000                RomVectors
                0x00000001                ASSERT ((. != __cy_interrupt_vector), No interrupt vector)
                0x00000001                ASSERT (CY_APPL_ORIGIN?(SIZEOF (.cybootloader) <= CY_APPL_ORIGIN):0x1, Wrong image location)
                0x00000010                PROVIDE (__cy_reset, Reset)
 *(.text.Reset)
 .text.Reset    0x00000010       0x1c .\CortexM3\ARM_GCC_473\Debug\Cm3Start.o
                0x00000010                Reset
                0x00000001                ASSERT ((. != __cy_reset), No reset code)
 *(.dma_init)
                0x00000001                ASSERT ((((appl_start + .) <= 0x10000) || 0x1), DMA Init must be within the first 64k of flash)
 *(.text .text.* .gnu.linkonce.t.*)
 .text          0x0000002c       0x54 c:/program files (x86)/cypress/psoc creator/3.0/psoc creator/import/gnu_cs/arm/4.7.3/bin/../lib/gcc/arm-none-eabi/4.7.3/armv7-m/crtbegin.o
 .text.RX_INT   0x00000080       0x14 .\CortexM3\ARM_GCC_473\Debug\main.o
                0x00000080                RX_INT
 .text.main     0x00000094       0x28 .\CortexM3\ARM_GCC_473\Debug\main.o
                0x00000094                main
 .text.IntDefaultHandler
                0x000000bc        0x8 .\CortexM3\ARM_GCC_473\Debug\Cm3Start.o
                0x000000bc                IntDefaultHandler
 .text.Start_c  0x000000c4       0xcc .\CortexM3\ARM_GCC_473\Debug\Cm3Start.o
                0x000000c4                Start_c
 .text.initialize_psoc
                0x00000190       0xb4 .\CortexM3\ARM_GCC_473\Debug\Cm3Start.o
                0x00000190                initialize_psoc
 .text.CYMEMZERO
                0x00000244       0x20 .\CortexM3\ARM_GCC_473\Debug\RS232.a(cyfitter_cfg.o)
 .text.CYCONFIGCPY
                0x00000264       0x20 .\CortexM3\ARM_GCC_473\Debug\RS232.a(cyfitter_cfg.o)
 .text.CyClockStartupError
                0x00000284        0xc .\CortexM3\ARM_GCC_473\Debug\RS232.a(cyfitter_cfg.o)
 .text.cfg_write_bytes32
                0x00000290       0x84 .\CortexM3\ARM_GCC_473\Debug\RS232.a(cyfitter_cfg.o)
 .text.ClockSetup
                0x00000314      0x150 .\CortexM3\ARM_GCC_473\Debug\RS232.a(cyfitter_cfg.o)
 .text.AnalogSetDefault
                0x00000464       0x50 .\CortexM3\ARM_GCC_473\Debug\RS232.a(cyfitter_cfg.o)
 .text.cyfitter_cfg
                0x000004b4      0x1f4 .\CortexM3\ARM_GCC_473\Debug\RS232.a(cyfitter_cfg.o)
                0x000004b4                cyfitter_cfg
 .text          0x000006a8       0x28 .\CortexM3\ARM_GCC_473\Debug\RS232.a(CyBootAsmGnu.o)
                0x000006a8                CyDelayCycles
                0x000006bc                CyEnterCriticalSection
                0x000006c4                CyExitCriticalSection
 .text.CyDelay  0x000006d0       0x48 .\CortexM3\ARM_GCC_473\Debug\RS232.a(CyLib.o)
                0x000006d0                CyDelay
 .text.CyDelayUs
                0x00000718       0x28 .\CortexM3\ARM_GCC_473\Debug\RS232.a(CyLib.o)
                0x00000718                CyDelayUs
 .text.LCD_Init
                0x00000740       0x90 .\CortexM3\ARM_GCC_473\Debug\RS232.a(LCD.o)
                0x00000740                LCD_Init
 .text.LCD_Enable
                0x000007d0       0x1c .\CortexM3\ARM_GCC_473\Debug\RS232.a(LCD.o)
                0x000007d0                LCD_Enable
 .text.LCD_Start
                0x000007ec       0x2c .\CortexM3\ARM_GCC_473\Debug\RS232.a(LCD.o)
                0x000007ec                LCD_Start
 .text.LCD_PutChar
                0x00000818       0x1c .\CortexM3\ARM_GCC_473\Debug\RS232.a(LCD.o)
                0x00000818                LCD_PutChar
 .text.LCD_WriteData
                0x00000834       0x38 .\CortexM3\ARM_GCC_473\Debug\RS232.a(LCD.o)
                0x00000834                LCD_WriteData
 .text.LCD_WriteControl
                0x0000086c       0x38 .\CortexM3\ARM_GCC_473\Debug\RS232.a(LCD.o)
                0x0000086c                LCD_WriteControl
 .text.LCD_IsReady
                0x000008a4      0x208 .\CortexM3\ARM_GCC_473\Debug\RS232.a(LCD.o)
                0x000008a4                LCD_IsReady
 .text.LCD_WrDatNib
                0x00000aac       0xb0 .\CortexM3\ARM_GCC_473\Debug\RS232.a(LCD.o)
 .text.LCD_WrCntrlNib
                0x00000b5c       0x90 .\CortexM3\ARM_GCC_473\Debug\RS232.a(LCD.o)
 .text.UART_Start
                0x00000bec       0x2c .\CortexM3\ARM_GCC_473\Debug\RS232.a(UART.o)
                0x00000bec                UART_Start
 .text.UART_Init
                0x00000c18       0x50 .\CortexM3\ARM_GCC_473\Debug\RS232.a(UART.o)
                0x00000c18                UART_Init
 .text.UART_Enable
                0x00000c68       0x78 .\CortexM3\ARM_GCC_473\Debug\RS232.a(UART.o)
                0x00000c68                UART_Enable
 .text.UART_ReadRxData
                0x00000ce0       0x20 .\CortexM3\ARM_GCC_473\Debug\RS232.a(UART.o)
                0x00000ce0                UART_ReadRxData
 .text.UART_ClearRxBuffer
                0x00000d00       0x58 .\CortexM3\ARM_GCC_473\Debug\RS232.a(UART.o)
                0x00000d00                UART_ClearRxBuffer
 .text.rx_int_StartEx
                0x00000d58       0x28 .\CortexM3\ARM_GCC_473\Debug\RS232.a(rx_int.o)
                0x00000d58                rx_int_StartEx
 .text.rx_int_SetVector
                0x00000d80       0x28 .\CortexM3\ARM_GCC_473\Debug\RS232.a(rx_int.o)
                0x00000d80                rx_int_SetVector
 .text.rx_int_SetPriority
                0x00000da8       0x28 .\CortexM3\ARM_GCC_473\Debug\RS232.a(rx_int.o)
                0x00000da8                rx_int_SetPriority
 .text.rx_int_Enable
                0x00000dd0       0x18 .\CortexM3\ARM_GCC_473\Debug\RS232.a(rx_int.o)
                0x00000dd0                rx_int_Enable
 .text.rx_int_Disable
                0x00000de8       0x18 .\CortexM3\ARM_GCC_473\Debug\RS232.a(rx_int.o)
                0x00000de8                rx_int_Disable
 .text.UART_IntClock_Start
                0x00000e00       0x44 .\CortexM3\ARM_GCC_473\Debug\RS232.a(UART_IntClock.o)
                0x00000e00                UART_IntClock_Start
 .text.__libc_init_array
                0x00000e44       0x4c c:/program files (x86)/cypress/psoc creator/3.0/psoc creator/import/gnu_cs/arm/4.7.3/bin/../lib/gcc/arm-none-eabi/4.7.3/../../../../arm-none-eabi/lib/armv7-m\libc_s.a(lib_a-init.o)
                0x00000e44                __libc_init_array
 .text.memcpy   0x00000e90       0x12 c:/program files (x86)/cypress/psoc creator/3.0/psoc creator/import/gnu_cs/arm/4.7.3/bin/../lib/gcc/arm-none-eabi/4.7.3/../../../../arm-none-eabi/lib/armv7-m\libc_s.a(lib_a-memcpy.o)
                0x00000e90                memcpy
 .text.memset   0x00000ea2       0x10 c:/program files (x86)/cypress/psoc creator/3.0/psoc creator/import/gnu_cs/arm/4.7.3/bin/../lib/gcc/arm-none-eabi/4.7.3/../../../../arm-none-eabi/lib/armv7-m\libc_s.a(lib_a-memset.o)
                0x00000ea2                memset
 *(.plt)
 *(.gnu.warning)
 *(.glue_7t)
 .glue_7t       0x00000000        0x0 linker stubs
 *(.glue_7)
 .glue_7        0x00000000        0x0 linker stubs
 *(.vfp11_veneer)
 .vfp11_veneer  0x00000000        0x0 linker stubs
 *(.bootloader)
 *(.ARM.extab* .gnu.linkonce.armextab.*)
 *(.gcc_except_table)

.v4_bx          0x00000eb4        0x0
 .v4_bx         0x00000000        0x0 linker stubs

.iplt           0x00000eb4        0x0
 .iplt          0x00000000        0x0 c:/program files (x86)/cypress/psoc creator/3.0/psoc creator/import/gnu_cs/arm/4.7.3/bin/../lib/gcc/arm-none-eabi/4.7.3/armv7-m/crtbegin.o

.eh_frame_hdr
 *(.eh_frame_hdr)

.eh_frame       0x00000eb4        0x4
 *(.eh_frame)
 .eh_frame      0x00000eb4        0x0 c:/program files (x86)/cypress/psoc creator/3.0/psoc creator/import/gnu_cs/arm/4.7.3/bin/../lib/gcc/arm-none-eabi/4.7.3/armv7-m/crtbegin.o
 .eh_frame      0x00000eb4        0x4 c:/program files (x86)/cypress/psoc creator/3.0/psoc creator/import/gnu_cs/arm/4.7.3/bin/../lib/gcc/arm-none-eabi/4.7.3/armv7-m/crtend.o
                0x00000eb8                PROVIDE (__exidx_start, .)

.ARM.exidx
 *(.ARM.exidx* .gnu.linkonce.armexidx.*)
                0x00000eb8                __exidx_end = .

.rodata         0x00000eb8       0x78
 *(.rodata .rodata.* .gnu.linkonce.r.*)
 .rodata        0x00000eb8       0x44 .\CortexM3\ARM_GCC_473\Debug\RS232.a(cyfitter_cfg.o)
                0x00000efc                . = ALIGN (0x4)
 *(.init)
 .init          0x00000efc        0x4 c:/program files (x86)/cypress/psoc creator/3.0/psoc creator/import/gnu_cs/arm/4.7.3/bin/../lib/gcc/arm-none-eabi/4.7.3/armv7-m/crti.o
                0x00000efc                _init
 .init          0x00000f00        0x8 c:/program files (x86)/cypress/psoc creator/3.0/psoc creator/import/gnu_cs/arm/4.7.3/bin/../lib/gcc/arm-none-eabi/4.7.3/armv7-m/crtn.o
                0x00000f08                . = ALIGN (0x4)
                0x00000f08                __preinit_array_start = .
 *(.preinit_array)
                0x00000f08                __preinit_array_end = .
                0x00000f08                . = ALIGN (0x4)
                0x00000f08                __init_array_start = .
 *(SORT(.init_array.*))
 *(.init_array)
 .init_array    0x00000f08        0x4 c:/program files (x86)/cypress/psoc creator/3.0/psoc creator/import/gnu_cs/arm/4.7.3/bin/../lib/gcc/arm-none-eabi/4.7.3/armv7-m/crtbegin.o
 .init_array    0x00000f0c        0x4 .\CortexM3\ARM_GCC_473\Debug\Cm3Start.o
                0x00000f10                __init_array_end = .
                0x00000f10                . = ALIGN (0x4)
 *(.fini)
 .fini          0x00000f10        0x4 c:/program files (x86)/cypress/psoc creator/3.0/psoc creator/import/gnu_cs/arm/4.7.3/bin/../lib/gcc/arm-none-eabi/4.7.3/armv7-m/crti.o
                0x00000f10                _fini
 .fini          0x00000f14        0x8 c:/program files (x86)/cypress/psoc creator/3.0/psoc creator/import/gnu_cs/arm/4.7.3/bin/../lib/gcc/arm-none-eabi/4.7.3/armv7-m/crtn.o
                0x00000f1c                . = ALIGN (0x4)
                0x00000f1c                __fini_array_start = .
 *(.fini_array)
 .fini_array    0x00000f1c        0x4 c:/program files (x86)/cypress/psoc creator/3.0/psoc creator/import/gnu_cs/arm/4.7.3/bin/../lib/gcc/arm-none-eabi/4.7.3/armv7-m/crtbegin.o
 *(SORT(.fini_array.*))
                0x00000f20                __fini_array_end = .
                0x00000f20                . = ALIGN (0x4)
 *crtbegin.o(.ctors)
 *(EXCLUDE_FILE(*crtend.o) .ctors)
 *(SORT(.ctors.*))
 *crtend.o(.ctors)
                0x00000f20                . = ALIGN (0x4)
 *crtbegin.o(.dtors)
 *(EXCLUDE_FILE(*crtend.o) .dtors)
 *(SORT(.dtors.*))
 *crtend.o(.dtors)
                0x00000f20                . = ALIGN (0x4)
                0x00000f20                __cy_regions = .
                0x00000f20        0x4 LONG 0xf30 __cy_region_init_ram
                0x00000f24        0x4 LONG 0x1fff8108 __cy_region_start_data
                0x00000f28        0x4 LONG 0x18 __cy_region_init_size_ram
                0x00000f2c        0x4 LONG 0x20 __cy_region_zero_size_ram
                0x00000f30                __cy_regions_end = .
                0x00000f30                . = ALIGN (0x8)
                0x00000f30                _etext = .

.ramvectors     0x1fff8000      0x100
                0x1fff8000                __cy_region_start_ram = .
 *(.ramvectors)
 .ramvectors    0x1fff8000      0x100 .\CortexM3\ARM_GCC_473\Debug\Cm3Start.o
                0x1fff8000                CyRamVectors

.noinit         0x1fff8100        0x5
 *(.noinit)
 .noinit        0x1fff8100        0x4 .\CortexM3\ARM_GCC_473\Debug\Cm3Start.o
 .noinit        0x1fff8104        0x1 .\CortexM3\ARM_GCC_473\Debug\RS232.a(CyLib.o)
                0x1fff8104                CyResetStatus

.data           0x1fff8108       0x18 load address 0x00000f30
                0x1fff8108                __cy_region_start_data = .
 *(.jcr)
 .jcr           0x1fff8108        0x0 c:/program files (x86)/cypress/psoc creator/3.0/psoc creator/import/gnu_cs/arm/4.7.3/bin/../lib/gcc/arm-none-eabi/4.7.3/armv7-m/crtbegin.o
 .jcr           0x1fff8108        0x4 c:/program files (x86)/cypress/psoc creator/3.0/psoc creator/import/gnu_cs/arm/4.7.3/bin/../lib/gcc/arm-none-eabi/4.7.3/armv7-m/crtend.o
 *(.got.plt)
 *(.got)
 *(.shdata)
 *(.data .data.* .gnu.linkonce.d.*)
 .data          0x1fff810c       0x10 .\CortexM3\ARM_GCC_473\Debug\RS232.a(CyLib.o)
                0x1fff810c                cydelay_freq_hz
                0x1fff8110                cydelay_freq_khz
                0x1fff8114                cydelay_freq_mhz
                0x1fff8118                cydelay_32k_ms
                0x1fff8120                . = ALIGN (0x8)
 *fill*         0x1fff811c        0x4 00
 *(.ram)
                0x1fff8120                _edata = .

.igot.plt       0x1fff8120        0x0 load address 0x00000f48
 .igot.plt      0x00000000        0x0 c:/program files (x86)/cypress/psoc creator/3.0/psoc creator/import/gnu_cs/arm/4.7.3/bin/../lib/gcc/arm-none-eabi/4.7.3/armv7-m/crtbegin.o

.bss            0x1fff8120       0x20 load address 0x00000f48
                0x1fff8120                PROVIDE (__bss_start__, .)
 *(.shbss)
 *(.bss .bss.* .gnu.linkonce.b.*)
 .bss           0x1fff8120       0x1c c:/program files (x86)/cypress/psoc creator/3.0/psoc creator/import/gnu_cs/arm/4.7.3/bin/../lib/gcc/arm-none-eabi/4.7.3/armv7-m/crtbegin.o
 .bss           0x1fff813c        0x2 .\CortexM3\ARM_GCC_473\Debug\RS232.a(LCD.o)
                0x1fff813c                LCD_enableState
                0x1fff813d                LCD_initVar
 .bss           0x1fff813e        0x2 .\CortexM3\ARM_GCC_473\Debug\RS232.a(UART.o)
                0x1fff813e                UART_initVar
 *(COMMON)
                0x1fff8140                . = ALIGN (0x8)
 *(.ram.b)
                0x1fff8140                _end = .
                0x1fff8140                __end = .
                0x1fff8140                PROVIDE (end, .)
                0x1fff8140                PROVIDE (__bss_end__, .)
                0x00000f30                __cy_region_init_ram = LOADADDR (.data)
                0x00000018                __cy_region_init_size_ram = (_edata - ADDR (.data))
                0x00000020                __cy_region_zero_size_ram = (_end - _edata)

.heap           0x1fff8140     0x1000 load address 0x00000f48
                0x1fff8140                . = _end
                0x1fff9140                . = (. + 0x1000)
 *fill*         0x1fff8140     0x1000 00
                0x1fff9140                __cy_heap_limit = .

.stack          0x20004000     0x4000
                0x20004000                __cy_stack_limit = .
                0x20008000                . = (. + 0x4000)
 *fill*         0x20004000     0x4000 00
                0x00000001                ASSERT ((__cy_stack_limit >= __cy_heap_limit), region RAM overflowed with stack)

.cyloadermeta
 *(.cyloadermeta)

.cyloadablemeta
 *(.cyloadablemeta)

.cyconfigecc    0x80000000      0x420
 *(.cyconfigecc)
 .cyconfigecc   0x80000000      0x420 .\CortexM3\ARM_GCC_473\Debug\cymetadata.o
                0x80000000                cy_meta_configecc

.cycustnvl      0x90000000        0x4
 *(.cycustnvl)
 .cycustnvl     0x90000000        0x4 .\CortexM3\ARM_GCC_473\Debug\cymetadata.o
                0x90000000                cy_meta_custnvl

.cywolatch      0x90100000        0x4
 *(.cywolatch)
 .cywolatch     0x90100000        0x4 .\CortexM3\ARM_GCC_473\Debug\cymetadata.o
                0x90100000                cy_meta_wonvl

.cyeeprom       0x90200000        0x0
 *(.cyeeprom)
                0x00000001                ASSERT ((. <= ((0x90200000 + ee_offset) + ee_size)), .cyeeprom data will not fit in EEPROM)

.cyflashprotect
                0x90400000      0x100
 *(.cyflashprotect)
 .cyflashprotect
                0x90400000      0x100 .\CortexM3\ARM_GCC_473\Debug\cymetadata.o
                0x90400000                cy_meta_flashprotect

.cymeta         0x90500000        0xc
 *(.cymeta)
 .cymeta        0x90500000        0xc .\CortexM3\ARM_GCC_473\Debug\cymetadata.o
                0x90500000                cy_metadata

.rel.dyn        0x00000f48        0x0 load address 0x9050000c
 .rel.iplt      0x00000000        0x0 c:/program files (x86)/cypress/psoc creator/3.0/psoc creator/import/gnu_cs/arm/4.7.3/bin/../lib/gcc/arm-none-eabi/4.7.3/armv7-m/crtbegin.o

.stab
 *(.stab)

.stabstr
 *(.stabstr)

.debug
 *(.debug)

.line
 *(.line)

.debug_srcinfo
 *(.debug_srcinfo)

.debug_sfnames
 *(.debug_sfnames)

.debug_aranges  0x00000000      0x6f8
 *(.debug_aranges)
 .debug_aranges
                0x00000000       0x28 .\CortexM3\ARM_GCC_473\Debug\main.o
 .debug_aranges
                0x00000028       0x40 .\CortexM3\ARM_GCC_473\Debug\Cm3Start.o
 .debug_aranges
                0x00000068       0x18 .\CortexM3\ARM_GCC_473\Debug\cymetadata.o
 .debug_aranges
                0x00000080       0x60 .\CortexM3\ARM_GCC_473\Debug\RS232.a(cyfitter_cfg.o)
 .debug_aranges
                0x000000e0       0x20 .\CortexM3\ARM_GCC_473\Debug\RS232.a(CyBootAsmGnu.o)
 .debug_aranges
                0x00000100      0x218 .\CortexM3\ARM_GCC_473\Debug\RS232.a(CyLib.o)
 .debug_aranges
                0x00000318       0x90 .\CortexM3\ARM_GCC_473\Debug\RS232.a(cyPm.o)
 .debug_aranges
                0x000003a8       0x90 .\CortexM3\ARM_GCC_473\Debug\RS232.a(LCD.o)
 .debug_aranges
                0x00000438       0xf0 .\CortexM3\ARM_GCC_473\Debug\RS232.a(UART.o)
 .debug_aranges
                0x00000528       0x80 .\CortexM3\ARM_GCC_473\Debug\RS232.a(rx_int.o)
 .debug_aranges
                0x000005a8       0x70 .\CortexM3\ARM_GCC_473\Debug\RS232.a(UART_IntClock.o)
 .debug_aranges
                0x00000618       0x78 .\CortexM3\ARM_GCC_473\Debug\RS232.a(CyFlash.o)
 .debug_aranges
                0x00000690       0x68 .\CortexM3\ARM_GCC_473\Debug\RS232.a(CySpc.o)

.debug_pubnames
 *(.debug_pubnames)

.debug_info     0x00000000     0x3230
 *(.debug_info .gnu.linkonce.wi.*)
 .debug_info    0x00000000       0xd5 .\CortexM3\ARM_GCC_473\Debug\main.o
 .debug_info    0x000000d5      0x2ea .\CortexM3\ARM_GCC_473\Debug\Cm3Start.o
 .debug_info    0x000003bf      0x13f .\CortexM3\ARM_GCC_473\Debug\cymetadata.o
 .debug_info    0x000004fe      0x47e .\CortexM3\ARM_GCC_473\Debug\RS232.a(cyfitter_cfg.o)
 .debug_info    0x0000097c       0x84 .\CortexM3\ARM_GCC_473\Debug\RS232.a(CyBootAsmGnu.o)
 .debug_info    0x00000a00      0xcd7 .\CortexM3\ARM_GCC_473\Debug\RS232.a(CyLib.o)
 .debug_info    0x000016d7      0x5c3 .\CortexM3\ARM_GCC_473\Debug\RS232.a(cyPm.o)
 .debug_info    0x00001c9a      0x3d2 .\CortexM3\ARM_GCC_473\Debug\RS232.a(LCD.o)
 .debug_info    0x0000206c      0x58b .\CortexM3\ARM_GCC_473\Debug\RS232.a(UART.o)
 .debug_info    0x000025f7      0x278 .\CortexM3\ARM_GCC_473\Debug\RS232.a(rx_int.o)
 .debug_info    0x0000286f      0x294 .\CortexM3\ARM_GCC_473\Debug\RS232.a(UART_IntClock.o)
 .debug_info    0x00002b03      0x354 .\CortexM3\ARM_GCC_473\Debug\RS232.a(CyFlash.o)
 .debug_info    0x00002e57      0x3d9 .\CortexM3\ARM_GCC_473\Debug\RS232.a(CySpc.o)

.debug_abbrev   0x00000000      0xf42
 *(.debug_abbrev)
 .debug_abbrev  0x00000000       0x7f .\CortexM3\ARM_GCC_473\Debug\main.o
 .debug_abbrev  0x0000007f      0x175 .\CortexM3\ARM_GCC_473\Debug\Cm3Start.o
 .debug_abbrev  0x000001f4       0x66 .\CortexM3\ARM_GCC_473\Debug\cymetadata.o
 .debug_abbrev  0x0000025a      0x1b9 .\CortexM3\ARM_GCC_473\Debug\RS232.a(cyfitter_cfg.o)
 .debug_abbrev  0x00000413       0x14 .\CortexM3\ARM_GCC_473\Debug\RS232.a(CyBootAsmGnu.o)
 .debug_abbrev  0x00000427      0x207 .\CortexM3\ARM_GCC_473\Debug\RS232.a(CyLib.o)
 .debug_abbrev  0x0000062e      0x170 .\CortexM3\ARM_GCC_473\Debug\RS232.a(cyPm.o)
 .debug_abbrev  0x0000079e      0x122 .\CortexM3\ARM_GCC_473\Debug\RS232.a(LCD.o)
 .debug_abbrev  0x000008c0      0x165 .\CortexM3\ARM_GCC_473\Debug\RS232.a(UART.o)
 .debug_abbrev  0x00000a25      0x12d .\CortexM3\ARM_GCC_473\Debug\RS232.a(rx_int.o)
 .debug_abbrev  0x00000b52      0x11f .\CortexM3\ARM_GCC_473\Debug\RS232.a(UART_IntClock.o)
 .debug_abbrev  0x00000c71      0x172 .\CortexM3\ARM_GCC_473\Debug\RS232.a(CyFlash.o)
 .debug_abbrev  0x00000de3      0x15f .\CortexM3\ARM_GCC_473\Debug\RS232.a(CySpc.o)

.debug_line     0x00000000     0x1b49
 *(.debug_line)
 .debug_line    0x00000000      0x121 .\CortexM3\ARM_GCC_473\Debug\main.o
 .debug_line    0x00000121      0x1b0 .\CortexM3\ARM_GCC_473\Debug\Cm3Start.o
 .debug_line    0x000002d1       0x53 .\CortexM3\ARM_GCC_473\Debug\cymetadata.o
 .debug_line    0x00000324      0x220 .\CortexM3\ARM_GCC_473\Debug\RS232.a(cyfitter_cfg.o)
 .debug_line    0x00000544       0x68 .\CortexM3\ARM_GCC_473\Debug\RS232.a(CyBootAsmGnu.o)
 .debug_line    0x000005ac      0x73b .\CortexM3\ARM_GCC_473\Debug\RS232.a(CyLib.o)
 .debug_line    0x00000ce7      0x347 .\CortexM3\ARM_GCC_473\Debug\RS232.a(cyPm.o)
 .debug_line    0x0000102e      0x1f9 .\CortexM3\ARM_GCC_473\Debug\RS232.a(LCD.o)
 .debug_line    0x00001227      0x2ef .\CortexM3\ARM_GCC_473\Debug\RS232.a(UART.o)
 .debug_line    0x00001516      0x141 .\CortexM3\ARM_GCC_473\Debug\RS232.a(rx_int.o)
 .debug_line    0x00001657      0x1a4 .\CortexM3\ARM_GCC_473\Debug\RS232.a(UART_IntClock.o)
 .debug_line    0x000017fb      0x1a7 .\CortexM3\ARM_GCC_473\Debug\RS232.a(CyFlash.o)
 .debug_line    0x000019a2      0x1a7 .\CortexM3\ARM_GCC_473\Debug\RS232.a(CySpc.o)

.debug_frame    0x00000000     0x16cc
 *(.debug_frame)
 .debug_frame   0x00000000       0x48 .\CortexM3\ARM_GCC_473\Debug\main.o
 .debug_frame   0x00000048       0xa4 .\CortexM3\ARM_GCC_473\Debug\Cm3Start.o
 .debug_frame   0x000000ec      0x120 .\CortexM3\ARM_GCC_473\Debug\RS232.a(cyfitter_cfg.o)
 .debug_frame   0x0000020c      0x778 .\CortexM3\ARM_GCC_473\Debug\RS232.a(CyLib.o)
 .debug_frame   0x00000984      0x1d0 .\CortexM3\ARM_GCC_473\Debug\RS232.a(cyPm.o)
 .debug_frame   0x00000b54      0x1e0 .\CortexM3\ARM_GCC_473\Debug\RS232.a(LCD.o)
 .debug_frame   0x00000d34      0x328 .\CortexM3\ARM_GCC_473\Debug\RS232.a(UART.o)
 .debug_frame   0x0000105c      0x180 .\CortexM3\ARM_GCC_473\Debug\RS232.a(rx_int.o)
 .debug_frame   0x000011dc      0x14c .\CortexM3\ARM_GCC_473\Debug\RS232.a(UART_IntClock.o)
 .debug_frame   0x00001328      0x178 .\CortexM3\ARM_GCC_473\Debug\RS232.a(CyFlash.o)
 .debug_frame   0x000014a0      0x13c .\CortexM3\ARM_GCC_473\Debug\RS232.a(CySpc.o)
 .debug_frame   0x000015dc       0x28 c:/program files (x86)/cypress/psoc creator/3.0/psoc creator/import/gnu_cs/arm/4.7.3/bin/../lib/gcc/arm-none-eabi/4.7.3/../../../../arm-none-eabi/lib/armv7-m\libc_s.a(lib_a-__atexit2.o)
 .debug_frame   0x00001604       0x28 c:/program files (x86)/cypress/psoc creator/3.0/psoc creator/import/gnu_cs/arm/4.7.3/bin/../lib/gcc/arm-none-eabi/4.7.3/../../../../arm-none-eabi/lib/armv7-m\libc_s.a(lib_a-exit.o)
 .debug_frame   0x0000162c       0x2c c:/program files (x86)/cypress/psoc creator/3.0/psoc creator/import/gnu_cs/arm/4.7.3/bin/../lib/gcc/arm-none-eabi/4.7.3/../../../../arm-none-eabi/lib/armv7-m\libc_s.a(lib_a-fini.o)
 .debug_frame   0x00001658       0x2c c:/program files (x86)/cypress/psoc creator/3.0/psoc creator/import/gnu_cs/arm/4.7.3/bin/../lib/gcc/arm-none-eabi/4.7.3/../../../../arm-none-eabi/lib/armv7-m\libc_s.a(lib_a-init.o)
 .debug_frame   0x00001684       0x28 c:/program files (x86)/cypress/psoc creator/3.0/psoc creator/import/gnu_cs/arm/4.7.3/bin/../lib/gcc/arm-none-eabi/4.7.3/../../../../arm-none-eabi/lib/armv7-m\libc_s.a(lib_a-memcpy.o)
 .debug_frame   0x000016ac       0x20 c:/program files (x86)/cypress/psoc creator/3.0/psoc creator/import/gnu_cs/arm/4.7.3/bin/../lib/gcc/arm-none-eabi/4.7.3/../../../../arm-none-eabi/lib/armv7-m\libc_s.a(lib_a-memset.o)

.debug_str      0x00000000     0x1688
 *(.debug_str)
 .debug_str     0x00000000      0x10d .\CortexM3\ARM_GCC_473\Debug\main.o
                                0x146 (size before relaxing)
 .debug_str     0x0000010d      0x11f .\CortexM3\ARM_GCC_473\Debug\Cm3Start.o
                                0x255 (size before relaxing)
 .debug_str     0x0000022c       0x77 .\CortexM3\ARM_GCC_473\Debug\cymetadata.o
                                0x199 (size before relaxing)
 .debug_str     0x000002a3      0x193 .\CortexM3\ARM_GCC_473\Debug\RS232.a(cyfitter_cfg.o)
                                0x2db (size before relaxing)
 .debug_str     0x00000436      0x642 .\CortexM3\ARM_GCC_473\Debug\RS232.a(CyLib.o)
                                0x7bb (size before relaxing)
 .debug_str     0x00000a78      0x371 .\CortexM3\ARM_GCC_473\Debug\RS232.a(cyPm.o)
                                0x4ca (size before relaxing)
 .debug_str     0x00000de9      0x158 .\CortexM3\ARM_GCC_473\Debug\RS232.a(LCD.o)
                                0x29b (size before relaxing)
 .debug_str     0x00000f41      0x277 .\CortexM3\ARM_GCC_473\Debug\RS232.a(UART.o)
                                0x3c6 (size before relaxing)
 .debug_str     0x000011b8       0xf6 .\CortexM3\ARM_GCC_473\Debug\RS232.a(rx_int.o)
                                0x257 (size before relaxing)
 .debug_str     0x000012ae      0x1ac .\CortexM3\ARM_GCC_473\Debug\RS232.a(UART_IntClock.o)
                                0x2e5 (size before relaxing)
 .debug_str     0x0000145a      0x130 .\CortexM3\ARM_GCC_473\Debug\RS232.a(CyFlash.o)
                                0x290 (size before relaxing)
 .debug_str     0x0000158a       0xfe .\CortexM3\ARM_GCC_473\Debug\RS232.a(CySpc.o)
                                0x26c (size before relaxing)

.debug_loc      0x00000000     0x2508
 *(.debug_loc)
 .debug_loc     0x00000000       0x58 .\CortexM3\ARM_GCC_473\Debug\main.o
 .debug_loc     0x00000058      0x100 .\CortexM3\ARM_GCC_473\Debug\Cm3Start.o
 .debug_loc     0x00000158      0x1f8 .\CortexM3\ARM_GCC_473\Debug\RS232.a(cyfitter_cfg.o)
 .debug_loc     0x00000350      0xce0 .\CortexM3\ARM_GCC_473\Debug\RS232.a(CyLib.o)
 .debug_loc     0x00001030      0x2e8 .\CortexM3\ARM_GCC_473\Debug\RS232.a(cyPm.o)
 .debug_loc     0x00001318      0x318 .\CortexM3\ARM_GCC_473\Debug\RS232.a(LCD.o)
 .debug_loc     0x00001630      0x5ac .\CortexM3\ARM_GCC_473\Debug\RS232.a(UART.o)
 .debug_loc     0x00001bdc      0x278 .\CortexM3\ARM_GCC_473\Debug\RS232.a(rx_int.o)
 .debug_loc     0x00001e54      0x22c .\CortexM3\ARM_GCC_473\Debug\RS232.a(UART_IntClock.o)
 .debug_loc     0x00002080      0x258 .\CortexM3\ARM_GCC_473\Debug\RS232.a(CyFlash.o)
 .debug_loc     0x000022d8      0x230 .\CortexM3\ARM_GCC_473\Debug\RS232.a(CySpc.o)

.debug_macinfo
 *(.debug_macinfo)

.debug_ranges   0x00000000      0x610
 *(.debug_ranges)
 .debug_ranges  0x00000000       0x18 .\CortexM3\ARM_GCC_473\Debug\main.o
 .debug_ranges  0x00000018       0x30 .\CortexM3\ARM_GCC_473\Debug\Cm3Start.o
 .debug_ranges  0x00000048       0x50 .\CortexM3\ARM_GCC_473\Debug\RS232.a(cyfitter_cfg.o)
 .debug_ranges  0x00000098      0x208 .\CortexM3\ARM_GCC_473\Debug\RS232.a(CyLib.o)
 .debug_ranges  0x000002a0       0x80 .\CortexM3\ARM_GCC_473\Debug\RS232.a(cyPm.o)
 .debug_ranges  0x00000320       0x80 .\CortexM3\ARM_GCC_473\Debug\RS232.a(LCD.o)
 .debug_ranges  0x000003a0       0xe0 .\CortexM3\ARM_GCC_473\Debug\RS232.a(UART.o)
 .debug_ranges  0x00000480       0x70 .\CortexM3\ARM_GCC_473\Debug\RS232.a(rx_int.o)
 .debug_ranges  0x000004f0       0x60 .\CortexM3\ARM_GCC_473\Debug\RS232.a(UART_IntClock.o)
 .debug_ranges  0x00000550       0x68 .\CortexM3\ARM_GCC_473\Debug\RS232.a(CyFlash.o)
 .debug_ranges  0x000005b8       0x58 .\CortexM3\ARM_GCC_473\Debug\RS232.a(CySpc.o)

.comment        0x00000000       0x70
 .comment       0x00000000       0x70 .\CortexM3\ARM_GCC_473\Debug\main.o
                                 0x71 (size before relaxing)
 .comment       0x00000000       0x71 .\CortexM3\ARM_GCC_473\Debug\Cm3Start.o
 .comment       0x00000000       0x71 .\CortexM3\ARM_GCC_473\Debug\cymetadata.o
 .comment       0x00000000       0x71 .\CortexM3\ARM_GCC_473\Debug\RS232.a(cyfitter_cfg.o)
 .comment       0x00000000       0x71 .\CortexM3\ARM_GCC_473\Debug\RS232.a(CyLib.o)
 .comment       0x00000000       0x71 .\CortexM3\ARM_GCC_473\Debug\RS232.a(cyPm.o)
 .comment       0x00000000       0x71 .\CortexM3\ARM_GCC_473\Debug\RS232.a(LCD.o)
 .comment       0x00000000       0x71 .\CortexM3\ARM_GCC_473\Debug\RS232.a(UART.o)
 .comment       0x00000000       0x71 .\CortexM3\ARM_GCC_473\Debug\RS232.a(rx_int.o)
 .comment       0x00000000       0x71 .\CortexM3\ARM_GCC_473\Debug\RS232.a(UART_IntClock.o)
 .comment       0x00000000       0x71 .\CortexM3\ARM_GCC_473\Debug\RS232.a(CyFlash.o)
 .comment       0x00000000       0x71 .\CortexM3\ARM_GCC_473\Debug\RS232.a(CySpc.o)

.debug_weaknames
 *(.debug_weaknames)

.debug_funcnames
 *(.debug_funcnames)

.debug_typenames
 *(.debug_typenames)

.debug_varnames
 *(.debug_varnames)

.note.gnu.arm.ident
 *(.note.gnu.arm.ident)

.ARM.attributes
                0x00000000       0x29
 *(.ARM.attributes)
 .ARM.attributes
                0x00000000       0x1d c:/program files (x86)/cypress/psoc creator/3.0/psoc creator/import/gnu_cs/arm/4.7.3/bin/../lib/gcc/arm-none-eabi/4.7.3/armv7-m/crti.o
 .ARM.attributes
                0x0000001d       0x2d c:/program files (x86)/cypress/psoc creator/3.0/psoc creator/import/gnu_cs/arm/4.7.3/bin/../lib/gcc/arm-none-eabi/4.7.3/armv7-m/crtbegin.o
 .ARM.attributes
                0x0000004a       0x1b c:/program files (x86)/cypress/psoc creator/3.0/psoc creator/import/gnu_cs/arm/4.7.3/bin/../lib/gcc/arm-none-eabi/4.7.3/../../../../arm-none-eabi/lib/armv7-m/crt0.o
 .ARM.attributes
                0x00000065       0x33 .\CortexM3\ARM_GCC_473\Debug\main.o
 .ARM.attributes
                0x00000098       0x33 .\CortexM3\ARM_GCC_473\Debug\Cm3Start.o
 .ARM.attributes
                0x000000cb       0x33 .\CortexM3\ARM_GCC_473\Debug\cymetadata.o
 .ARM.attributes
                0x000000fe       0x33 .\CortexM3\ARM_GCC_473\Debug\RS232.a(cyfitter_cfg.o)
 .ARM.attributes
                0x00000131       0x21 .\CortexM3\ARM_GCC_473\Debug\RS232.a(CyBootAsmGnu.o)
 .ARM.attributes
                0x00000152       0x33 .\CortexM3\ARM_GCC_473\Debug\RS232.a(CyLib.o)
 .ARM.attributes
                0x00000185       0x33 .\CortexM3\ARM_GCC_473\Debug\RS232.a(cyPm.o)
 .ARM.attributes
                0x000001b8       0x33 .\CortexM3\ARM_GCC_473\Debug\RS232.a(LCD.o)
 .ARM.attributes
                0x000001eb       0x33 .\CortexM3\ARM_GCC_473\Debug\RS232.a(UART.o)
 .ARM.attributes
                0x0000021e       0x33 .\CortexM3\ARM_GCC_473\Debug\RS232.a(rx_int.o)
 .ARM.attributes
                0x00000251       0x33 .\CortexM3\ARM_GCC_473\Debug\RS232.a(UART_IntClock.o)
 .ARM.attributes
                0x00000284       0x33 .\CortexM3\ARM_GCC_473\Debug\RS232.a(CyFlash.o)
 .ARM.attributes
                0x000002b7       0x33 .\CortexM3\ARM_GCC_473\Debug\RS232.a(CySpc.o)
 .ARM.attributes
                0x000002ea       0x2d c:/program files (x86)/cypress/psoc creator/3.0/psoc creator/import/gnu_cs/arm/4.7.3/bin/../lib/gcc/arm-none-eabi/4.7.3/../../../../arm-none-eabi/lib/armv7-m\libc_s.a(lib_a-__atexit2.o)
 .ARM.attributes
                0x00000317       0x2d c:/program files (x86)/cypress/psoc creator/3.0/psoc creator/import/gnu_cs/arm/4.7.3/bin/../lib/gcc/arm-none-eabi/4.7.3/../../../../arm-none-eabi/lib/armv7-m\libc_s.a(lib_a-exit.o)
 .ARM.attributes
                0x00000344       0x2d c:/program files (x86)/cypress/psoc creator/3.0/psoc creator/import/gnu_cs/arm/4.7.3/bin/../lib/gcc/arm-none-eabi/4.7.3/../../../../arm-none-eabi/lib/armv7-m\libc_s.a(lib_a-fini.o)
 .ARM.attributes
                0x00000371       0x2d c:/program files (x86)/cypress/psoc creator/3.0/psoc creator/import/gnu_cs/arm/4.7.3/bin/../lib/gcc/arm-none-eabi/4.7.3/../../../../arm-none-eabi/lib/armv7-m\libc_s.a(lib_a-impure.o)
 .ARM.attributes
                0x0000039e       0x2d c:/program files (x86)/cypress/psoc creator/3.0/psoc creator/import/gnu_cs/arm/4.7.3/bin/../lib/gcc/arm-none-eabi/4.7.3/../../../../arm-none-eabi/lib/armv7-m\libc_s.a(lib_a-init.o)
 .ARM.attributes
                0x000003cb       0x2d c:/program files (x86)/cypress/psoc creator/3.0/psoc creator/import/gnu_cs/arm/4.7.3/bin/../lib/gcc/arm-none-eabi/4.7.3/../../../../arm-none-eabi/lib/armv7-m\libc_s.a(lib_a-memcpy.o)
 .ARM.attributes
                0x000003f8       0x2d c:/program files (x86)/cypress/psoc creator/3.0/psoc creator/import/gnu_cs/arm/4.7.3/bin/../lib/gcc/arm-none-eabi/4.7.3/../../../../arm-none-eabi/lib/armv7-m\libc_s.a(lib_a-memset.o)
 .ARM.attributes
                0x00000425       0x2d c:/program files (x86)/cypress/psoc creator/3.0/psoc creator/import/gnu_cs/arm/4.7.3/bin/../lib/gcc/arm-none-eabi/4.7.3/armv7-m/crtend.o
 .ARM.attributes
                0x00000452       0x1d c:/program files (x86)/cypress/psoc creator/3.0/psoc creator/import/gnu_cs/arm/4.7.3/bin/../lib/gcc/arm-none-eabi/4.7.3/armv7-m/crtn.o

/DISCARD/
 *(.note.GNU-stack)
OUTPUT(.\CortexM3\ARM_GCC_473\Debug\RS232.elf elf32-littlearm)
