Archive member included because of file (symbol)

.\ARM_GCC_473\Debug\115_is_cool.a(cyfitter_cfg.o)
                              .\ARM_GCC_473\Debug\Cm3Start.o (cyfitter_cfg)
.\ARM_GCC_473\Debug\115_is_cool.a(CyBootAsmGnu.o)
                              .\ARM_GCC_473\Debug\115_is_cool.a(cyfitter_cfg.o) (CyDelayCycles)
.\ARM_GCC_473\Debug\115_is_cool.a(CyLib.o)
                              .\ARM_GCC_473\Debug\Cm3Start.o (CyResetStatus)
.\ARM_GCC_473\Debug\115_is_cool.a(cyPm.o)
                              .\ARM_GCC_473\Debug\115_is_cool.a(CyLib.o) (CyPmReadStatus)
.\ARM_GCC_473\Debug\115_is_cool.a(A.o)
                              .\ARM_GCC_473\Debug\main.o (A_Write)
.\ARM_GCC_473\Debug\115_is_cool.a(B.o)
                              .\ARM_GCC_473\Debug\main.o (B_Write)
.\ARM_GCC_473\Debug\115_is_cool.a(C.o)
                              .\ARM_GCC_473\Debug\main.o (C_Write)
.\ARM_GCC_473\Debug\115_is_cool.a(D.o)
                              .\ARM_GCC_473\Debug\main.o (D_Write)
.\ARM_GCC_473\Debug\115_is_cool.a(E.o)
                              .\ARM_GCC_473\Debug\main.o (E_Write)
.\ARM_GCC_473\Debug\115_is_cool.a(F.o)
                              .\ARM_GCC_473\Debug\main.o (F_Write)
.\ARM_GCC_473\Debug\115_is_cool.a(G.o)
                              .\ARM_GCC_473\Debug\main.o (G_Write)
.\ARM_GCC_473\Debug\115_is_cool.a(P.o)
                              .\ARM_GCC_473\Debug\main.o (P_Write)
.\ARM_GCC_473\Debug\115_is_cool.a(CyFlash.o)
                              .\ARM_GCC_473\Debug\115_is_cool.a(cyPm.o) (CyFlash_SetWaitCycles)
.\ARM_GCC_473\Debug\115_is_cool.a(CySpc.o)
                              .\ARM_GCC_473\Debug\115_is_cool.a(CyFlash.o) (CySpcStart)
c:/program files (x86)/cypress/psoc creator/3.0/psoc creator/import/gnu_cs/arm/4.7.3/bin/../lib/gcc/arm-none-eabi/4.7.3/../../../../arm-none-eabi/lib/armv7-m\libc_s.a(lib_a-__atexit2.o)
                              c:/program files (x86)/cypress/psoc creator/3.0/psoc creator/import/gnu_cs/arm/4.7.3/bin/../lib/gcc/arm-none-eabi/4.7.3/../../../../arm-none-eabi/lib/armv7-m/crt0.o (__register_exitproc)
c:/program files (x86)/cypress/psoc creator/3.0/psoc creator/import/gnu_cs/arm/4.7.3/bin/../lib/gcc/arm-none-eabi/4.7.3/../../../../arm-none-eabi/lib/armv7-m\libc_s.a(lib_a-exit.o)
                              c:/program files (x86)/cypress/psoc creator/3.0/psoc creator/import/gnu_cs/arm/4.7.3/bin/../lib/gcc/arm-none-eabi/4.7.3/../../../../arm-none-eabi/lib/armv7-m/crt0.o (exit)
c:/program files (x86)/cypress/psoc creator/3.0/psoc creator/import/gnu_cs/arm/4.7.3/bin/../lib/gcc/arm-none-eabi/4.7.3/../../../../arm-none-eabi/lib/armv7-m\libc_s.a(lib_a-fini.o)
                              c:/program files (x86)/cypress/psoc creator/3.0/psoc creator/import/gnu_cs/arm/4.7.3/bin/../lib/gcc/arm-none-eabi/4.7.3/../../../../arm-none-eabi/lib/armv7-m/crt0.o (__libc_fini_array)
c:/program files (x86)/cypress/psoc creator/3.0/psoc creator/import/gnu_cs/arm/4.7.3/bin/../lib/gcc/arm-none-eabi/4.7.3/../../../../arm-none-eabi/lib/armv7-m\libc_s.a(lib_a-impure.o)
                              c:/program files (x86)/cypress/psoc creator/3.0/psoc creator/import/gnu_cs/arm/4.7.3/bin/../lib/gcc/arm-none-eabi/4.7.3/../../../../arm-none-eabi/lib/armv7-m\libc_s.a(lib_a-exit.o) (_global_impure_ptr)
c:/program files (x86)/cypress/psoc creator/3.0/psoc creator/import/gnu_cs/arm/4.7.3/bin/../lib/gcc/arm-none-eabi/4.7.3/../../../../arm-none-eabi/lib/armv7-m\libc_s.a(lib_a-init.o)
                              c:/program files (x86)/cypress/psoc creator/3.0/psoc creator/import/gnu_cs/arm/4.7.3/bin/../lib/gcc/arm-none-eabi/4.7.3/../../../../arm-none-eabi/lib/armv7-m/crt0.o (__libc_init_array)
c:/program files (x86)/cypress/psoc creator/3.0/psoc creator/import/gnu_cs/arm/4.7.3/bin/../lib/gcc/arm-none-eabi/4.7.3/../../../../arm-none-eabi/lib/armv7-m\libc_s.a(lib_a-memcpy.o)
                              .\ARM_GCC_473\Debug\115_is_cool.a(cyfitter_cfg.o) (memcpy)
c:/program files (x86)/cypress/psoc creator/3.0/psoc creator/import/gnu_cs/arm/4.7.3/bin/../lib/gcc/arm-none-eabi/4.7.3/../../../../arm-none-eabi/lib/armv7-m\libc_s.a(lib_a-memset.o)
                              c:/program files (x86)/cypress/psoc creator/3.0/psoc creator/import/gnu_cs/arm/4.7.3/bin/../lib/gcc/arm-none-eabi/4.7.3/../../../../arm-none-eabi/lib/armv7-m/crt0.o (memset)

Allocating common symbols
Common symbol       size              file

dieTemperature      0x2               .\ARM_GCC_473\Debug\115_is_cool.a(CyFlash.o)

Discarded input sections

 .text          0x00000000        0x0 c:/program files (x86)/cypress/psoc creator/3.0/psoc creator/import/gnu_cs/arm/4.7.3/bin/../lib/gcc/arm-none-eabi/4.7.3/armv7-m/crti.o
 .data          0x00000000        0x0 c:/program files (x86)/cypress/psoc creator/3.0/psoc creator/import/gnu_cs/arm/4.7.3/bin/../lib/gcc/arm-none-eabi/4.7.3/armv7-m/crti.o
 .bss           0x00000000        0x0 c:/program files (x86)/cypress/psoc creator/3.0/psoc creator/import/gnu_cs/arm/4.7.3/bin/../lib/gcc/arm-none-eabi/4.7.3/armv7-m/crti.o
 .data          0x00000000        0x4 c:/program files (x86)/cypress/psoc creator/3.0/psoc creator/import/gnu_cs/arm/4.7.3/bin/../lib/gcc/arm-none-eabi/4.7.3/armv7-m/crtbegin.o
 .text          0x00000000       0x70 c:/program files (x86)/cypress/psoc creator/3.0/psoc creator/import/gnu_cs/arm/4.7.3/bin/../lib/gcc/arm-none-eabi/4.7.3/../../../../arm-none-eabi/lib/armv7-m/crt0.o
 .data          0x00000000        0x0 c:/program files (x86)/cypress/psoc creator/3.0/psoc creator/import/gnu_cs/arm/4.7.3/bin/../lib/gcc/arm-none-eabi/4.7.3/../../../../arm-none-eabi/lib/armv7-m/crt0.o
 .bss           0x00000000        0x0 c:/program files (x86)/cypress/psoc creator/3.0/psoc creator/import/gnu_cs/arm/4.7.3/bin/../lib/gcc/arm-none-eabi/4.7.3/../../../../arm-none-eabi/lib/armv7-m/crt0.o
 .ARM.extab     0x00000000        0x0 c:/program files (x86)/cypress/psoc creator/3.0/psoc creator/import/gnu_cs/arm/4.7.3/bin/../lib/gcc/arm-none-eabi/4.7.3/../../../../arm-none-eabi/lib/armv7-m/crt0.o
 .ARM.exidx     0x00000000        0x8 c:/program files (x86)/cypress/psoc creator/3.0/psoc creator/import/gnu_cs/arm/4.7.3/bin/../lib/gcc/arm-none-eabi/4.7.3/../../../../arm-none-eabi/lib/armv7-m/crt0.o
 .text          0x00000000        0x0 .\ARM_GCC_473\Debug\main.o
 .data          0x00000000        0x0 .\ARM_GCC_473\Debug\main.o
 .bss           0x00000000        0x0 .\ARM_GCC_473\Debug\main.o
 .text          0x00000000        0x0 .\ARM_GCC_473\Debug\Cm3Start.o
 .data          0x00000000        0x0 .\ARM_GCC_473\Debug\Cm3Start.o
 .bss           0x00000000        0x0 .\ARM_GCC_473\Debug\Cm3Start.o
 .text._exit    0x00000000       0x30 .\ARM_GCC_473\Debug\Cm3Start.o
 .text          0x00000000        0x0 .\ARM_GCC_473\Debug\cymetadata.o
 .data          0x00000000        0x0 .\ARM_GCC_473\Debug\cymetadata.o
 .bss           0x00000000        0x0 .\ARM_GCC_473\Debug\cymetadata.o
 .text          0x00000000        0x0 .\ARM_GCC_473\Debug\115_is_cool.a(cyfitter_cfg.o)
 .data          0x00000000        0x0 .\ARM_GCC_473\Debug\115_is_cool.a(cyfitter_cfg.o)
 .bss           0x00000000        0x0 .\ARM_GCC_473\Debug\115_is_cool.a(cyfitter_cfg.o)
 .text.CYCONFIGCPYCODE
                0x00000000       0x20 .\ARM_GCC_473\Debug\115_is_cool.a(cyfitter_cfg.o)
 .text.SetAnalogRoutingPumps
                0x00000000       0x34 .\ARM_GCC_473\Debug\115_is_cool.a(cyfitter_cfg.o)
 .data          0x00000000        0x0 .\ARM_GCC_473\Debug\115_is_cool.a(CyBootAsmGnu.o)
 .bss           0x00000000        0x0 .\ARM_GCC_473\Debug\115_is_cool.a(CyBootAsmGnu.o)
 .text          0x00000000        0x0 .\ARM_GCC_473\Debug\115_is_cool.a(CyLib.o)
 .bss           0x00000000        0x0 .\ARM_GCC_473\Debug\115_is_cool.a(CyLib.o)
 .text.CyPLL_OUT_Start
                0x00000000       0xe0 .\ARM_GCC_473\Debug\115_is_cool.a(CyLib.o)
 .text.CyPLL_OUT_Stop
                0x00000000       0x28 .\ARM_GCC_473\Debug\115_is_cool.a(CyLib.o)
 .text.CyPLL_OUT_SetPQ
                0x00000000       0xac .\ARM_GCC_473\Debug\115_is_cool.a(CyLib.o)
 .text.CyPLL_OUT_SetSource
                0x00000000       0x60 .\ARM_GCC_473\Debug\115_is_cool.a(CyLib.o)
 .text.CyIMO_Start
                0x00000000       0xbc .\ARM_GCC_473\Debug\115_is_cool.a(CyLib.o)
 .text.CyIMO_Stop
                0x00000000       0x44 .\ARM_GCC_473\Debug\115_is_cool.a(CyLib.o)
 .text.CyUSB_PowerOnCheck
                0x00000000       0x70 .\ARM_GCC_473\Debug\115_is_cool.a(CyLib.o)
 .text.CyIMO_SetTrimValue
                0x00000000      0x160 .\ARM_GCC_473\Debug\115_is_cool.a(CyLib.o)
 .text.CyIMO_SetFreq
                0x00000000      0x224 .\ARM_GCC_473\Debug\115_is_cool.a(CyLib.o)
 .text.CyIMO_SetSource
                0x00000000       0xb0 .\ARM_GCC_473\Debug\115_is_cool.a(CyLib.o)
 .text.CyIMO_EnableDoubler
                0x00000000       0x28 .\ARM_GCC_473\Debug\115_is_cool.a(CyLib.o)
 .text.CyIMO_DisableDoubler
                0x00000000       0x28 .\ARM_GCC_473\Debug\115_is_cool.a(CyLib.o)
 .text.CyMasterClk_SetSource
                0x00000000       0x3c .\ARM_GCC_473\Debug\115_is_cool.a(CyLib.o)
 .text.CyMasterClk_SetDivider
                0x00000000       0x20 .\ARM_GCC_473\Debug\115_is_cool.a(CyLib.o)
 .text.CyBusClk_Internal_SetDivider
                0x00000000       0x98 .\ARM_GCC_473\Debug\115_is_cool.a(CyLib.o)
 .text.CyBusClk_SetDivider
                0x00000000       0xd0 .\ARM_GCC_473\Debug\115_is_cool.a(CyLib.o)
 .text.CyUsbClk_SetSource
                0x00000000       0x3c .\ARM_GCC_473\Debug\115_is_cool.a(CyLib.o)
 .text.CyILO_Start1K
                0x00000000       0x28 .\ARM_GCC_473\Debug\115_is_cool.a(CyLib.o)
 .text.CyILO_Stop1K
                0x00000000       0x28 .\ARM_GCC_473\Debug\115_is_cool.a(CyLib.o)
 .text.CyILO_Start100K
                0x00000000       0x28 .\ARM_GCC_473\Debug\115_is_cool.a(CyLib.o)
 .text.CyILO_Stop100K
                0x00000000       0x28 .\ARM_GCC_473\Debug\115_is_cool.a(CyLib.o)
 .text.CyILO_Enable33K
                0x00000000       0x28 .\ARM_GCC_473\Debug\115_is_cool.a(CyLib.o)
 .text.CyILO_Disable33K
                0x00000000       0x28 .\ARM_GCC_473\Debug\115_is_cool.a(CyLib.o)
 .text.CyILO_SetSource
                0x00000000       0x3c .\ARM_GCC_473\Debug\115_is_cool.a(CyLib.o)
 .text.CyILO_SetPowerMode
                0x00000000       0x5c .\ARM_GCC_473\Debug\115_is_cool.a(CyLib.o)
 .text.CyXTAL_32KHZ_Start
                0x00000000       0xa4 .\ARM_GCC_473\Debug\115_is_cool.a(CyLib.o)
 .text.CyXTAL_32KHZ_Stop
                0x00000000       0x64 .\ARM_GCC_473\Debug\115_is_cool.a(CyLib.o)
 .text.CyXTAL_32KHZ_ReadStatus
                0x00000000       0x20 .\ARM_GCC_473\Debug\115_is_cool.a(CyLib.o)
 .text.CyXTAL_32KHZ_SetPowerMode
                0x00000000       0xfc .\ARM_GCC_473\Debug\115_is_cool.a(CyLib.o)
 .text.CyXTAL_Start
                0x00000000      0x108 .\ARM_GCC_473\Debug\115_is_cool.a(CyLib.o)
 .text.CyXTAL_Stop
                0x00000000       0x28 .\ARM_GCC_473\Debug\115_is_cool.a(CyLib.o)
 .text.CyXTAL_EnableErrStatus
                0x00000000       0x28 .\ARM_GCC_473\Debug\115_is_cool.a(CyLib.o)
 .text.CyXTAL_DisableErrStatus
                0x00000000       0x28 .\ARM_GCC_473\Debug\115_is_cool.a(CyLib.o)
 .text.CyXTAL_ReadStatus
                0x00000000       0x2c .\ARM_GCC_473\Debug\115_is_cool.a(CyLib.o)
 .text.CyXTAL_EnableFaultRecovery
                0x00000000       0x28 .\ARM_GCC_473\Debug\115_is_cool.a(CyLib.o)
 .text.CyXTAL_DisableFaultRecovery
                0x00000000       0x28 .\ARM_GCC_473\Debug\115_is_cool.a(CyLib.o)
 .text.CyXTAL_SetStartup
                0x00000000       0x3c .\ARM_GCC_473\Debug\115_is_cool.a(CyLib.o)
 .text.CyXTAL_SetFbVoltage
                0x00000000       0x3c .\ARM_GCC_473\Debug\115_is_cool.a(CyLib.o)
 .text.CyXTAL_SetWdVoltage
                0x00000000       0x44 .\ARM_GCC_473\Debug\115_is_cool.a(CyLib.o)
 .text.CyHalt   0x00000000       0x18 .\ARM_GCC_473\Debug\115_is_cool.a(CyLib.o)
 .text.CySoftwareReset
                0x00000000       0x28 .\ARM_GCC_473\Debug\115_is_cool.a(CyLib.o)
 .text.CyDelayUs
                0x00000000       0x28 .\ARM_GCC_473\Debug\115_is_cool.a(CyLib.o)
 .text.CyDelayFreq
                0x00000000       0xa8 .\ARM_GCC_473\Debug\115_is_cool.a(CyLib.o)
 .text.CyWdtStart
                0x00000000       0xc4 .\ARM_GCC_473\Debug\115_is_cool.a(CyLib.o)
 .text.CyWdtClear
                0x00000000       0x18 .\ARM_GCC_473\Debug\115_is_cool.a(CyLib.o)
 .text.CyVdLvDigitEnable
                0x00000000       0xf4 .\ARM_GCC_473\Debug\115_is_cool.a(CyLib.o)
 .text.CyVdLvAnalogEnable
                0x00000000       0xf4 .\ARM_GCC_473\Debug\115_is_cool.a(CyLib.o)
 .text.CyVdLvDigitDisable
                0x00000000       0x58 .\ARM_GCC_473\Debug\115_is_cool.a(CyLib.o)
 .text.CyVdLvAnalogDisable
                0x00000000       0x58 .\ARM_GCC_473\Debug\115_is_cool.a(CyLib.o)
 .text.CyVdHvAnalogEnable
                0x00000000       0x7c .\ARM_GCC_473\Debug\115_is_cool.a(CyLib.o)
 .text.CyVdHvAnalogDisable
                0x00000000       0x28 .\ARM_GCC_473\Debug\115_is_cool.a(CyLib.o)
 .text.CyVdStickyStatus
                0x00000000       0x48 .\ARM_GCC_473\Debug\115_is_cool.a(CyLib.o)
 .text.CyVdRealTimeStatus
                0x00000000       0x30 .\ARM_GCC_473\Debug\115_is_cool.a(CyLib.o)
 .text.CyDisableInts
                0x00000000       0x3c .\ARM_GCC_473\Debug\115_is_cool.a(CyLib.o)
 .text.CyEnableInts
                0x00000000       0x2c .\ARM_GCC_473\Debug\115_is_cool.a(CyLib.o)
 .text.CyFlushCache
                0x00000000       0x7c .\ARM_GCC_473\Debug\115_is_cool.a(CyLib.o)
 .text.CyIntSetSysVector
                0x00000000       0x58 .\ARM_GCC_473\Debug\115_is_cool.a(CyLib.o)
 .text.CyIntGetSysVector
                0x00000000       0x40 .\ARM_GCC_473\Debug\115_is_cool.a(CyLib.o)
 .text.CyIntSetVector
                0x00000000       0x60 .\ARM_GCC_473\Debug\115_is_cool.a(CyLib.o)
 .text.CyIntGetVector
                0x00000000       0x44 .\ARM_GCC_473\Debug\115_is_cool.a(CyLib.o)
 .text.CyIntSetPriority
                0x00000000       0x4c .\ARM_GCC_473\Debug\115_is_cool.a(CyLib.o)
 .text.CyIntGetPriority
                0x00000000       0x3c .\ARM_GCC_473\Debug\115_is_cool.a(CyLib.o)
 .text.CyIntGetState
                0x00000000       0x48 .\ARM_GCC_473\Debug\115_is_cool.a(CyLib.o)
 .text          0x00000000        0x0 .\ARM_GCC_473\Debug\115_is_cool.a(cyPm.o)
 .data          0x00000000        0x0 .\ARM_GCC_473\Debug\115_is_cool.a(cyPm.o)
 .bss           0x00000000       0x44 .\ARM_GCC_473\Debug\115_is_cool.a(cyPm.o)
 .rodata        0x00000000       0x10 .\ARM_GCC_473\Debug\115_is_cool.a(cyPm.o)
 .text.CyPmSaveClocks
                0x00000000      0x354 .\ARM_GCC_473\Debug\115_is_cool.a(cyPm.o)
 .text.CyPmRestoreClocks
                0x00000000      0x3e4 .\ARM_GCC_473\Debug\115_is_cool.a(cyPm.o)
 .text.CyPmAltAct
                0x00000000      0x118 .\ARM_GCC_473\Debug\115_is_cool.a(cyPm.o)
 .text.CyPmSleep
                0x00000000      0x21c .\ARM_GCC_473\Debug\115_is_cool.a(cyPm.o)
 .text.CyPmHibernate
                0x00000000      0x1f0 .\ARM_GCC_473\Debug\115_is_cool.a(cyPm.o)
 .text.CyPmReadStatus
                0x00000000       0x78 .\ARM_GCC_473\Debug\115_is_cool.a(cyPm.o)
 .text.CyPmHibSaveSet
                0x00000000      0x138 .\ARM_GCC_473\Debug\115_is_cool.a(cyPm.o)
 .text.CyPmHibRestore
                0x00000000       0x94 .\ARM_GCC_473\Debug\115_is_cool.a(cyPm.o)
 .text.CyPmCtwSetInterval
                0x00000000       0xd8 .\ARM_GCC_473\Debug\115_is_cool.a(cyPm.o)
 .text.CyPmOppsSet
                0x00000000       0x58 .\ARM_GCC_473\Debug\115_is_cool.a(cyPm.o)
 .text.CyPmFtwSetInterval
                0x00000000       0xd8 .\ARM_GCC_473\Debug\115_is_cool.a(cyPm.o)
 .text.CyPmHibSlpSaveSet
                0x00000000      0x458 .\ARM_GCC_473\Debug\115_is_cool.a(cyPm.o)
 .text.CyPmHibSlpRestore
                0x00000000      0x270 .\ARM_GCC_473\Debug\115_is_cool.a(cyPm.o)
 .text.CyPmHviLviSaveDisable
                0x00000000      0x13c .\ARM_GCC_473\Debug\115_is_cool.a(cyPm.o)
 .text.CyPmHviLviRestore
                0x00000000       0x7c .\ARM_GCC_473\Debug\115_is_cool.a(cyPm.o)
 .text          0x00000000        0x0 .\ARM_GCC_473\Debug\115_is_cool.a(A.o)
 .data          0x00000000        0x0 .\ARM_GCC_473\Debug\115_is_cool.a(A.o)
 .bss           0x00000000        0x0 .\ARM_GCC_473\Debug\115_is_cool.a(A.o)
 .text.A_SetDriveMode
                0x00000000       0x40 .\ARM_GCC_473\Debug\115_is_cool.a(A.o)
 .text.A_Read   0x00000000       0x24 .\ARM_GCC_473\Debug\115_is_cool.a(A.o)
 .text.A_ReadDataReg
                0x00000000       0x24 .\ARM_GCC_473\Debug\115_is_cool.a(A.o)
 .text          0x00000000        0x0 .\ARM_GCC_473\Debug\115_is_cool.a(B.o)
 .data          0x00000000        0x0 .\ARM_GCC_473\Debug\115_is_cool.a(B.o)
 .bss           0x00000000        0x0 .\ARM_GCC_473\Debug\115_is_cool.a(B.o)
 .text.B_SetDriveMode
                0x00000000       0x40 .\ARM_GCC_473\Debug\115_is_cool.a(B.o)
 .text.B_Read   0x00000000       0x24 .\ARM_GCC_473\Debug\115_is_cool.a(B.o)
 .text.B_ReadDataReg
                0x00000000       0x24 .\ARM_GCC_473\Debug\115_is_cool.a(B.o)
 .text          0x00000000        0x0 .\ARM_GCC_473\Debug\115_is_cool.a(C.o)
 .data          0x00000000        0x0 .\ARM_GCC_473\Debug\115_is_cool.a(C.o)
 .bss           0x00000000        0x0 .\ARM_GCC_473\Debug\115_is_cool.a(C.o)
 .text.C_SetDriveMode
                0x00000000       0x40 .\ARM_GCC_473\Debug\115_is_cool.a(C.o)
 .text.C_Read   0x00000000       0x24 .\ARM_GCC_473\Debug\115_is_cool.a(C.o)
 .text.C_ReadDataReg
                0x00000000       0x24 .\ARM_GCC_473\Debug\115_is_cool.a(C.o)
 .text          0x00000000        0x0 .\ARM_GCC_473\Debug\115_is_cool.a(D.o)
 .data          0x00000000        0x0 .\ARM_GCC_473\Debug\115_is_cool.a(D.o)
 .bss           0x00000000        0x0 .\ARM_GCC_473\Debug\115_is_cool.a(D.o)
 .text.D_SetDriveMode
                0x00000000       0x40 .\ARM_GCC_473\Debug\115_is_cool.a(D.o)
 .text.D_Read   0x00000000       0x24 .\ARM_GCC_473\Debug\115_is_cool.a(D.o)
 .text.D_ReadDataReg
                0x00000000       0x24 .\ARM_GCC_473\Debug\115_is_cool.a(D.o)
 .text          0x00000000        0x0 .\ARM_GCC_473\Debug\115_is_cool.a(E.o)
 .data          0x00000000        0x0 .\ARM_GCC_473\Debug\115_is_cool.a(E.o)
 .bss           0x00000000        0x0 .\ARM_GCC_473\Debug\115_is_cool.a(E.o)
 .text.E_SetDriveMode
                0x00000000       0x40 .\ARM_GCC_473\Debug\115_is_cool.a(E.o)
 .text.E_Read   0x00000000       0x24 .\ARM_GCC_473\Debug\115_is_cool.a(E.o)
 .text.E_ReadDataReg
                0x00000000       0x24 .\ARM_GCC_473\Debug\115_is_cool.a(E.o)
 .text          0x00000000        0x0 .\ARM_GCC_473\Debug\115_is_cool.a(F.o)
 .data          0x00000000        0x0 .\ARM_GCC_473\Debug\115_is_cool.a(F.o)
 .bss           0x00000000        0x0 .\ARM_GCC_473\Debug\115_is_cool.a(F.o)
 .text.F_SetDriveMode
                0x00000000       0x40 .\ARM_GCC_473\Debug\115_is_cool.a(F.o)
 .text.F_Read   0x00000000       0x24 .\ARM_GCC_473\Debug\115_is_cool.a(F.o)
 .text.F_ReadDataReg
                0x00000000       0x24 .\ARM_GCC_473\Debug\115_is_cool.a(F.o)
 .text          0x00000000        0x0 .\ARM_GCC_473\Debug\115_is_cool.a(G.o)
 .data          0x00000000        0x0 .\ARM_GCC_473\Debug\115_is_cool.a(G.o)
 .bss           0x00000000        0x0 .\ARM_GCC_473\Debug\115_is_cool.a(G.o)
 .text.G_SetDriveMode
                0x00000000       0x40 .\ARM_GCC_473\Debug\115_is_cool.a(G.o)
 .text.G_Read   0x00000000       0x20 .\ARM_GCC_473\Debug\115_is_cool.a(G.o)
 .text.G_ReadDataReg
                0x00000000       0x20 .\ARM_GCC_473\Debug\115_is_cool.a(G.o)
 .text          0x00000000        0x0 .\ARM_GCC_473\Debug\115_is_cool.a(P.o)
 .data          0x00000000        0x0 .\ARM_GCC_473\Debug\115_is_cool.a(P.o)
 .bss           0x00000000        0x0 .\ARM_GCC_473\Debug\115_is_cool.a(P.o)
 .text.P_SetDriveMode
                0x00000000       0x40 .\ARM_GCC_473\Debug\115_is_cool.a(P.o)
 .text.P_Read   0x00000000       0x20 .\ARM_GCC_473\Debug\115_is_cool.a(P.o)
 .text.P_ReadDataReg
                0x00000000       0x20 .\ARM_GCC_473\Debug\115_is_cool.a(P.o)
 .text          0x00000000        0x0 .\ARM_GCC_473\Debug\115_is_cool.a(CyFlash.o)
 .data          0x00000000        0x0 .\ARM_GCC_473\Debug\115_is_cool.a(CyFlash.o)
 .bss           0x00000000        0x4 .\ARM_GCC_473\Debug\115_is_cool.a(CyFlash.o)
 .text.CyFlash_Start
                0x00000000       0x48 .\ARM_GCC_473\Debug\115_is_cool.a(CyFlash.o)
 .text.CyFlash_Stop
                0x00000000       0x44 .\ARM_GCC_473\Debug\115_is_cool.a(CyFlash.o)
 .text.CySetTempInt
                0x00000000       0x90 .\ARM_GCC_473\Debug\115_is_cool.a(CyFlash.o)
 .text.CySetTemp
                0x00000000       0x24 .\ARM_GCC_473\Debug\115_is_cool.a(CyFlash.o)
 .text.CySetFlashEEBuffer
                0x00000000       0x50 .\ARM_GCC_473\Debug\115_is_cool.a(CyFlash.o)
 .text.CyWriteRowData
                0x00000000       0xbc .\ARM_GCC_473\Debug\115_is_cool.a(CyFlash.o)
 .text.CyWriteRowFull
                0x00000000      0x120 .\ARM_GCC_473\Debug\115_is_cool.a(CyFlash.o)
 .text.CyFlash_SetWaitCycles
                0x00000000       0xc0 .\ARM_GCC_473\Debug\115_is_cool.a(CyFlash.o)
 .text.CyEEPROM_Start
                0x00000000       0x44 .\ARM_GCC_473\Debug\115_is_cool.a(CyFlash.o)
 .text.CyEEPROM_Stop
                0x00000000       0x44 .\ARM_GCC_473\Debug\115_is_cool.a(CyFlash.o)
 .text.CyEEPROM_ReadReserve
                0x00000000       0x3c .\ARM_GCC_473\Debug\115_is_cool.a(CyFlash.o)
 .text.CyEEPROM_ReadRelease
                0x00000000       0x20 .\ARM_GCC_473\Debug\115_is_cool.a(CyFlash.o)
 COMMON         0x00000000        0x2 .\ARM_GCC_473\Debug\115_is_cool.a(CyFlash.o)
 .text          0x00000000        0x0 .\ARM_GCC_473\Debug\115_is_cool.a(CySpc.o)
 .data          0x00000000        0x0 .\ARM_GCC_473\Debug\115_is_cool.a(CySpc.o)
 .bss           0x00000000        0x8 .\ARM_GCC_473\Debug\115_is_cool.a(CySpc.o)
 .text.CySpcStart
                0x00000000       0x58 .\ARM_GCC_473\Debug\115_is_cool.a(CySpc.o)
 .text.CySpcStop
                0x00000000       0x58 .\ARM_GCC_473\Debug\115_is_cool.a(CySpc.o)
 .text.CySpcReadData
                0x00000000       0x64 .\ARM_GCC_473\Debug\115_is_cool.a(CySpc.o)
 .text.CySpcLoadMultiByte
                0x00000000      0x11c .\ARM_GCC_473\Debug\115_is_cool.a(CySpc.o)
 .text.CySpcLoadRow
                0x00000000       0xbc .\ARM_GCC_473\Debug\115_is_cool.a(CySpc.o)
 .text.CySpcWriteRow
                0x00000000       0xcc .\ARM_GCC_473\Debug\115_is_cool.a(CySpc.o)
 .text.CySpcEraseSector
                0x00000000       0x9c .\ARM_GCC_473\Debug\115_is_cool.a(CySpc.o)
 .text.CySpcGetTemp
                0x00000000       0x8c .\ARM_GCC_473\Debug\115_is_cool.a(CySpc.o)
 .text.CySpcLock
                0x00000000       0x88 .\ARM_GCC_473\Debug\115_is_cool.a(CySpc.o)
 .text.CySpcUnlock
                0x00000000       0x68 .\ARM_GCC_473\Debug\115_is_cool.a(CySpc.o)
 .text          0x00000000        0x0 c:/program files (x86)/cypress/psoc creator/3.0/psoc creator/import/gnu_cs/arm/4.7.3/bin/../lib/gcc/arm-none-eabi/4.7.3/../../../../arm-none-eabi/lib/armv7-m\libc_s.a(lib_a-__atexit2.o)
 .data          0x00000000        0x0 c:/program files (x86)/cypress/psoc creator/3.0/psoc creator/import/gnu_cs/arm/4.7.3/bin/../lib/gcc/arm-none-eabi/4.7.3/../../../../arm-none-eabi/lib/armv7-m\libc_s.a(lib_a-__atexit2.o)
 .bss           0x00000000        0x0 c:/program files (x86)/cypress/psoc creator/3.0/psoc creator/import/gnu_cs/arm/4.7.3/bin/../lib/gcc/arm-none-eabi/4.7.3/../../../../arm-none-eabi/lib/armv7-m\libc_s.a(lib_a-__atexit2.o)
 .text.__register_exitproc
                0x00000000       0x14 c:/program files (x86)/cypress/psoc creator/3.0/psoc creator/import/gnu_cs/arm/4.7.3/bin/../lib/gcc/arm-none-eabi/4.7.3/../../../../arm-none-eabi/lib/armv7-m\libc_s.a(lib_a-__atexit2.o)
 .text          0x00000000        0x0 c:/program files (x86)/cypress/psoc creator/3.0/psoc creator/import/gnu_cs/arm/4.7.3/bin/../lib/gcc/arm-none-eabi/4.7.3/../../../../arm-none-eabi/lib/armv7-m\libc_s.a(lib_a-exit.o)
 .data          0x00000000        0x0 c:/program files (x86)/cypress/psoc creator/3.0/psoc creator/import/gnu_cs/arm/4.7.3/bin/../lib/gcc/arm-none-eabi/4.7.3/../../../../arm-none-eabi/lib/armv7-m\libc_s.a(lib_a-exit.o)
 .bss           0x00000000        0x0 c:/program files (x86)/cypress/psoc creator/3.0/psoc creator/import/gnu_cs/arm/4.7.3/bin/../lib/gcc/arm-none-eabi/4.7.3/../../../../arm-none-eabi/lib/armv7-m\libc_s.a(lib_a-exit.o)
 .text.exit     0x00000000       0x2c c:/program files (x86)/cypress/psoc creator/3.0/psoc creator/import/gnu_cs/arm/4.7.3/bin/../lib/gcc/arm-none-eabi/4.7.3/../../../../arm-none-eabi/lib/armv7-m\libc_s.a(lib_a-exit.o)
 .text          0x00000000        0x0 c:/program files (x86)/cypress/psoc creator/3.0/psoc creator/import/gnu_cs/arm/4.7.3/bin/../lib/gcc/arm-none-eabi/4.7.3/../../../../arm-none-eabi/lib/armv7-m\libc_s.a(lib_a-fini.o)
 .data          0x00000000        0x0 c:/program files (x86)/cypress/psoc creator/3.0/psoc creator/import/gnu_cs/arm/4.7.3/bin/../lib/gcc/arm-none-eabi/4.7.3/../../../../arm-none-eabi/lib/armv7-m\libc_s.a(lib_a-fini.o)
 .bss           0x00000000        0x0 c:/program files (x86)/cypress/psoc creator/3.0/psoc creator/import/gnu_cs/arm/4.7.3/bin/../lib/gcc/arm-none-eabi/4.7.3/../../../../arm-none-eabi/lib/armv7-m\libc_s.a(lib_a-fini.o)
 .text.__libc_fini_array
                0x00000000       0x2c c:/program files (x86)/cypress/psoc creator/3.0/psoc creator/import/gnu_cs/arm/4.7.3/bin/../lib/gcc/arm-none-eabi/4.7.3/../../../../arm-none-eabi/lib/armv7-m\libc_s.a(lib_a-fini.o)
 .text          0x00000000        0x0 c:/program files (x86)/cypress/psoc creator/3.0/psoc creator/import/gnu_cs/arm/4.7.3/bin/../lib/gcc/arm-none-eabi/4.7.3/../../../../arm-none-eabi/lib/armv7-m\libc_s.a(lib_a-impure.o)
 .data          0x00000000        0x0 c:/program files (x86)/cypress/psoc creator/3.0/psoc creator/import/gnu_cs/arm/4.7.3/bin/../lib/gcc/arm-none-eabi/4.7.3/../../../../arm-none-eabi/lib/armv7-m\libc_s.a(lib_a-impure.o)
 .bss           0x00000000        0x0 c:/program files (x86)/cypress/psoc creator/3.0/psoc creator/import/gnu_cs/arm/4.7.3/bin/../lib/gcc/arm-none-eabi/4.7.3/../../../../arm-none-eabi/lib/armv7-m\libc_s.a(lib_a-impure.o)
 .data.impure_data
                0x00000000       0x64 c:/program files (x86)/cypress/psoc creator/3.0/psoc creator/import/gnu_cs/arm/4.7.3/bin/../lib/gcc/arm-none-eabi/4.7.3/../../../../arm-none-eabi/lib/armv7-m\libc_s.a(lib_a-impure.o)
 .data._impure_ptr
                0x00000000        0x4 c:/program files (x86)/cypress/psoc creator/3.0/psoc creator/import/gnu_cs/arm/4.7.3/bin/../lib/gcc/arm-none-eabi/4.7.3/../../../../arm-none-eabi/lib/armv7-m\libc_s.a(lib_a-impure.o)
 .rodata.str1.1
                0x00000000        0x2 c:/program files (x86)/cypress/psoc creator/3.0/psoc creator/import/gnu_cs/arm/4.7.3/bin/../lib/gcc/arm-none-eabi/4.7.3/../../../../arm-none-eabi/lib/armv7-m\libc_s.a(lib_a-impure.o)
 .rodata._global_impure_ptr
                0x00000000        0x4 c:/program files (x86)/cypress/psoc creator/3.0/psoc creator/import/gnu_cs/arm/4.7.3/bin/../lib/gcc/arm-none-eabi/4.7.3/../../../../arm-none-eabi/lib/armv7-m\libc_s.a(lib_a-impure.o)
 .text          0x00000000        0x0 c:/program files (x86)/cypress/psoc creator/3.0/psoc creator/import/gnu_cs/arm/4.7.3/bin/../lib/gcc/arm-none-eabi/4.7.3/../../../../arm-none-eabi/lib/armv7-m\libc_s.a(lib_a-init.o)
 .data          0x00000000        0x0 c:/program files (x86)/cypress/psoc creator/3.0/psoc creator/import/gnu_cs/arm/4.7.3/bin/../lib/gcc/arm-none-eabi/4.7.3/../../../../arm-none-eabi/lib/armv7-m\libc_s.a(lib_a-init.o)
 .bss           0x00000000        0x0 c:/program files (x86)/cypress/psoc creator/3.0/psoc creator/import/gnu_cs/arm/4.7.3/bin/../lib/gcc/arm-none-eabi/4.7.3/../../../../arm-none-eabi/lib/armv7-m\libc_s.a(lib_a-init.o)
 .text          0x00000000        0x0 c:/program files (x86)/cypress/psoc creator/3.0/psoc creator/import/gnu_cs/arm/4.7.3/bin/../lib/gcc/arm-none-eabi/4.7.3/../../../../arm-none-eabi/lib/armv7-m\libc_s.a(lib_a-memcpy.o)
 .data          0x00000000        0x0 c:/program files (x86)/cypress/psoc creator/3.0/psoc creator/import/gnu_cs/arm/4.7.3/bin/../lib/gcc/arm-none-eabi/4.7.3/../../../../arm-none-eabi/lib/armv7-m\libc_s.a(lib_a-memcpy.o)
 .bss           0x00000000        0x0 c:/program files (x86)/cypress/psoc creator/3.0/psoc creator/import/gnu_cs/arm/4.7.3/bin/../lib/gcc/arm-none-eabi/4.7.3/../../../../arm-none-eabi/lib/armv7-m\libc_s.a(lib_a-memcpy.o)
 .text          0x00000000        0x0 c:/program files (x86)/cypress/psoc creator/3.0/psoc creator/import/gnu_cs/arm/4.7.3/bin/../lib/gcc/arm-none-eabi/4.7.3/../../../../arm-none-eabi/lib/armv7-m\libc_s.a(lib_a-memset.o)
 .data          0x00000000        0x0 c:/program files (x86)/cypress/psoc creator/3.0/psoc creator/import/gnu_cs/arm/4.7.3/bin/../lib/gcc/arm-none-eabi/4.7.3/../../../../arm-none-eabi/lib/armv7-m\libc_s.a(lib_a-memset.o)
 .bss           0x00000000        0x0 c:/program files (x86)/cypress/psoc creator/3.0/psoc creator/import/gnu_cs/arm/4.7.3/bin/../lib/gcc/arm-none-eabi/4.7.3/../../../../arm-none-eabi/lib/armv7-m\libc_s.a(lib_a-memset.o)
 .text          0x00000000        0x0 c:/program files (x86)/cypress/psoc creator/3.0/psoc creator/import/gnu_cs/arm/4.7.3/bin/../lib/gcc/arm-none-eabi/4.7.3/armv7-m/crtend.o
 .data          0x00000000        0x0 c:/program files (x86)/cypress/psoc creator/3.0/psoc creator/import/gnu_cs/arm/4.7.3/bin/../lib/gcc/arm-none-eabi/4.7.3/armv7-m/crtend.o
 .bss           0x00000000        0x0 c:/program files (x86)/cypress/psoc creator/3.0/psoc creator/import/gnu_cs/arm/4.7.3/bin/../lib/gcc/arm-none-eabi/4.7.3/armv7-m/crtend.o
 .text          0x00000000        0x0 c:/program files (x86)/cypress/psoc creator/3.0/psoc creator/import/gnu_cs/arm/4.7.3/bin/../lib/gcc/arm-none-eabi/4.7.3/armv7-m/crtn.o
 .data          0x00000000        0x0 c:/program files (x86)/cypress/psoc creator/3.0/psoc creator/import/gnu_cs/arm/4.7.3/bin/../lib/gcc/arm-none-eabi/4.7.3/armv7-m/crtn.o
 .bss           0x00000000        0x0 c:/program files (x86)/cypress/psoc creator/3.0/psoc creator/import/gnu_cs/arm/4.7.3/bin/../lib/gcc/arm-none-eabi/4.7.3/armv7-m/crtn.o

Memory Configuration

Name             Origin             Length             Attributes
rom              0x00000000         0x00040000         xr
ram              0x1fff8000         0x00010000         xrw
*default*        0x00000000         0xffffffff

Linker script and memory map

LOAD c:/program files (x86)/cypress/psoc creator/3.0/psoc creator/import/gnu_cs/arm/4.7.3/bin/../lib/gcc/arm-none-eabi/4.7.3/armv7-m/crti.o
LOAD c:/program files (x86)/cypress/psoc creator/3.0/psoc creator/import/gnu_cs/arm/4.7.3/bin/../lib/gcc/arm-none-eabi/4.7.3/armv7-m/crtbegin.o
LOAD c:/program files (x86)/cypress/psoc creator/3.0/psoc creator/import/gnu_cs/arm/4.7.3/bin/../lib/gcc/arm-none-eabi/4.7.3/../../../../arm-none-eabi/lib/armv7-m/crt0.o
START GROUP
LOAD .\ARM_GCC_473\Debug\main.o
LOAD .\ARM_GCC_473\Debug\Cm3Start.o
LOAD .\ARM_GCC_473\Debug\cymetadata.o
LOAD .\ARM_GCC_473\Debug\115_is_cool.a
LOAD C:\Program Files (x86)\Cypress\PSoC Creator\3.0\PSoC Creator\psoc\content\cycomponentlibrary\CyComponentLibrary.cylib\CortexM3\ARM_GCC_473\Debug\CyComponentLibrary.a
END GROUP
START GROUP
LOAD c:/program files (x86)/cypress/psoc creator/3.0/psoc creator/import/gnu_cs/arm/4.7.3/bin/../lib/gcc/arm-none-eabi/4.7.3/armv7-m\libgcc.a
LOAD c:/program files (x86)/cypress/psoc creator/3.0/psoc creator/import/gnu_cs/arm/4.7.3/bin/../lib/gcc/arm-none-eabi/4.7.3/../../../../arm-none-eabi/lib/armv7-m\libc_s.a
END GROUP
LOAD c:/program files (x86)/cypress/psoc creator/3.0/psoc creator/import/gnu_cs/arm/4.7.3/bin/../lib/gcc/arm-none-eabi/4.7.3/armv7-m/crtend.o
LOAD c:/program files (x86)/cypress/psoc creator/3.0/psoc creator/import/gnu_cs/arm/4.7.3/bin/../lib/gcc/arm-none-eabi/4.7.3/armv7-m/crtn.o
START GROUP
LOAD c:/program files (x86)/cypress/psoc creator/3.0/psoc creator/import/gnu_cs/arm/4.7.3/bin/../lib/gcc/arm-none-eabi/4.7.3/armv7-m\libgcc.a
LOAD c:/program files (x86)/cypress/psoc creator/3.0/psoc creator/import/gnu_cs/arm/4.7.3/bin/../lib/gcc/arm-none-eabi/4.7.3/../../../../arm-none-eabi/lib/armv7-m\libc.a
LOAD c:/program files (x86)/cypress/psoc creator/3.0/psoc creator/import/gnu_cs/arm/4.7.3/bin/../lib/gcc/arm-none-eabi/4.7.3/../../../../arm-none-eabi/lib/armv7-m\libnosys.a
END GROUP
                0x00000000                CY_APPL_ORIGIN = 0x0
                0x00000100                CY_FLASH_ROW_SIZE = 0x100
                0x00000020                CY_ECC_ROW_SIZE = 0x20
                0x00000000                CY_EE_IN_BTLDR = 0x0
                0x00000000                CY_APPL_LOADABLE = 0x0
                0x00000800                CY_EE_SIZE = 0x800
                0x00000001                CY_APPL_NUM = 0x1
                0x00000001                CY_APPL_MAX = 0x1
                0x00000040                CY_METADATA_SIZE = 0x40
                0x1fff8140                PROVIDE (__cy_heap_start, _end)
                0x00000001                PROVIDE (__cy_region_num, ((__cy_regions_end - __cy_regions) / 0x10))
                0x20008000                PROVIDE (__cy_stack, (ORIGIN (ram) + 0x10000))
                0x20004000                PROVIDE (__cy_heap_end, (__cy_stack - 0x4000))

.cybootloader   0x00000000        0x0
 *(.cybootloader)
                0x00000000                appl1_start = CY_APPL_ORIGIN?CY_APPL_ORIGIN:ALIGN (CY_FLASH_ROW_SIZE)
                0x0001ff00                appl2_start = (appl1_start + ALIGN ((((0x40000 - appl1_start) - (0x2 * CY_FLASH_ROW_SIZE)) / 0x2), CY_FLASH_ROW_SIZE))
                0x00000000                appl_start = (CY_APPL_NUM == 0x1)?appl1_start:appl2_start
                0x00000000                ecc_offset = ((appl_start / CY_FLASH_ROW_SIZE) * CY_ECC_ROW_SIZE)
                0x00000000                ee_offset = (CY_APPL_LOADABLE && ! (CY_EE_IN_BTLDR))?((CY_EE_SIZE / CY_APPL_MAX) * (CY_APPL_NUM - 0x1)):0x0
                0x00000800                ee_size = (CY_APPL_LOADABLE && ! (CY_EE_IN_BTLDR))?(CY_EE_SIZE / CY_APPL_MAX):CY_EE_SIZE
                0x00000000                PROVIDE (CY_ECC_OFFSET, ecc_offset)

.text           0x00000000      0xb9e
 CREATE_OBJECT_SYMBOLS
                0x00000000                PROVIDE (__cy_interrupt_vector, RomVectors)
 *(.romvectors)
 .romvectors    0x00000000       0x10 .\ARM_GCC_473\Debug\Cm3Start.o
                0x00000000                RomVectors
                0x00000001                ASSERT ((. != __cy_interrupt_vector), No interrupt vector)
                0x00000001                ASSERT (CY_APPL_ORIGIN?(SIZEOF (.cybootloader) <= CY_APPL_ORIGIN):0x1, Wrong image location)
                0x00000010                PROVIDE (__cy_reset, Reset)
 *(.text.Reset)
 .text.Reset    0x00000010       0x1c .\ARM_GCC_473\Debug\Cm3Start.o
                0x00000010                Reset
                0x00000001                ASSERT ((. != __cy_reset), No reset code)
 *(.dma_init)
                0x00000001                ASSERT ((((appl_start + .) <= 0x10000) || 0x1), DMA Init must be within the first 64k of flash)
 *(.text .text.* .gnu.linkonce.t.*)
 .text          0x0000002c       0x54 c:/program files (x86)/cypress/psoc creator/3.0/psoc creator/import/gnu_cs/arm/4.7.3/bin/../lib/gcc/arm-none-eabi/4.7.3/armv7-m/crtbegin.o
 .text.main     0x00000080      0x1a8 .\ARM_GCC_473\Debug\main.o
                0x00000080                main
 .text.DigitLED_Write
                0x00000228       0xac .\ARM_GCC_473\Debug\main.o
                0x00000228                DigitLED_Write
 .text.DigitLED_WriteHex
                0x000002d4      0x128 .\ARM_GCC_473\Debug\main.o
                0x000002d4                DigitLED_WriteHex
 .text.IntDefaultHandler
                0x000003fc        0x8 .\ARM_GCC_473\Debug\Cm3Start.o
                0x000003fc                IntDefaultHandler
 .text.Start_c  0x00000404       0xcc .\ARM_GCC_473\Debug\Cm3Start.o
                0x00000404                Start_c
 .text.initialize_psoc
                0x000004d0       0xb4 .\ARM_GCC_473\Debug\Cm3Start.o
                0x000004d0                initialize_psoc
 .text.CYMEMZERO
                0x00000584       0x20 .\ARM_GCC_473\Debug\115_is_cool.a(cyfitter_cfg.o)
 .text.CYCONFIGCPY
                0x000005a4       0x20 .\ARM_GCC_473\Debug\115_is_cool.a(cyfitter_cfg.o)
 .text.CyClockStartupError
                0x000005c4        0xc .\ARM_GCC_473\Debug\115_is_cool.a(cyfitter_cfg.o)
 .text.ClockSetup
                0x000005d0      0x118 .\ARM_GCC_473\Debug\115_is_cool.a(cyfitter_cfg.o)
 .text.AnalogSetDefault
                0x000006e8       0x50 .\ARM_GCC_473\Debug\115_is_cool.a(cyfitter_cfg.o)
 .text.cyfitter_cfg
                0x00000738      0x170 .\ARM_GCC_473\Debug\115_is_cool.a(cyfitter_cfg.o)
                0x00000738                cyfitter_cfg
 .text          0x000008a8       0x28 .\ARM_GCC_473\Debug\115_is_cool.a(CyBootAsmGnu.o)
                0x000008a8                CyDelayCycles
                0x000008bc                CyEnterCriticalSection
                0x000008c4                CyExitCriticalSection
 .text.CyDelay  0x000008d0       0x48 .\ARM_GCC_473\Debug\115_is_cool.a(CyLib.o)
                0x000008d0                CyDelay
 .text.A_Write  0x00000918       0x44 .\ARM_GCC_473\Debug\115_is_cool.a(A.o)
                0x00000918                A_Write
 .text.B_Write  0x0000095c       0x44 .\ARM_GCC_473\Debug\115_is_cool.a(B.o)
                0x0000095c                B_Write
 .text.C_Write  0x000009a0       0x44 .\ARM_GCC_473\Debug\115_is_cool.a(C.o)
                0x000009a0                C_Write
 .text.D_Write  0x000009e4       0x44 .\ARM_GCC_473\Debug\115_is_cool.a(D.o)
                0x000009e4                D_Write
 .text.E_Write  0x00000a28       0x44 .\ARM_GCC_473\Debug\115_is_cool.a(E.o)
                0x00000a28                E_Write
 .text.F_Write  0x00000a6c       0x44 .\ARM_GCC_473\Debug\115_is_cool.a(F.o)
                0x00000a6c                F_Write
 .text.G_Write  0x00000ab0       0x40 .\ARM_GCC_473\Debug\115_is_cool.a(G.o)
                0x00000ab0                G_Write
 .text.P_Write  0x00000af0       0x40 .\ARM_GCC_473\Debug\115_is_cool.a(P.o)
                0x00000af0                P_Write
 .text.__libc_init_array
                0x00000b30       0x4c c:/program files (x86)/cypress/psoc creator/3.0/psoc creator/import/gnu_cs/arm/4.7.3/bin/../lib/gcc/arm-none-eabi/4.7.3/../../../../arm-none-eabi/lib/armv7-m\libc_s.a(lib_a-init.o)
                0x00000b30                __libc_init_array
 .text.memcpy   0x00000b7c       0x12 c:/program files (x86)/cypress/psoc creator/3.0/psoc creator/import/gnu_cs/arm/4.7.3/bin/../lib/gcc/arm-none-eabi/4.7.3/../../../../arm-none-eabi/lib/armv7-m\libc_s.a(lib_a-memcpy.o)
                0x00000b7c                memcpy
 .text.memset   0x00000b8e       0x10 c:/program files (x86)/cypress/psoc creator/3.0/psoc creator/import/gnu_cs/arm/4.7.3/bin/../lib/gcc/arm-none-eabi/4.7.3/../../../../arm-none-eabi/lib/armv7-m\libc_s.a(lib_a-memset.o)
                0x00000b8e                memset
 *(.plt)
 *(.gnu.warning)
 *(.glue_7t)
 .glue_7t       0x00000000        0x0 linker stubs
 *(.glue_7)
 .glue_7        0x00000000        0x0 linker stubs
 *(.vfp11_veneer)
 .vfp11_veneer  0x00000000        0x0 linker stubs
 *(.bootloader)
 *(.ARM.extab* .gnu.linkonce.armextab.*)
 *(.gcc_except_table)

.v4_bx          0x00000ba0        0x0
 .v4_bx         0x00000000        0x0 linker stubs

.iplt           0x00000ba0        0x0
 .iplt          0x00000000        0x0 c:/program files (x86)/cypress/psoc creator/3.0/psoc creator/import/gnu_cs/arm/4.7.3/bin/../lib/gcc/arm-none-eabi/4.7.3/armv7-m/crtbegin.o

.eh_frame_hdr
 *(.eh_frame_hdr)

.eh_frame       0x00000ba0        0x4
 *(.eh_frame)
 .eh_frame      0x00000ba0        0x0 c:/program files (x86)/cypress/psoc creator/3.0/psoc creator/import/gnu_cs/arm/4.7.3/bin/../lib/gcc/arm-none-eabi/4.7.3/armv7-m/crtbegin.o
 .eh_frame      0x00000ba0        0x4 c:/program files (x86)/cypress/psoc creator/3.0/psoc creator/import/gnu_cs/arm/4.7.3/bin/../lib/gcc/arm-none-eabi/4.7.3/armv7-m/crtend.o
                0x00000ba4                PROVIDE (__exidx_start, .)

.ARM.exidx
 *(.ARM.exidx* .gnu.linkonce.armexidx.*)
                0x00000ba4                __exidx_end = .

.rodata         0x00000ba4       0x64
 *(.rodata .rodata.* .gnu.linkonce.r.*)
 .rodata        0x00000ba4       0x30 .\ARM_GCC_473\Debug\115_is_cool.a(cyfitter_cfg.o)
                0x00000bd4                . = ALIGN (0x4)
 *(.init)
 .init          0x00000bd4        0x4 c:/program files (x86)/cypress/psoc creator/3.0/psoc creator/import/gnu_cs/arm/4.7.3/bin/../lib/gcc/arm-none-eabi/4.7.3/armv7-m/crti.o
                0x00000bd4                _init
 .init          0x00000bd8        0x8 c:/program files (x86)/cypress/psoc creator/3.0/psoc creator/import/gnu_cs/arm/4.7.3/bin/../lib/gcc/arm-none-eabi/4.7.3/armv7-m/crtn.o
                0x00000be0                . = ALIGN (0x4)
                0x00000be0                __preinit_array_start = .
 *(.preinit_array)
                0x00000be0                __preinit_array_end = .
                0x00000be0                . = ALIGN (0x4)
                0x00000be0                __init_array_start = .
 *(SORT(.init_array.*))
 *(.init_array)
 .init_array    0x00000be0        0x4 c:/program files (x86)/cypress/psoc creator/3.0/psoc creator/import/gnu_cs/arm/4.7.3/bin/../lib/gcc/arm-none-eabi/4.7.3/armv7-m/crtbegin.o
 .init_array    0x00000be4        0x4 .\ARM_GCC_473\Debug\Cm3Start.o
                0x00000be8                __init_array_end = .
                0x00000be8                . = ALIGN (0x4)
 *(.fini)
 .fini          0x00000be8        0x4 c:/program files (x86)/cypress/psoc creator/3.0/psoc creator/import/gnu_cs/arm/4.7.3/bin/../lib/gcc/arm-none-eabi/4.7.3/armv7-m/crti.o
                0x00000be8                _fini
 .fini          0x00000bec        0x8 c:/program files (x86)/cypress/psoc creator/3.0/psoc creator/import/gnu_cs/arm/4.7.3/bin/../lib/gcc/arm-none-eabi/4.7.3/armv7-m/crtn.o
                0x00000bf4                . = ALIGN (0x4)
                0x00000bf4                __fini_array_start = .
 *(.fini_array)
 .fini_array    0x00000bf4        0x4 c:/program files (x86)/cypress/psoc creator/3.0/psoc creator/import/gnu_cs/arm/4.7.3/bin/../lib/gcc/arm-none-eabi/4.7.3/armv7-m/crtbegin.o
 *(SORT(.fini_array.*))
                0x00000bf8                __fini_array_end = .
                0x00000bf8                . = ALIGN (0x4)
 *crtbegin.o(.ctors)
 *(EXCLUDE_FILE(*crtend.o) .ctors)
 *(SORT(.ctors.*))
 *crtend.o(.ctors)
                0x00000bf8                . = ALIGN (0x4)
 *crtbegin.o(.dtors)
 *(EXCLUDE_FILE(*crtend.o) .dtors)
 *(SORT(.dtors.*))
 *crtend.o(.dtors)
                0x00000bf8                . = ALIGN (0x4)
                0x00000bf8                __cy_regions = .
                0x00000bf8        0x4 LONG 0xc08 __cy_region_init_ram
                0x00000bfc        0x4 LONG 0x1fff8108 __cy_region_start_data
                0x00000c00        0x4 LONG 0x18 __cy_region_init_size_ram
                0x00000c04        0x4 LONG 0x20 __cy_region_zero_size_ram
                0x00000c08                __cy_regions_end = .
                0x00000c08                . = ALIGN (0x8)
                0x00000c08                _etext = .

.ramvectors     0x1fff8000      0x100
                0x1fff8000                __cy_region_start_ram = .
 *(.ramvectors)
 .ramvectors    0x1fff8000      0x100 .\ARM_GCC_473\Debug\Cm3Start.o
                0x1fff8000                CyRamVectors

.noinit         0x1fff8100        0x5
 *(.noinit)
 .noinit        0x1fff8100        0x4 .\ARM_GCC_473\Debug\Cm3Start.o
 .noinit        0x1fff8104        0x1 .\ARM_GCC_473\Debug\115_is_cool.a(CyLib.o)
                0x1fff8104                CyResetStatus

.data           0x1fff8108       0x18 load address 0x00000c08
                0x1fff8108                __cy_region_start_data = .
 *(.jcr)
 .jcr           0x1fff8108        0x0 c:/program files (x86)/cypress/psoc creator/3.0/psoc creator/import/gnu_cs/arm/4.7.3/bin/../lib/gcc/arm-none-eabi/4.7.3/armv7-m/crtbegin.o
 .jcr           0x1fff8108        0x4 c:/program files (x86)/cypress/psoc creator/3.0/psoc creator/import/gnu_cs/arm/4.7.3/bin/../lib/gcc/arm-none-eabi/4.7.3/armv7-m/crtend.o
 *(.got.plt)
 *(.got)
 *(.shdata)
 *(.data .data.* .gnu.linkonce.d.*)
 .data          0x1fff810c       0x10 .\ARM_GCC_473\Debug\115_is_cool.a(CyLib.o)
                0x1fff810c                cydelay_freq_hz
                0x1fff8110                cydelay_freq_khz
                0x1fff8114                cydelay_freq_mhz
                0x1fff8118                cydelay_32k_ms
                0x1fff8120                . = ALIGN (0x8)
 *fill*         0x1fff811c        0x4 00
 *(.ram)
                0x1fff8120                _edata = .

.igot.plt       0x1fff8120        0x0 load address 0x00000c20
 .igot.plt      0x00000000        0x0 c:/program files (x86)/cypress/psoc creator/3.0/psoc creator/import/gnu_cs/arm/4.7.3/bin/../lib/gcc/arm-none-eabi/4.7.3/armv7-m/crtbegin.o

.bss            0x1fff8120       0x20 load address 0x00000c20
                0x1fff8120                PROVIDE (__bss_start__, .)
 *(.shbss)
 *(.bss .bss.* .gnu.linkonce.b.*)
 .bss           0x1fff8120       0x1c c:/program files (x86)/cypress/psoc creator/3.0/psoc creator/import/gnu_cs/arm/4.7.3/bin/../lib/gcc/arm-none-eabi/4.7.3/armv7-m/crtbegin.o
 *(COMMON)
                0x1fff8140                . = ALIGN (0x8)
 *fill*         0x1fff813c        0x4 00
 *(.ram.b)
                0x1fff8140                _end = .
                0x1fff8140                __end = .
                0x1fff8140                PROVIDE (end, .)
                0x1fff8140                PROVIDE (__bss_end__, .)
                0x00000c08                __cy_region_init_ram = LOADADDR (.data)
                0x00000018                __cy_region_init_size_ram = (_edata - ADDR (.data))
                0x00000020                __cy_region_zero_size_ram = (_end - _edata)

.heap           0x1fff8140     0x1000 load address 0x00000c20
                0x1fff8140                . = _end
                0x1fff9140                . = (. + 0x1000)
 *fill*         0x1fff8140     0x1000 00
                0x1fff9140                __cy_heap_limit = .

.stack          0x20004000     0x4000
                0x20004000                __cy_stack_limit = .
                0x20008000                . = (. + 0x4000)
 *fill*         0x20004000     0x4000 00
                0x00000001                ASSERT ((__cy_stack_limit >= __cy_heap_limit), region RAM overflowed with stack)

.cyloadermeta
 *(.cyloadermeta)

.cyloadablemeta
 *(.cyloadablemeta)

.cyconfigecc    0x80000000       0x10
 *(.cyconfigecc)
 .cyconfigecc   0x80000000       0x10 .\ARM_GCC_473\Debug\cymetadata.o
                0x80000000                cy_meta_configecc

.cycustnvl      0x90000000        0x4
 *(.cycustnvl)
 .cycustnvl     0x90000000        0x4 .\ARM_GCC_473\Debug\cymetadata.o
                0x90000000                cy_meta_custnvl

.cywolatch      0x90100000        0x4
 *(.cywolatch)
 .cywolatch     0x90100000        0x4 .\ARM_GCC_473\Debug\cymetadata.o
                0x90100000                cy_meta_wonvl

.cyeeprom       0x90200000        0x0
 *(.cyeeprom)
                0x00000001                ASSERT ((. <= ((0x90200000 + ee_offset) + ee_size)), .cyeeprom data will not fit in EEPROM)

.cyflashprotect
                0x90400000      0x100
 *(.cyflashprotect)
 .cyflashprotect
                0x90400000      0x100 .\ARM_GCC_473\Debug\cymetadata.o
                0x90400000                cy_meta_flashprotect

.cymeta         0x90500000        0xc
 *(.cymeta)
 .cymeta        0x90500000        0xc .\ARM_GCC_473\Debug\cymetadata.o
                0x90500000                cy_metadata

.rel.dyn        0x00000c20        0x0 load address 0x9050000c
 .rel.iplt      0x00000000        0x0 c:/program files (x86)/cypress/psoc creator/3.0/psoc creator/import/gnu_cs/arm/4.7.3/bin/../lib/gcc/arm-none-eabi/4.7.3/armv7-m/crtbegin.o

.stab
 *(.stab)

.stabstr
 *(.stabstr)

.debug
 *(.debug)

.line
 *(.line)

.debug_srcinfo
 *(.debug_srcinfo)

.debug_sfnames
 *(.debug_sfnames)

.debug_aranges  0x00000000      0x648
 *(.debug_aranges)
 .debug_aranges
                0x00000000       0x30 .\ARM_GCC_473\Debug\main.o
 .debug_aranges
                0x00000030       0x40 .\ARM_GCC_473\Debug\Cm3Start.o
 .debug_aranges
                0x00000070       0x18 .\ARM_GCC_473\Debug\cymetadata.o
 .debug_aranges
                0x00000088       0x58 .\ARM_GCC_473\Debug\115_is_cool.a(cyfitter_cfg.o)
 .debug_aranges
                0x000000e0       0x20 .\ARM_GCC_473\Debug\115_is_cool.a(CyBootAsmGnu.o)
 .debug_aranges
                0x00000100      0x218 .\ARM_GCC_473\Debug\115_is_cool.a(CyLib.o)
 .debug_aranges
                0x00000318       0x90 .\ARM_GCC_473\Debug\115_is_cool.a(cyPm.o)
 .debug_aranges
                0x000003a8       0x38 .\ARM_GCC_473\Debug\115_is_cool.a(A.o)
 .debug_aranges
                0x000003e0       0x38 .\ARM_GCC_473\Debug\115_is_cool.a(B.o)
 .debug_aranges
                0x00000418       0x38 .\ARM_GCC_473\Debug\115_is_cool.a(C.o)
 .debug_aranges
                0x00000450       0x38 .\ARM_GCC_473\Debug\115_is_cool.a(D.o)
 .debug_aranges
                0x00000488       0x38 .\ARM_GCC_473\Debug\115_is_cool.a(E.o)
 .debug_aranges
                0x000004c0       0x38 .\ARM_GCC_473\Debug\115_is_cool.a(F.o)
 .debug_aranges
                0x000004f8       0x38 .\ARM_GCC_473\Debug\115_is_cool.a(G.o)
 .debug_aranges
                0x00000530       0x38 .\ARM_GCC_473\Debug\115_is_cool.a(P.o)
 .debug_aranges
                0x00000568       0x78 .\ARM_GCC_473\Debug\115_is_cool.a(CyFlash.o)
 .debug_aranges
                0x000005e0       0x68 .\ARM_GCC_473\Debug\115_is_cool.a(CySpc.o)

.debug_pubnames
 *(.debug_pubnames)

.debug_info     0x00000000     0x2c30
 *(.debug_info .gnu.linkonce.wi.*)
 .debug_info    0x00000000      0x110 .\ARM_GCC_473\Debug\main.o
 .debug_info    0x00000110      0x2ea .\ARM_GCC_473\Debug\Cm3Start.o
 .debug_info    0x000003fa      0x13e .\ARM_GCC_473\Debug\cymetadata.o
 .debug_info    0x00000538      0x301 .\ARM_GCC_473\Debug\115_is_cool.a(cyfitter_cfg.o)
 .debug_info    0x00000839       0x90 .\ARM_GCC_473\Debug\115_is_cool.a(CyBootAsmGnu.o)
 .debug_info    0x000008c9      0xcd7 .\ARM_GCC_473\Debug\115_is_cool.a(CyLib.o)
 .debug_info    0x000015a0      0x5c3 .\ARM_GCC_473\Debug\115_is_cool.a(cyPm.o)
 .debug_info    0x00001b63      0x134 .\ARM_GCC_473\Debug\115_is_cool.a(A.o)
 .debug_info    0x00001c97      0x134 .\ARM_GCC_473\Debug\115_is_cool.a(B.o)
 .debug_info    0x00001dcb      0x134 .\ARM_GCC_473\Debug\115_is_cool.a(C.o)
 .debug_info    0x00001eff      0x134 .\ARM_GCC_473\Debug\115_is_cool.a(D.o)
 .debug_info    0x00002033      0x134 .\ARM_GCC_473\Debug\115_is_cool.a(E.o)
 .debug_info    0x00002167      0x134 .\ARM_GCC_473\Debug\115_is_cool.a(F.o)
 .debug_info    0x0000229b      0x134 .\ARM_GCC_473\Debug\115_is_cool.a(G.o)
 .debug_info    0x000023cf      0x134 .\ARM_GCC_473\Debug\115_is_cool.a(P.o)
 .debug_info    0x00002503      0x354 .\ARM_GCC_473\Debug\115_is_cool.a(CyFlash.o)
 .debug_info    0x00002857      0x3d9 .\ARM_GCC_473\Debug\115_is_cool.a(CySpc.o)

.debug_abbrev   0x00000000      0xe9b
 *(.debug_abbrev)
 .debug_abbrev  0x00000000       0x90 .\ARM_GCC_473\Debug\main.o
 .debug_abbrev  0x00000090      0x175 .\ARM_GCC_473\Debug\Cm3Start.o
 .debug_abbrev  0x00000205       0x5d .\ARM_GCC_473\Debug\cymetadata.o
 .debug_abbrev  0x00000262      0x14d .\ARM_GCC_473\Debug\115_is_cool.a(cyfitter_cfg.o)
 .debug_abbrev  0x000003af       0x14 .\ARM_GCC_473\Debug\115_is_cool.a(CyBootAsmGnu.o)
 .debug_abbrev  0x000003c3      0x207 .\ARM_GCC_473\Debug\115_is_cool.a(CyLib.o)
 .debug_abbrev  0x000005ca      0x170 .\ARM_GCC_473\Debug\115_is_cool.a(cyPm.o)
 .debug_abbrev  0x0000073a       0x92 .\ARM_GCC_473\Debug\115_is_cool.a(A.o)
 .debug_abbrev  0x000007cc       0x92 .\ARM_GCC_473\Debug\115_is_cool.a(B.o)
 .debug_abbrev  0x0000085e       0x92 .\ARM_GCC_473\Debug\115_is_cool.a(C.o)
 .debug_abbrev  0x000008f0       0x92 .\ARM_GCC_473\Debug\115_is_cool.a(D.o)
 .debug_abbrev  0x00000982       0x92 .\ARM_GCC_473\Debug\115_is_cool.a(E.o)
 .debug_abbrev  0x00000a14       0x92 .\ARM_GCC_473\Debug\115_is_cool.a(F.o)
 .debug_abbrev  0x00000aa6       0x92 .\ARM_GCC_473\Debug\115_is_cool.a(G.o)
 .debug_abbrev  0x00000b38       0x92 .\ARM_GCC_473\Debug\115_is_cool.a(P.o)
 .debug_abbrev  0x00000bca      0x172 .\ARM_GCC_473\Debug\115_is_cool.a(CyFlash.o)
 .debug_abbrev  0x00000d3c      0x15f .\ARM_GCC_473\Debug\115_is_cool.a(CySpc.o)

.debug_line     0x00000000     0x18ee
 *(.debug_line)
 .debug_line    0x00000000      0x25b .\ARM_GCC_473\Debug\main.o
 .debug_line    0x0000025b      0x1b0 .\ARM_GCC_473\Debug\Cm3Start.o
 .debug_line    0x0000040b       0x53 .\ARM_GCC_473\Debug\cymetadata.o
 .debug_line    0x0000045e      0x1c8 .\ARM_GCC_473\Debug\115_is_cool.a(cyfitter_cfg.o)
 .debug_line    0x00000626       0x68 .\ARM_GCC_473\Debug\115_is_cool.a(CyBootAsmGnu.o)
 .debug_line    0x0000068e      0x73b .\ARM_GCC_473\Debug\115_is_cool.a(CyLib.o)
 .debug_line    0x00000dc9      0x347 .\ARM_GCC_473\Debug\115_is_cool.a(cyPm.o)
 .debug_line    0x00001110       0x92 .\ARM_GCC_473\Debug\115_is_cool.a(A.o)
 .debug_line    0x000011a2       0x92 .\ARM_GCC_473\Debug\115_is_cool.a(B.o)
 .debug_line    0x00001234       0x92 .\ARM_GCC_473\Debug\115_is_cool.a(C.o)
 .debug_line    0x000012c6       0x92 .\ARM_GCC_473\Debug\115_is_cool.a(D.o)
 .debug_line    0x00001358       0x92 .\ARM_GCC_473\Debug\115_is_cool.a(E.o)
 .debug_line    0x000013ea       0x92 .\ARM_GCC_473\Debug\115_is_cool.a(F.o)
 .debug_line    0x0000147c       0x92 .\ARM_GCC_473\Debug\115_is_cool.a(G.o)
 .debug_line    0x0000150e       0x92 .\ARM_GCC_473\Debug\115_is_cool.a(P.o)
 .debug_line    0x000015a0      0x1a7 .\ARM_GCC_473\Debug\115_is_cool.a(CyFlash.o)
 .debug_line    0x00001747      0x1a7 .\ARM_GCC_473\Debug\115_is_cool.a(CySpc.o)

.debug_frame    0x00000000     0x1300
 *(.debug_frame)
 .debug_frame   0x00000000       0x6c .\ARM_GCC_473\Debug\main.o
 .debug_frame   0x0000006c       0xa4 .\ARM_GCC_473\Debug\Cm3Start.o
 .debug_frame   0x00000110      0x104 .\ARM_GCC_473\Debug\115_is_cool.a(cyfitter_cfg.o)
 .debug_frame   0x00000214      0x778 .\ARM_GCC_473\Debug\115_is_cool.a(CyLib.o)
 .debug_frame   0x0000098c      0x1d0 .\ARM_GCC_473\Debug\115_is_cool.a(cyPm.o)
 .debug_frame   0x00000b5c       0x80 .\ARM_GCC_473\Debug\115_is_cool.a(A.o)
 .debug_frame   0x00000bdc       0x80 .\ARM_GCC_473\Debug\115_is_cool.a(B.o)
 .debug_frame   0x00000c5c       0x80 .\ARM_GCC_473\Debug\115_is_cool.a(C.o)
 .debug_frame   0x00000cdc       0x80 .\ARM_GCC_473\Debug\115_is_cool.a(D.o)
 .debug_frame   0x00000d5c       0x80 .\ARM_GCC_473\Debug\115_is_cool.a(E.o)
 .debug_frame   0x00000ddc       0x80 .\ARM_GCC_473\Debug\115_is_cool.a(F.o)
 .debug_frame   0x00000e5c       0x80 .\ARM_GCC_473\Debug\115_is_cool.a(G.o)
 .debug_frame   0x00000edc       0x80 .\ARM_GCC_473\Debug\115_is_cool.a(P.o)
 .debug_frame   0x00000f5c      0x178 .\ARM_GCC_473\Debug\115_is_cool.a(CyFlash.o)
 .debug_frame   0x000010d4      0x13c .\ARM_GCC_473\Debug\115_is_cool.a(CySpc.o)
 .debug_frame   0x00001210       0x28 c:/program files (x86)/cypress/psoc creator/3.0/psoc creator/import/gnu_cs/arm/4.7.3/bin/../lib/gcc/arm-none-eabi/4.7.3/../../../../arm-none-eabi/lib/armv7-m\libc_s.a(lib_a-__atexit2.o)
 .debug_frame   0x00001238       0x28 c:/program files (x86)/cypress/psoc creator/3.0/psoc creator/import/gnu_cs/arm/4.7.3/bin/../lib/gcc/arm-none-eabi/4.7.3/../../../../arm-none-eabi/lib/armv7-m\libc_s.a(lib_a-exit.o)
 .debug_frame   0x00001260       0x2c c:/program files (x86)/cypress/psoc creator/3.0/psoc creator/import/gnu_cs/arm/4.7.3/bin/../lib/gcc/arm-none-eabi/4.7.3/../../../../arm-none-eabi/lib/armv7-m\libc_s.a(lib_a-fini.o)
 .debug_frame   0x0000128c       0x2c c:/program files (x86)/cypress/psoc creator/3.0/psoc creator/import/gnu_cs/arm/4.7.3/bin/../lib/gcc/arm-none-eabi/4.7.3/../../../../arm-none-eabi/lib/armv7-m\libc_s.a(lib_a-init.o)
 .debug_frame   0x000012b8       0x28 c:/program files (x86)/cypress/psoc creator/3.0/psoc creator/import/gnu_cs/arm/4.7.3/bin/../lib/gcc/arm-none-eabi/4.7.3/../../../../arm-none-eabi/lib/armv7-m\libc_s.a(lib_a-memcpy.o)
 .debug_frame   0x000012e0       0x20 c:/program files (x86)/cypress/psoc creator/3.0/psoc creator/import/gnu_cs/arm/4.7.3/bin/../lib/gcc/arm-none-eabi/4.7.3/../../../../arm-none-eabi/lib/armv7-m\libc_s.a(lib_a-memset.o)

.debug_str      0x00000000     0x120f
 *(.debug_str)
 .debug_str     0x00000000      0x133 .\ARM_GCC_473\Debug\main.o
                                0x16c (size before relaxing)
 .debug_str     0x00000133      0x11f .\ARM_GCC_473\Debug\Cm3Start.o
                                0x261 (size before relaxing)
 .debug_str     0x00000252       0x77 .\ARM_GCC_473\Debug\cymetadata.o
                                0x1a5 (size before relaxing)
 .debug_str     0x000002c9      0x10d .\ARM_GCC_473\Debug\115_is_cool.a(cyfitter_cfg.o)
                                0x25b (size before relaxing)
 .debug_str     0x000003d6      0x642 .\ARM_GCC_473\Debug\115_is_cool.a(CyLib.o)
                                0x7c7 (size before relaxing)
 .debug_str     0x00000a18      0x371 .\ARM_GCC_473\Debug\115_is_cool.a(cyPm.o)
                                0x4d6 (size before relaxing)
 .debug_str     0x00000d89       0x5a .\ARM_GCC_473\Debug\115_is_cool.a(A.o)
                                0x189 (size before relaxing)
 .debug_str     0x00000de3       0x49 .\ARM_GCC_473\Debug\115_is_cool.a(B.o)
                                0x189 (size before relaxing)
 .debug_str     0x00000e2c       0x49 .\ARM_GCC_473\Debug\115_is_cool.a(C.o)
                                0x189 (size before relaxing)
 .debug_str     0x00000e75       0x41 .\ARM_GCC_473\Debug\115_is_cool.a(D.o)
                                0x189 (size before relaxing)
 .debug_str     0x00000eb6       0x49 .\ARM_GCC_473\Debug\115_is_cool.a(E.o)
                                0x189 (size before relaxing)
 .debug_str     0x00000eff       0x49 .\ARM_GCC_473\Debug\115_is_cool.a(F.o)
                                0x189 (size before relaxing)
 .debug_str     0x00000f48       0x49 .\ARM_GCC_473\Debug\115_is_cool.a(G.o)
                                0x189 (size before relaxing)
 .debug_str     0x00000f91       0x49 .\ARM_GCC_473\Debug\115_is_cool.a(P.o)
                                0x189 (size before relaxing)
 .debug_str     0x00000fda      0x137 .\ARM_GCC_473\Debug\115_is_cool.a(CyFlash.o)
                                0x29c (size before relaxing)
 .debug_str     0x00001111       0xfe .\ARM_GCC_473\Debug\115_is_cool.a(CySpc.o)
                                0x278 (size before relaxing)

.debug_loc      0x00000000     0x1dec
 *(.debug_loc)
 .debug_loc     0x00000000       0x9c .\ARM_GCC_473\Debug\main.o
 .debug_loc     0x0000009c      0x100 .\ARM_GCC_473\Debug\Cm3Start.o
 .debug_loc     0x0000019c      0x1c0 .\ARM_GCC_473\Debug\115_is_cool.a(cyfitter_cfg.o)
 .debug_loc     0x0000035c      0xce0 .\ARM_GCC_473\Debug\115_is_cool.a(CyLib.o)
 .debug_loc     0x0000103c      0x2e8 .\ARM_GCC_473\Debug\115_is_cool.a(cyPm.o)
 .debug_loc     0x00001324       0xc8 .\ARM_GCC_473\Debug\115_is_cool.a(A.o)
 .debug_loc     0x000013ec       0xc8 .\ARM_GCC_473\Debug\115_is_cool.a(B.o)
 .debug_loc     0x000014b4       0xc8 .\ARM_GCC_473\Debug\115_is_cool.a(C.o)
 .debug_loc     0x0000157c       0xc8 .\ARM_GCC_473\Debug\115_is_cool.a(D.o)
 .debug_loc     0x00001644       0xc8 .\ARM_GCC_473\Debug\115_is_cool.a(E.o)
 .debug_loc     0x0000170c       0xc8 .\ARM_GCC_473\Debug\115_is_cool.a(F.o)
 .debug_loc     0x000017d4       0xc8 .\ARM_GCC_473\Debug\115_is_cool.a(G.o)
 .debug_loc     0x0000189c       0xc8 .\ARM_GCC_473\Debug\115_is_cool.a(P.o)
 .debug_loc     0x00001964      0x258 .\ARM_GCC_473\Debug\115_is_cool.a(CyFlash.o)
 .debug_loc     0x00001bbc      0x230 .\ARM_GCC_473\Debug\115_is_cool.a(CySpc.o)

.debug_macinfo
 *(.debug_macinfo)

.debug_ranges   0x00000000      0x520
 *(.debug_ranges)
 .debug_ranges  0x00000000       0x20 .\ARM_GCC_473\Debug\main.o
 .debug_ranges  0x00000020       0x30 .\ARM_GCC_473\Debug\Cm3Start.o
 .debug_ranges  0x00000050       0x48 .\ARM_GCC_473\Debug\115_is_cool.a(cyfitter_cfg.o)
 .debug_ranges  0x00000098      0x208 .\ARM_GCC_473\Debug\115_is_cool.a(CyLib.o)
 .debug_ranges  0x000002a0       0x80 .\ARM_GCC_473\Debug\115_is_cool.a(cyPm.o)
 .debug_ranges  0x00000320       0x28 .\ARM_GCC_473\Debug\115_is_cool.a(A.o)
 .debug_ranges  0x00000348       0x28 .\ARM_GCC_473\Debug\115_is_cool.a(B.o)
 .debug_ranges  0x00000370       0x28 .\ARM_GCC_473\Debug\115_is_cool.a(C.o)
 .debug_ranges  0x00000398       0x28 .\ARM_GCC_473\Debug\115_is_cool.a(D.o)
 .debug_ranges  0x000003c0       0x28 .\ARM_GCC_473\Debug\115_is_cool.a(E.o)
 .debug_ranges  0x000003e8       0x28 .\ARM_GCC_473\Debug\115_is_cool.a(F.o)
 .debug_ranges  0x00000410       0x28 .\ARM_GCC_473\Debug\115_is_cool.a(G.o)
 .debug_ranges  0x00000438       0x28 .\ARM_GCC_473\Debug\115_is_cool.a(P.o)
 .debug_ranges  0x00000460       0x68 .\ARM_GCC_473\Debug\115_is_cool.a(CyFlash.o)
 .debug_ranges  0x000004c8       0x58 .\ARM_GCC_473\Debug\115_is_cool.a(CySpc.o)

.comment        0x00000000       0x70
 .comment       0x00000000       0x70 .\ARM_GCC_473\Debug\main.o
                                 0x71 (size before relaxing)
 .comment       0x00000000       0x71 .\ARM_GCC_473\Debug\Cm3Start.o
 .comment       0x00000000       0x71 .\ARM_GCC_473\Debug\cymetadata.o
 .comment       0x00000000       0x71 .\ARM_GCC_473\Debug\115_is_cool.a(cyfitter_cfg.o)
 .comment       0x00000000       0x71 .\ARM_GCC_473\Debug\115_is_cool.a(CyLib.o)
 .comment       0x00000000       0x71 .\ARM_GCC_473\Debug\115_is_cool.a(cyPm.o)
 .comment       0x00000000       0x71 .\ARM_GCC_473\Debug\115_is_cool.a(A.o)
 .comment       0x00000000       0x71 .\ARM_GCC_473\Debug\115_is_cool.a(B.o)
 .comment       0x00000000       0x71 .\ARM_GCC_473\Debug\115_is_cool.a(C.o)
 .comment       0x00000000       0x71 .\ARM_GCC_473\Debug\115_is_cool.a(D.o)
 .comment       0x00000000       0x71 .\ARM_GCC_473\Debug\115_is_cool.a(E.o)
 .comment       0x00000000       0x71 .\ARM_GCC_473\Debug\115_is_cool.a(F.o)
 .comment       0x00000000       0x71 .\ARM_GCC_473\Debug\115_is_cool.a(G.o)
 .comment       0x00000000       0x71 .\ARM_GCC_473\Debug\115_is_cool.a(P.o)
 .comment       0x00000000       0x71 .\ARM_GCC_473\Debug\115_is_cool.a(CyFlash.o)
 .comment       0x00000000       0x71 .\ARM_GCC_473\Debug\115_is_cool.a(CySpc.o)

.debug_weaknames
 *(.debug_weaknames)

.debug_funcnames
 *(.debug_funcnames)

.debug_typenames
 *(.debug_typenames)

.debug_varnames
 *(.debug_varnames)

.note.gnu.arm.ident
 *(.note.gnu.arm.ident)

.ARM.attributes
                0x00000000       0x29
 *(.ARM.attributes)
 .ARM.attributes
                0x00000000       0x1d c:/program files (x86)/cypress/psoc creator/3.0/psoc creator/import/gnu_cs/arm/4.7.3/bin/../lib/gcc/arm-none-eabi/4.7.3/armv7-m/crti.o
 .ARM.attributes
                0x0000001d       0x2d c:/program files (x86)/cypress/psoc creator/3.0/psoc creator/import/gnu_cs/arm/4.7.3/bin/../lib/gcc/arm-none-eabi/4.7.3/armv7-m/crtbegin.o
 .ARM.attributes
                0x0000004a       0x1b c:/program files (x86)/cypress/psoc creator/3.0/psoc creator/import/gnu_cs/arm/4.7.3/bin/../lib/gcc/arm-none-eabi/4.7.3/../../../../arm-none-eabi/lib/armv7-m/crt0.o
 .ARM.attributes
                0x00000065       0x33 .\ARM_GCC_473\Debug\main.o
 .ARM.attributes
                0x00000098       0x33 .\ARM_GCC_473\Debug\Cm3Start.o
 .ARM.attributes
                0x000000cb       0x33 .\ARM_GCC_473\Debug\cymetadata.o
 .ARM.attributes
                0x000000fe       0x33 .\ARM_GCC_473\Debug\115_is_cool.a(cyfitter_cfg.o)
 .ARM.attributes
                0x00000131       0x21 .\ARM_GCC_473\Debug\115_is_cool.a(CyBootAsmGnu.o)
 .ARM.attributes
                0x00000152       0x33 .\ARM_GCC_473\Debug\115_is_cool.a(CyLib.o)
 .ARM.attributes
                0x00000185       0x33 .\ARM_GCC_473\Debug\115_is_cool.a(cyPm.o)
 .ARM.attributes
                0x000001b8       0x33 .\ARM_GCC_473\Debug\115_is_cool.a(A.o)
 .ARM.attributes
                0x000001eb       0x33 .\ARM_GCC_473\Debug\115_is_cool.a(B.o)
 .ARM.attributes
                0x0000021e       0x33 .\ARM_GCC_473\Debug\115_is_cool.a(C.o)
 .ARM.attributes
                0x00000251       0x33 .\ARM_GCC_473\Debug\115_is_cool.a(D.o)
 .ARM.attributes
                0x00000284       0x33 .\ARM_GCC_473\Debug\115_is_cool.a(E.o)
 .ARM.attributes
                0x000002b7       0x33 .\ARM_GCC_473\Debug\115_is_cool.a(F.o)
 .ARM.attributes
                0x000002ea       0x33 .\ARM_GCC_473\Debug\115_is_cool.a(G.o)
 .ARM.attributes
                0x0000031d       0x33 .\ARM_GCC_473\Debug\115_is_cool.a(P.o)
 .ARM.attributes
                0x00000350       0x33 .\ARM_GCC_473\Debug\115_is_cool.a(CyFlash.o)
 .ARM.attributes
                0x00000383       0x33 .\ARM_GCC_473\Debug\115_is_cool.a(CySpc.o)
 .ARM.attributes
                0x000003b6       0x2d c:/program files (x86)/cypress/psoc creator/3.0/psoc creator/import/gnu_cs/arm/4.7.3/bin/../lib/gcc/arm-none-eabi/4.7.3/../../../../arm-none-eabi/lib/armv7-m\libc_s.a(lib_a-__atexit2.o)
 .ARM.attributes
                0x000003e3       0x2d c:/program files (x86)/cypress/psoc creator/3.0/psoc creator/import/gnu_cs/arm/4.7.3/bin/../lib/gcc/arm-none-eabi/4.7.3/../../../../arm-none-eabi/lib/armv7-m\libc_s.a(lib_a-exit.o)
 .ARM.attributes
                0x00000410       0x2d c:/program files (x86)/cypress/psoc creator/3.0/psoc creator/import/gnu_cs/arm/4.7.3/bin/../lib/gcc/arm-none-eabi/4.7.3/../../../../arm-none-eabi/lib/armv7-m\libc_s.a(lib_a-fini.o)
 .ARM.attributes
                0x0000043d       0x2d c:/program files (x86)/cypress/psoc creator/3.0/psoc creator/import/gnu_cs/arm/4.7.3/bin/../lib/gcc/arm-none-eabi/4.7.3/../../../../arm-none-eabi/lib/armv7-m\libc_s.a(lib_a-impure.o)
 .ARM.attributes
                0x0000046a       0x2d c:/program files (x86)/cypress/psoc creator/3.0/psoc creator/import/gnu_cs/arm/4.7.3/bin/../lib/gcc/arm-none-eabi/4.7.3/../../../../arm-none-eabi/lib/armv7-m\libc_s.a(lib_a-init.o)
 .ARM.attributes
                0x00000497       0x2d c:/program files (x86)/cypress/psoc creator/3.0/psoc creator/import/gnu_cs/arm/4.7.3/bin/../lib/gcc/arm-none-eabi/4.7.3/../../../../arm-none-eabi/lib/armv7-m\libc_s.a(lib_a-memcpy.o)
 .ARM.attributes
                0x000004c4       0x2d c:/program files (x86)/cypress/psoc creator/3.0/psoc creator/import/gnu_cs/arm/4.7.3/bin/../lib/gcc/arm-none-eabi/4.7.3/../../../../arm-none-eabi/lib/armv7-m\libc_s.a(lib_a-memset.o)
 .ARM.attributes
                0x000004f1       0x2d c:/program files (x86)/cypress/psoc creator/3.0/psoc creator/import/gnu_cs/arm/4.7.3/bin/../lib/gcc/arm-none-eabi/4.7.3/armv7-m/crtend.o
 .ARM.attributes
                0x0000051e       0x1d c:/program files (x86)/cypress/psoc creator/3.0/psoc creator/import/gnu_cs/arm/4.7.3/bin/../lib/gcc/arm-none-eabi/4.7.3/armv7-m/crtn.o

/DISCARD/
 *(.note.GNU-stack)
OUTPUT(.\ARM_GCC_473\Debug\115_is_cool.elf elf32-littlearm)
