Archive member included because of file (symbol)

.\CortexM3\ARM_GCC_473\Debug\LAB2.a(cyfitter_cfg.o)
                              .\CortexM3\ARM_GCC_473\Debug\Cm3Start.o (cyfitter_cfg)
.\CortexM3\ARM_GCC_473\Debug\LAB2.a(LCD_Char_1.o)
                              .\CortexM3\ARM_GCC_473\Debug\main.o (LCD_Char_1_WriteControl)
.\CortexM3\ARM_GCC_473\Debug\LAB2.a(ADC_DelSig_1.o)
                              .\CortexM3\ARM_GCC_473\Debug\main.o (ADC_DelSig_1_Start)
.\CortexM3\ARM_GCC_473\Debug\LAB2.a(ADC_DelSig_1_INT.o)
                              .\CortexM3\ARM_GCC_473\Debug\LAB2.a(ADC_DelSig_1.o) (ADC_DelSig_1_ISR1)
.\CortexM3\ARM_GCC_473\Debug\LAB2.a(ADC_DelSig_1_AMux.o)
                              .\CortexM3\ARM_GCC_473\Debug\LAB2.a(ADC_DelSig_1.o) (ADC_DelSig_1_AMux_Select)
.\CortexM3\ARM_GCC_473\Debug\LAB2.a(ADC_DelSig_1_Ext_CP_Clk.o)
                              .\CortexM3\ARM_GCC_473\Debug\LAB2.a(ADC_DelSig_1.o) (ADC_DelSig_1_Ext_CP_Clk_SetDividerRegister)
.\CortexM3\ARM_GCC_473\Debug\LAB2.a(ADC_DelSig_1_theACLK.o)
                              .\CortexM3\ARM_GCC_473\Debug\LAB2.a(ADC_DelSig_1.o) (ADC_DelSig_1_theACLK_SetDividerRegister)
.\CortexM3\ARM_GCC_473\Debug\LAB2.a(CyBootAsmGnu.o)
                              .\CortexM3\ARM_GCC_473\Debug\LAB2.a(cyfitter_cfg.o) (CyDelayCycles)
.\CortexM3\ARM_GCC_473\Debug\LAB2.a(CyLib.o)
                              .\CortexM3\ARM_GCC_473\Debug\Cm3Start.o (CyResetStatus)
.\CortexM3\ARM_GCC_473\Debug\LAB2.a(cyPm.o)
                              .\CortexM3\ARM_GCC_473\Debug\LAB2.a(CyLib.o) (CyPmReadStatus)
.\CortexM3\ARM_GCC_473\Debug\LAB2.a(CyFlash.o)
                              .\CortexM3\ARM_GCC_473\Debug\LAB2.a(cyPm.o) (CyFlash_SetWaitCycles)
.\CortexM3\ARM_GCC_473\Debug\LAB2.a(CySpc.o)
                              .\CortexM3\ARM_GCC_473\Debug\LAB2.a(CyFlash.o) (CySpcStart)
c:/program files (x86)/cypress/psoc creator/3.0/psoc creator/import/gnu_cs/arm/4.7.3/bin/../lib/gcc/arm-none-eabi/4.7.3/armv7-m\libgcc.a(_arm_addsubdf3.o)
                              .\CortexM3\ARM_GCC_473\Debug\LAB2.a(ADC_DelSig_1.o) (__aeabi_f2d)
c:/program files (x86)/cypress/psoc creator/3.0/psoc creator/import/gnu_cs/arm/4.7.3/bin/../lib/gcc/arm-none-eabi/4.7.3/armv7-m\libgcc.a(_arm_cmpdf2.o)
                              .\CortexM3\ARM_GCC_473\Debug\LAB2.a(ADC_DelSig_1.o) (__aeabi_dcmpgt)
c:/program files (x86)/cypress/psoc creator/3.0/psoc creator/import/gnu_cs/arm/4.7.3/bin/../lib/gcc/arm-none-eabi/4.7.3/armv7-m\libgcc.a(_arm_addsubsf3.o)
                              .\CortexM3\ARM_GCC_473\Debug\LAB2.a(ADC_DelSig_1.o) (__aeabi_ui2f)
c:/program files (x86)/cypress/psoc creator/3.0/psoc creator/import/gnu_cs/arm/4.7.3/bin/../lib/gcc/arm-none-eabi/4.7.3/armv7-m\libgcc.a(_arm_muldivsf3.o)
                              .\CortexM3\ARM_GCC_473\Debug\LAB2.a(ADC_DelSig_1.o) (__aeabi_fmul)
c:/program files (x86)/cypress/psoc creator/3.0/psoc creator/import/gnu_cs/arm/4.7.3/bin/../lib/gcc/arm-none-eabi/4.7.3/armv7-m\libgcc.a(_arm_fixunssfsi.o)
                              .\CortexM3\ARM_GCC_473\Debug\LAB2.a(ADC_DelSig_1.o) (__aeabi_f2uiz)
c:/program files (x86)/cypress/psoc creator/3.0/psoc creator/import/gnu_cs/arm/4.7.3/bin/../lib/gcc/arm-none-eabi/4.7.3/../../../../arm-none-eabi/lib/armv7-m\libc_s.a(lib_a-__atexit2.o)
                              c:/program files (x86)/cypress/psoc creator/3.0/psoc creator/import/gnu_cs/arm/4.7.3/bin/../lib/gcc/arm-none-eabi/4.7.3/../../../../arm-none-eabi/lib/armv7-m/crt0.o (__register_exitproc)
c:/program files (x86)/cypress/psoc creator/3.0/psoc creator/import/gnu_cs/arm/4.7.3/bin/../lib/gcc/arm-none-eabi/4.7.3/../../../../arm-none-eabi/lib/armv7-m\libc_s.a(lib_a-exit.o)
                              c:/program files (x86)/cypress/psoc creator/3.0/psoc creator/import/gnu_cs/arm/4.7.3/bin/../lib/gcc/arm-none-eabi/4.7.3/../../../../arm-none-eabi/lib/armv7-m/crt0.o (exit)
c:/program files (x86)/cypress/psoc creator/3.0/psoc creator/import/gnu_cs/arm/4.7.3/bin/../lib/gcc/arm-none-eabi/4.7.3/../../../../arm-none-eabi/lib/armv7-m\libc_s.a(lib_a-fini.o)
                              c:/program files (x86)/cypress/psoc creator/3.0/psoc creator/import/gnu_cs/arm/4.7.3/bin/../lib/gcc/arm-none-eabi/4.7.3/../../../../arm-none-eabi/lib/armv7-m/crt0.o (__libc_fini_array)
c:/program files (x86)/cypress/psoc creator/3.0/psoc creator/import/gnu_cs/arm/4.7.3/bin/../lib/gcc/arm-none-eabi/4.7.3/../../../../arm-none-eabi/lib/armv7-m\libc_s.a(lib_a-impure.o)
                              c:/program files (x86)/cypress/psoc creator/3.0/psoc creator/import/gnu_cs/arm/4.7.3/bin/../lib/gcc/arm-none-eabi/4.7.3/../../../../arm-none-eabi/lib/armv7-m\libc_s.a(lib_a-exit.o) (_global_impure_ptr)
c:/program files (x86)/cypress/psoc creator/3.0/psoc creator/import/gnu_cs/arm/4.7.3/bin/../lib/gcc/arm-none-eabi/4.7.3/../../../../arm-none-eabi/lib/armv7-m\libc_s.a(lib_a-init.o)
                              c:/program files (x86)/cypress/psoc creator/3.0/psoc creator/import/gnu_cs/arm/4.7.3/bin/../lib/gcc/arm-none-eabi/4.7.3/../../../../arm-none-eabi/lib/armv7-m/crt0.o (__libc_init_array)
c:/program files (x86)/cypress/psoc creator/3.0/psoc creator/import/gnu_cs/arm/4.7.3/bin/../lib/gcc/arm-none-eabi/4.7.3/../../../../arm-none-eabi/lib/armv7-m\libc_s.a(lib_a-memcpy.o)
                              .\CortexM3\ARM_GCC_473\Debug\LAB2.a(cyfitter_cfg.o) (memcpy)
c:/program files (x86)/cypress/psoc creator/3.0/psoc creator/import/gnu_cs/arm/4.7.3/bin/../lib/gcc/arm-none-eabi/4.7.3/../../../../arm-none-eabi/lib/armv7-m\libc_s.a(lib_a-memset.o)
                              c:/program files (x86)/cypress/psoc creator/3.0/psoc creator/import/gnu_cs/arm/4.7.3/bin/../lib/gcc/arm-none-eabi/4.7.3/../../../../arm-none-eabi/lib/armv7-m/crt0.o (memset)

Allocating common symbols
Common symbol       size              file

ADC_DelSig_1_CountsPerVolt
                    0x4               .\CortexM3\ARM_GCC_473\Debug\LAB2.a(ADC_DelSig_1.o)
ADC_DelSig_1_Offset
                    0x4               .\CortexM3\ARM_GCC_473\Debug\LAB2.a(ADC_DelSig_1.o)
dieTemperature      0x2               .\CortexM3\ARM_GCC_473\Debug\LAB2.a(CyFlash.o)

Discarded input sections

 .text          0x00000000        0x0 c:/program files (x86)/cypress/psoc creator/3.0/psoc creator/import/gnu_cs/arm/4.7.3/bin/../lib/gcc/arm-none-eabi/4.7.3/armv7-m/crti.o
 .data          0x00000000        0x0 c:/program files (x86)/cypress/psoc creator/3.0/psoc creator/import/gnu_cs/arm/4.7.3/bin/../lib/gcc/arm-none-eabi/4.7.3/armv7-m/crti.o
 .bss           0x00000000        0x0 c:/program files (x86)/cypress/psoc creator/3.0/psoc creator/import/gnu_cs/arm/4.7.3/bin/../lib/gcc/arm-none-eabi/4.7.3/armv7-m/crti.o
 .data          0x00000000        0x4 c:/program files (x86)/cypress/psoc creator/3.0/psoc creator/import/gnu_cs/arm/4.7.3/bin/../lib/gcc/arm-none-eabi/4.7.3/armv7-m/crtbegin.o
 .text          0x00000000       0x70 c:/program files (x86)/cypress/psoc creator/3.0/psoc creator/import/gnu_cs/arm/4.7.3/bin/../lib/gcc/arm-none-eabi/4.7.3/../../../../arm-none-eabi/lib/armv7-m/crt0.o
 .data          0x00000000        0x0 c:/program files (x86)/cypress/psoc creator/3.0/psoc creator/import/gnu_cs/arm/4.7.3/bin/../lib/gcc/arm-none-eabi/4.7.3/../../../../arm-none-eabi/lib/armv7-m/crt0.o
 .bss           0x00000000        0x0 c:/program files (x86)/cypress/psoc creator/3.0/psoc creator/import/gnu_cs/arm/4.7.3/bin/../lib/gcc/arm-none-eabi/4.7.3/../../../../arm-none-eabi/lib/armv7-m/crt0.o
 .ARM.extab     0x00000000        0x0 c:/program files (x86)/cypress/psoc creator/3.0/psoc creator/import/gnu_cs/arm/4.7.3/bin/../lib/gcc/arm-none-eabi/4.7.3/../../../../arm-none-eabi/lib/armv7-m/crt0.o
 .ARM.exidx     0x00000000        0x8 c:/program files (x86)/cypress/psoc creator/3.0/psoc creator/import/gnu_cs/arm/4.7.3/bin/../lib/gcc/arm-none-eabi/4.7.3/../../../../arm-none-eabi/lib/armv7-m/crt0.o
 .text          0x00000000        0x0 .\CortexM3\ARM_GCC_473\Debug\main.o
 .data          0x00000000        0x0 .\CortexM3\ARM_GCC_473\Debug\main.o
 .text          0x00000000        0x0 .\CortexM3\ARM_GCC_473\Debug\cymetadata.o
 .data          0x00000000        0x0 .\CortexM3\ARM_GCC_473\Debug\cymetadata.o
 .bss           0x00000000        0x0 .\CortexM3\ARM_GCC_473\Debug\cymetadata.o
 .text          0x00000000        0x0 .\CortexM3\ARM_GCC_473\Debug\Cm3Start.o
 .data          0x00000000        0x0 .\CortexM3\ARM_GCC_473\Debug\Cm3Start.o
 .bss           0x00000000        0x0 .\CortexM3\ARM_GCC_473\Debug\Cm3Start.o
 .text._exit    0x00000000       0x30 .\CortexM3\ARM_GCC_473\Debug\Cm3Start.o
 .text          0x00000000        0x0 .\CortexM3\ARM_GCC_473\Debug\LAB2.a(cyfitter_cfg.o)
 .data          0x00000000        0x0 .\CortexM3\ARM_GCC_473\Debug\LAB2.a(cyfitter_cfg.o)
 .bss           0x00000000        0x0 .\CortexM3\ARM_GCC_473\Debug\LAB2.a(cyfitter_cfg.o)
 .text.CYCONFIGCPYCODE
                0x00000000       0x20 .\CortexM3\ARM_GCC_473\Debug\LAB2.a(cyfitter_cfg.o)
 .text.SetAnalogRoutingPumps
                0x00000000       0x44 .\CortexM3\ARM_GCC_473\Debug\LAB2.a(cyfitter_cfg.o)
 .text          0x00000000        0x0 .\CortexM3\ARM_GCC_473\Debug\LAB2.a(LCD_Char_1.o)
 .data          0x00000000        0x0 .\CortexM3\ARM_GCC_473\Debug\LAB2.a(LCD_Char_1.o)
 .text.LCD_Char_1_Stop
                0x00000000       0x1c .\CortexM3\ARM_GCC_473\Debug\LAB2.a(LCD_Char_1.o)
 .text.LCD_Char_1_PutChar
                0x00000000       0x1c .\CortexM3\ARM_GCC_473\Debug\LAB2.a(LCD_Char_1.o)
 .text.LCD_Char_1_PrintInt8
                0x00000000       0x44 .\CortexM3\ARM_GCC_473\Debug\LAB2.a(LCD_Char_1.o)
 .text.LCD_Char_1_PrintInt16
                0x00000000       0x2c .\CortexM3\ARM_GCC_473\Debug\LAB2.a(LCD_Char_1.o)
 .rodata        0x00000000       0x10 .\CortexM3\ARM_GCC_473\Debug\LAB2.a(LCD_Char_1.o)
 .text          0x00000000        0x0 .\CortexM3\ARM_GCC_473\Debug\LAB2.a(ADC_DelSig_1.o)
 .text.ADC_DelSig_1_Stop
                0x00000000      0x220 .\CortexM3\ARM_GCC_473\Debug\LAB2.a(ADC_DelSig_1.o)
 .text.ADC_DelSig_1_SetBufferGain
                0x00000000       0x48 .\CortexM3\ARM_GCC_473\Debug\LAB2.a(ADC_DelSig_1.o)
 .text.ADC_DelSig_1_SetCoherency
                0x00000000       0x40 .\CortexM3\ARM_GCC_473\Debug\LAB2.a(ADC_DelSig_1.o)
 .text.ADC_DelSig_1_SetGCOR
                0x00000000       0xd0 .\CortexM3\ARM_GCC_473\Debug\LAB2.a(ADC_DelSig_1.o)
 .text.ADC_DelSig_1_ReadGCOR
                0x00000000       0x40 .\CortexM3\ARM_GCC_473\Debug\LAB2.a(ADC_DelSig_1.o)
 .text.ADC_DelSig_1_StopConvert
                0x00000000       0x28 .\CortexM3\ARM_GCC_473\Debug\LAB2.a(ADC_DelSig_1.o)
 .text.ADC_DelSig_1_GetResult8
                0x00000000       0x78 .\CortexM3\ARM_GCC_473\Debug\LAB2.a(ADC_DelSig_1.o)
 .text.ADC_DelSig_1_GetResult32
                0x00000000       0xd8 .\CortexM3\ARM_GCC_473\Debug\LAB2.a(ADC_DelSig_1.o)
 .text.ADC_DelSig_1_SetOffset
                0x00000000       0x20 .\CortexM3\ARM_GCC_473\Debug\LAB2.a(ADC_DelSig_1.o)
 .text.ADC_DelSig_1_SetGain
                0x00000000       0x20 .\CortexM3\ARM_GCC_473\Debug\LAB2.a(ADC_DelSig_1.o)
 .text.ADC_DelSig_1_CountsTo_mVolts
                0x00000000       0x44 .\CortexM3\ARM_GCC_473\Debug\LAB2.a(ADC_DelSig_1.o)
 .text.ADC_DelSig_1_CountsTo_Volts
                0x00000000       0x4c .\CortexM3\ARM_GCC_473\Debug\LAB2.a(ADC_DelSig_1.o)
 .text.ADC_DelSig_1_CountsTo_uVolts
                0x00000000       0xdc .\CortexM3\ARM_GCC_473\Debug\LAB2.a(ADC_DelSig_1.o)
 .text.ADC_DelSig_1_SelectConfiguration
                0x00000000       0xac .\CortexM3\ARM_GCC_473\Debug\LAB2.a(ADC_DelSig_1.o)
 .text.ADC_DelSig_1_Read8
                0x00000000       0x48 .\CortexM3\ARM_GCC_473\Debug\LAB2.a(ADC_DelSig_1.o)
 .text.ADC_DelSig_1_Read16
                0x00000000       0x48 .\CortexM3\ARM_GCC_473\Debug\LAB2.a(ADC_DelSig_1.o)
 .text.ADC_DelSig_1_Read32
                0x00000000       0x44 .\CortexM3\ARM_GCC_473\Debug\LAB2.a(ADC_DelSig_1.o)
 .text          0x00000000        0x0 .\CortexM3\ARM_GCC_473\Debug\LAB2.a(ADC_DelSig_1_INT.o)
 .data          0x00000000        0x0 .\CortexM3\ARM_GCC_473\Debug\LAB2.a(ADC_DelSig_1_INT.o)
 .bss           0x00000000        0x0 .\CortexM3\ARM_GCC_473\Debug\LAB2.a(ADC_DelSig_1_INT.o)
 .text.ADC_DelSig_1_ISR2
                0x00000000        0xc .\CortexM3\ARM_GCC_473\Debug\LAB2.a(ADC_DelSig_1_INT.o)
 .text.ADC_DelSig_1_ISR3
                0x00000000        0xc .\CortexM3\ARM_GCC_473\Debug\LAB2.a(ADC_DelSig_1_INT.o)
 .text.ADC_DelSig_1_ISR4
                0x00000000        0xc .\CortexM3\ARM_GCC_473\Debug\LAB2.a(ADC_DelSig_1_INT.o)
 .text          0x00000000        0x0 .\CortexM3\ARM_GCC_473\Debug\LAB2.a(ADC_DelSig_1_AMux.o)
 .bss           0x00000000        0x0 .\CortexM3\ARM_GCC_473\Debug\LAB2.a(ADC_DelSig_1_AMux.o)
 .text.ADC_DelSig_1_AMux_FastSelect
                0x00000000       0x44 .\CortexM3\ARM_GCC_473\Debug\LAB2.a(ADC_DelSig_1_AMux.o)
 .text          0x00000000        0x0 .\CortexM3\ARM_GCC_473\Debug\LAB2.a(ADC_DelSig_1_Ext_CP_Clk.o)
 .data          0x00000000        0x0 .\CortexM3\ARM_GCC_473\Debug\LAB2.a(ADC_DelSig_1_Ext_CP_Clk.o)
 .bss           0x00000000        0x0 .\CortexM3\ARM_GCC_473\Debug\LAB2.a(ADC_DelSig_1_Ext_CP_Clk.o)
 .text.ADC_DelSig_1_Ext_CP_Clk_Start
                0x00000000       0x44 .\CortexM3\ARM_GCC_473\Debug\LAB2.a(ADC_DelSig_1_Ext_CP_Clk.o)
 .text.ADC_DelSig_1_Ext_CP_Clk_Stop
                0x00000000       0x44 .\CortexM3\ARM_GCC_473\Debug\LAB2.a(ADC_DelSig_1_Ext_CP_Clk.o)
 .text.ADC_DelSig_1_Ext_CP_Clk_StopBlock
                0x00000000       0xf8 .\CortexM3\ARM_GCC_473\Debug\LAB2.a(ADC_DelSig_1_Ext_CP_Clk.o)
 .text.ADC_DelSig_1_Ext_CP_Clk_StandbyPower
                0x00000000       0x54 .\CortexM3\ARM_GCC_473\Debug\LAB2.a(ADC_DelSig_1_Ext_CP_Clk.o)
 .text.ADC_DelSig_1_Ext_CP_Clk_ClearModeRegister
                0x00000000       0x3c .\CortexM3\ARM_GCC_473\Debug\LAB2.a(ADC_DelSig_1_Ext_CP_Clk.o)
 .text.ADC_DelSig_1_Ext_CP_Clk_GetModeRegister
                0x00000000       0x20 .\CortexM3\ARM_GCC_473\Debug\LAB2.a(ADC_DelSig_1_Ext_CP_Clk.o)
 .text.ADC_DelSig_1_Ext_CP_Clk_SetSourceRegister
                0x00000000       0xf4 .\CortexM3\ARM_GCC_473\Debug\LAB2.a(ADC_DelSig_1_Ext_CP_Clk.o)
 .text          0x00000000        0x0 .\CortexM3\ARM_GCC_473\Debug\LAB2.a(ADC_DelSig_1_theACLK.o)
 .data          0x00000000        0x0 .\CortexM3\ARM_GCC_473\Debug\LAB2.a(ADC_DelSig_1_theACLK.o)
 .bss           0x00000000        0x0 .\CortexM3\ARM_GCC_473\Debug\LAB2.a(ADC_DelSig_1_theACLK.o)
 .text.ADC_DelSig_1_theACLK_Start
                0x00000000       0x44 .\CortexM3\ARM_GCC_473\Debug\LAB2.a(ADC_DelSig_1_theACLK.o)
 .text.ADC_DelSig_1_theACLK_Stop
                0x00000000       0x44 .\CortexM3\ARM_GCC_473\Debug\LAB2.a(ADC_DelSig_1_theACLK.o)
 .text.ADC_DelSig_1_theACLK_StopBlock
                0x00000000       0xf8 .\CortexM3\ARM_GCC_473\Debug\LAB2.a(ADC_DelSig_1_theACLK.o)
 .text.ADC_DelSig_1_theACLK_StandbyPower
                0x00000000       0x54 .\CortexM3\ARM_GCC_473\Debug\LAB2.a(ADC_DelSig_1_theACLK.o)
 .text.ADC_DelSig_1_theACLK_ClearModeRegister
                0x00000000       0x3c .\CortexM3\ARM_GCC_473\Debug\LAB2.a(ADC_DelSig_1_theACLK.o)
 .text.ADC_DelSig_1_theACLK_GetModeRegister
                0x00000000       0x20 .\CortexM3\ARM_GCC_473\Debug\LAB2.a(ADC_DelSig_1_theACLK.o)
 .text.ADC_DelSig_1_theACLK_SetSourceRegister
                0x00000000       0xf4 .\CortexM3\ARM_GCC_473\Debug\LAB2.a(ADC_DelSig_1_theACLK.o)
 .text.ADC_DelSig_1_theACLK_SetPhaseRegister
                0x00000000       0x28 .\CortexM3\ARM_GCC_473\Debug\LAB2.a(ADC_DelSig_1_theACLK.o)
 .text.ADC_DelSig_1_theACLK_GetPhaseRegister
                0x00000000       0x20 .\CortexM3\ARM_GCC_473\Debug\LAB2.a(ADC_DelSig_1_theACLK.o)
 .data          0x00000000        0x0 .\CortexM3\ARM_GCC_473\Debug\LAB2.a(CyBootAsmGnu.o)
 .bss           0x00000000        0x0 .\CortexM3\ARM_GCC_473\Debug\LAB2.a(CyBootAsmGnu.o)
 .text          0x00000000        0x0 .\CortexM3\ARM_GCC_473\Debug\LAB2.a(CyLib.o)
 .bss           0x00000000        0x0 .\CortexM3\ARM_GCC_473\Debug\LAB2.a(CyLib.o)
 .text.CyPLL_OUT_Start
                0x00000000       0xe0 .\CortexM3\ARM_GCC_473\Debug\LAB2.a(CyLib.o)
 .text.CyPLL_OUT_Stop
                0x00000000       0x28 .\CortexM3\ARM_GCC_473\Debug\LAB2.a(CyLib.o)
 .text.CyPLL_OUT_SetPQ
                0x00000000       0xac .\CortexM3\ARM_GCC_473\Debug\LAB2.a(CyLib.o)
 .text.CyPLL_OUT_SetSource
                0x00000000       0x60 .\CortexM3\ARM_GCC_473\Debug\LAB2.a(CyLib.o)
 .text.CyIMO_Start
                0x00000000       0xbc .\CortexM3\ARM_GCC_473\Debug\LAB2.a(CyLib.o)
 .text.CyIMO_Stop
                0x00000000       0x44 .\CortexM3\ARM_GCC_473\Debug\LAB2.a(CyLib.o)
 .text.CyUSB_PowerOnCheck
                0x00000000       0x70 .\CortexM3\ARM_GCC_473\Debug\LAB2.a(CyLib.o)
 .text.CyIMO_SetTrimValue
                0x00000000      0x160 .\CortexM3\ARM_GCC_473\Debug\LAB2.a(CyLib.o)
 .text.CyIMO_SetFreq
                0x00000000      0x224 .\CortexM3\ARM_GCC_473\Debug\LAB2.a(CyLib.o)
 .text.CyIMO_SetSource
                0x00000000       0xb0 .\CortexM3\ARM_GCC_473\Debug\LAB2.a(CyLib.o)
 .text.CyIMO_EnableDoubler
                0x00000000       0x28 .\CortexM3\ARM_GCC_473\Debug\LAB2.a(CyLib.o)
 .text.CyIMO_DisableDoubler
                0x00000000       0x28 .\CortexM3\ARM_GCC_473\Debug\LAB2.a(CyLib.o)
 .text.CyMasterClk_SetSource
                0x00000000       0x3c .\CortexM3\ARM_GCC_473\Debug\LAB2.a(CyLib.o)
 .text.CyMasterClk_SetDivider
                0x00000000       0x20 .\CortexM3\ARM_GCC_473\Debug\LAB2.a(CyLib.o)
 .text.CyBusClk_Internal_SetDivider
                0x00000000       0x98 .\CortexM3\ARM_GCC_473\Debug\LAB2.a(CyLib.o)
 .text.CyBusClk_SetDivider
                0x00000000       0xd0 .\CortexM3\ARM_GCC_473\Debug\LAB2.a(CyLib.o)
 .text.CyUsbClk_SetSource
                0x00000000       0x3c .\CortexM3\ARM_GCC_473\Debug\LAB2.a(CyLib.o)
 .text.CyILO_Start1K
                0x00000000       0x28 .\CortexM3\ARM_GCC_473\Debug\LAB2.a(CyLib.o)
 .text.CyILO_Stop1K
                0x00000000       0x28 .\CortexM3\ARM_GCC_473\Debug\LAB2.a(CyLib.o)
 .text.CyILO_Start100K
                0x00000000       0x28 .\CortexM3\ARM_GCC_473\Debug\LAB2.a(CyLib.o)
 .text.CyILO_Stop100K
                0x00000000       0x28 .\CortexM3\ARM_GCC_473\Debug\LAB2.a(CyLib.o)
 .text.CyILO_Enable33K
                0x00000000       0x28 .\CortexM3\ARM_GCC_473\Debug\LAB2.a(CyLib.o)
 .text.CyILO_Disable33K
                0x00000000       0x28 .\CortexM3\ARM_GCC_473\Debug\LAB2.a(CyLib.o)
 .text.CyILO_SetSource
                0x00000000       0x3c .\CortexM3\ARM_GCC_473\Debug\LAB2.a(CyLib.o)
 .text.CyILO_SetPowerMode
                0x00000000       0x5c .\CortexM3\ARM_GCC_473\Debug\LAB2.a(CyLib.o)
 .text.CyXTAL_32KHZ_Start
                0x00000000       0xa4 .\CortexM3\ARM_GCC_473\Debug\LAB2.a(CyLib.o)
 .text.CyXTAL_32KHZ_Stop
                0x00000000       0x64 .\CortexM3\ARM_GCC_473\Debug\LAB2.a(CyLib.o)
 .text.CyXTAL_32KHZ_ReadStatus
                0x00000000       0x20 .\CortexM3\ARM_GCC_473\Debug\LAB2.a(CyLib.o)
 .text.CyXTAL_32KHZ_SetPowerMode
                0x00000000       0xfc .\CortexM3\ARM_GCC_473\Debug\LAB2.a(CyLib.o)
 .text.CyXTAL_Start
                0x00000000      0x108 .\CortexM3\ARM_GCC_473\Debug\LAB2.a(CyLib.o)
 .text.CyXTAL_Stop
                0x00000000       0x28 .\CortexM3\ARM_GCC_473\Debug\LAB2.a(CyLib.o)
 .text.CyXTAL_EnableErrStatus
                0x00000000       0x28 .\CortexM3\ARM_GCC_473\Debug\LAB2.a(CyLib.o)
 .text.CyXTAL_DisableErrStatus
                0x00000000       0x28 .\CortexM3\ARM_GCC_473\Debug\LAB2.a(CyLib.o)
 .text.CyXTAL_ReadStatus
                0x00000000       0x2c .\CortexM3\ARM_GCC_473\Debug\LAB2.a(CyLib.o)
 .text.CyXTAL_EnableFaultRecovery
                0x00000000       0x28 .\CortexM3\ARM_GCC_473\Debug\LAB2.a(CyLib.o)
 .text.CyXTAL_DisableFaultRecovery
                0x00000000       0x28 .\CortexM3\ARM_GCC_473\Debug\LAB2.a(CyLib.o)
 .text.CyXTAL_SetStartup
                0x00000000       0x3c .\CortexM3\ARM_GCC_473\Debug\LAB2.a(CyLib.o)
 .text.CyXTAL_SetFbVoltage
                0x00000000       0x3c .\CortexM3\ARM_GCC_473\Debug\LAB2.a(CyLib.o)
 .text.CyXTAL_SetWdVoltage
                0x00000000       0x44 .\CortexM3\ARM_GCC_473\Debug\LAB2.a(CyLib.o)
 .text.CySoftwareReset
                0x00000000       0x28 .\CortexM3\ARM_GCC_473\Debug\LAB2.a(CyLib.o)
 .text.CyDelayFreq
                0x00000000       0xa8 .\CortexM3\ARM_GCC_473\Debug\LAB2.a(CyLib.o)
 .text.CyWdtStart
                0x00000000       0xc4 .\CortexM3\ARM_GCC_473\Debug\LAB2.a(CyLib.o)
 .text.CyWdtClear
                0x00000000       0x18 .\CortexM3\ARM_GCC_473\Debug\LAB2.a(CyLib.o)
 .text.CyVdLvDigitEnable
                0x00000000       0xf4 .\CortexM3\ARM_GCC_473\Debug\LAB2.a(CyLib.o)
 .text.CyVdLvAnalogEnable
                0x00000000       0xf4 .\CortexM3\ARM_GCC_473\Debug\LAB2.a(CyLib.o)
 .text.CyVdLvDigitDisable
                0x00000000       0x58 .\CortexM3\ARM_GCC_473\Debug\LAB2.a(CyLib.o)
 .text.CyVdLvAnalogDisable
                0x00000000       0x58 .\CortexM3\ARM_GCC_473\Debug\LAB2.a(CyLib.o)
 .text.CyVdHvAnalogEnable
                0x00000000       0x7c .\CortexM3\ARM_GCC_473\Debug\LAB2.a(CyLib.o)
 .text.CyVdHvAnalogDisable
                0x00000000       0x28 .\CortexM3\ARM_GCC_473\Debug\LAB2.a(CyLib.o)
 .text.CyVdStickyStatus
                0x00000000       0x48 .\CortexM3\ARM_GCC_473\Debug\LAB2.a(CyLib.o)
 .text.CyVdRealTimeStatus
                0x00000000       0x30 .\CortexM3\ARM_GCC_473\Debug\LAB2.a(CyLib.o)
 .text.CyDisableInts
                0x00000000       0x3c .\CortexM3\ARM_GCC_473\Debug\LAB2.a(CyLib.o)
 .text.CyEnableInts
                0x00000000       0x2c .\CortexM3\ARM_GCC_473\Debug\LAB2.a(CyLib.o)
 .text.CyFlushCache
                0x00000000       0x7c .\CortexM3\ARM_GCC_473\Debug\LAB2.a(CyLib.o)
 .text.CyIntSetSysVector
                0x00000000       0x58 .\CortexM3\ARM_GCC_473\Debug\LAB2.a(CyLib.o)
 .text.CyIntGetSysVector
                0x00000000       0x40 .\CortexM3\ARM_GCC_473\Debug\LAB2.a(CyLib.o)
 .text.CyIntGetVector
                0x00000000       0x44 .\CortexM3\ARM_GCC_473\Debug\LAB2.a(CyLib.o)
 .text.CyIntGetPriority
                0x00000000       0x3c .\CortexM3\ARM_GCC_473\Debug\LAB2.a(CyLib.o)
 .text.CyIntGetState
                0x00000000       0x48 .\CortexM3\ARM_GCC_473\Debug\LAB2.a(CyLib.o)
 .text          0x00000000        0x0 .\CortexM3\ARM_GCC_473\Debug\LAB2.a(cyPm.o)
 .data          0x00000000        0x0 .\CortexM3\ARM_GCC_473\Debug\LAB2.a(cyPm.o)
 .bss           0x00000000       0x44 .\CortexM3\ARM_GCC_473\Debug\LAB2.a(cyPm.o)
 .rodata        0x00000000       0x10 .\CortexM3\ARM_GCC_473\Debug\LAB2.a(cyPm.o)
 .text.CyPmSaveClocks
                0x00000000      0x354 .\CortexM3\ARM_GCC_473\Debug\LAB2.a(cyPm.o)
 .text.CyPmRestoreClocks
                0x00000000      0x3e4 .\CortexM3\ARM_GCC_473\Debug\LAB2.a(cyPm.o)
 .text.CyPmAltAct
                0x00000000      0x118 .\CortexM3\ARM_GCC_473\Debug\LAB2.a(cyPm.o)
 .text.CyPmSleep
                0x00000000      0x21c .\CortexM3\ARM_GCC_473\Debug\LAB2.a(cyPm.o)
 .text.CyPmHibernate
                0x00000000      0x1f0 .\CortexM3\ARM_GCC_473\Debug\LAB2.a(cyPm.o)
 .text.CyPmReadStatus
                0x00000000       0x78 .\CortexM3\ARM_GCC_473\Debug\LAB2.a(cyPm.o)
 .text.CyPmHibSaveSet
                0x00000000      0x138 .\CortexM3\ARM_GCC_473\Debug\LAB2.a(cyPm.o)
 .text.CyPmHibRestore
                0x00000000       0x94 .\CortexM3\ARM_GCC_473\Debug\LAB2.a(cyPm.o)
 .text.CyPmCtwSetInterval
                0x00000000       0xd8 .\CortexM3\ARM_GCC_473\Debug\LAB2.a(cyPm.o)
 .text.CyPmOppsSet
                0x00000000       0x58 .\CortexM3\ARM_GCC_473\Debug\LAB2.a(cyPm.o)
 .text.CyPmFtwSetInterval
                0x00000000       0xd8 .\CortexM3\ARM_GCC_473\Debug\LAB2.a(cyPm.o)
 .text.CyPmHibSlpSaveSet
                0x00000000      0x458 .\CortexM3\ARM_GCC_473\Debug\LAB2.a(cyPm.o)
 .text.CyPmHibSlpRestore
                0x00000000      0x270 .\CortexM3\ARM_GCC_473\Debug\LAB2.a(cyPm.o)
 .text.CyPmHviLviSaveDisable
                0x00000000      0x13c .\CortexM3\ARM_GCC_473\Debug\LAB2.a(cyPm.o)
 .text.CyPmHviLviRestore
                0x00000000       0x7c .\CortexM3\ARM_GCC_473\Debug\LAB2.a(cyPm.o)
 .text          0x00000000        0x0 .\CortexM3\ARM_GCC_473\Debug\LAB2.a(CyFlash.o)
 .data          0x00000000        0x0 .\CortexM3\ARM_GCC_473\Debug\LAB2.a(CyFlash.o)
 .bss           0x00000000        0x4 .\CortexM3\ARM_GCC_473\Debug\LAB2.a(CyFlash.o)
 .text.CyFlash_Start
                0x00000000       0x48 .\CortexM3\ARM_GCC_473\Debug\LAB2.a(CyFlash.o)
 .text.CyFlash_Stop
                0x00000000       0x44 .\CortexM3\ARM_GCC_473\Debug\LAB2.a(CyFlash.o)
 .text.CySetTempInt
                0x00000000       0x90 .\CortexM3\ARM_GCC_473\Debug\LAB2.a(CyFlash.o)
 .text.CySetTemp
                0x00000000       0x24 .\CortexM3\ARM_GCC_473\Debug\LAB2.a(CyFlash.o)
 .text.CySetFlashEEBuffer
                0x00000000       0x50 .\CortexM3\ARM_GCC_473\Debug\LAB2.a(CyFlash.o)
 .text.CyWriteRowData
                0x00000000       0xbc .\CortexM3\ARM_GCC_473\Debug\LAB2.a(CyFlash.o)
 .text.CyWriteRowFull
                0x00000000      0x120 .\CortexM3\ARM_GCC_473\Debug\LAB2.a(CyFlash.o)
 .text.CyFlash_SetWaitCycles
                0x00000000       0xc0 .\CortexM3\ARM_GCC_473\Debug\LAB2.a(CyFlash.o)
 .text.CyEEPROM_Start
                0x00000000       0x44 .\CortexM3\ARM_GCC_473\Debug\LAB2.a(CyFlash.o)
 .text.CyEEPROM_Stop
                0x00000000       0x44 .\CortexM3\ARM_GCC_473\Debug\LAB2.a(CyFlash.o)
 .text.CyEEPROM_ReadReserve
                0x00000000       0x3c .\CortexM3\ARM_GCC_473\Debug\LAB2.a(CyFlash.o)
 .text.CyEEPROM_ReadRelease
                0x00000000       0x20 .\CortexM3\ARM_GCC_473\Debug\LAB2.a(CyFlash.o)
 COMMON         0x00000000        0x2 .\CortexM3\ARM_GCC_473\Debug\LAB2.a(CyFlash.o)
 .text          0x00000000        0x0 .\CortexM3\ARM_GCC_473\Debug\LAB2.a(CySpc.o)
 .data          0x00000000        0x0 .\CortexM3\ARM_GCC_473\Debug\LAB2.a(CySpc.o)
 .bss           0x00000000        0x8 .\CortexM3\ARM_GCC_473\Debug\LAB2.a(CySpc.o)
 .text.CySpcStart
                0x00000000       0x58 .\CortexM3\ARM_GCC_473\Debug\LAB2.a(CySpc.o)
 .text.CySpcStop
                0x00000000       0x58 .\CortexM3\ARM_GCC_473\Debug\LAB2.a(CySpc.o)
 .text.CySpcReadData
                0x00000000       0x64 .\CortexM3\ARM_GCC_473\Debug\LAB2.a(CySpc.o)
 .text.CySpcLoadMultiByte
                0x00000000      0x11c .\CortexM3\ARM_GCC_473\Debug\LAB2.a(CySpc.o)
 .text.CySpcLoadRow
                0x00000000       0xbc .\CortexM3\ARM_GCC_473\Debug\LAB2.a(CySpc.o)
 .text.CySpcWriteRow
                0x00000000       0xcc .\CortexM3\ARM_GCC_473\Debug\LAB2.a(CySpc.o)
 .text.CySpcEraseSector
                0x00000000       0x9c .\CortexM3\ARM_GCC_473\Debug\LAB2.a(CySpc.o)
 .text.CySpcGetTemp
                0x00000000       0x8c .\CortexM3\ARM_GCC_473\Debug\LAB2.a(CySpc.o)
 .text.CySpcLock
                0x00000000       0x88 .\CortexM3\ARM_GCC_473\Debug\LAB2.a(CySpc.o)
 .text.CySpcUnlock
                0x00000000       0x68 .\CortexM3\ARM_GCC_473\Debug\LAB2.a(CySpc.o)
 .text          0x00000000      0x370 c:/program files (x86)/cypress/psoc creator/3.0/psoc creator/import/gnu_cs/arm/4.7.3/bin/../lib/gcc/arm-none-eabi/4.7.3/armv7-m\libgcc.a(_arm_addsubdf3.o)
 .data          0x00000000        0x0 c:/program files (x86)/cypress/psoc creator/3.0/psoc creator/import/gnu_cs/arm/4.7.3/bin/../lib/gcc/arm-none-eabi/4.7.3/armv7-m\libgcc.a(_arm_addsubdf3.o)
 .bss           0x00000000        0x0 c:/program files (x86)/cypress/psoc creator/3.0/psoc creator/import/gnu_cs/arm/4.7.3/bin/../lib/gcc/arm-none-eabi/4.7.3/armv7-m\libgcc.a(_arm_addsubdf3.o)
 .text          0x00000000      0x110 c:/program files (x86)/cypress/psoc creator/3.0/psoc creator/import/gnu_cs/arm/4.7.3/bin/../lib/gcc/arm-none-eabi/4.7.3/armv7-m\libgcc.a(_arm_cmpdf2.o)
 .data          0x00000000        0x0 c:/program files (x86)/cypress/psoc creator/3.0/psoc creator/import/gnu_cs/arm/4.7.3/bin/../lib/gcc/arm-none-eabi/4.7.3/armv7-m\libgcc.a(_arm_cmpdf2.o)
 .bss           0x00000000        0x0 c:/program files (x86)/cypress/psoc creator/3.0/psoc creator/import/gnu_cs/arm/4.7.3/bin/../lib/gcc/arm-none-eabi/4.7.3/armv7-m\libgcc.a(_arm_cmpdf2.o)
 .text          0x00000000      0x21c c:/program files (x86)/cypress/psoc creator/3.0/psoc creator/import/gnu_cs/arm/4.7.3/bin/../lib/gcc/arm-none-eabi/4.7.3/armv7-m\libgcc.a(_arm_addsubsf3.o)
 .data          0x00000000        0x0 c:/program files (x86)/cypress/psoc creator/3.0/psoc creator/import/gnu_cs/arm/4.7.3/bin/../lib/gcc/arm-none-eabi/4.7.3/armv7-m\libgcc.a(_arm_addsubsf3.o)
 .bss           0x00000000        0x0 c:/program files (x86)/cypress/psoc creator/3.0/psoc creator/import/gnu_cs/arm/4.7.3/bin/../lib/gcc/arm-none-eabi/4.7.3/armv7-m\libgcc.a(_arm_addsubsf3.o)
 .text          0x00000000      0x2a0 c:/program files (x86)/cypress/psoc creator/3.0/psoc creator/import/gnu_cs/arm/4.7.3/bin/../lib/gcc/arm-none-eabi/4.7.3/armv7-m\libgcc.a(_arm_muldivsf3.o)
 .data          0x00000000        0x0 c:/program files (x86)/cypress/psoc creator/3.0/psoc creator/import/gnu_cs/arm/4.7.3/bin/../lib/gcc/arm-none-eabi/4.7.3/armv7-m\libgcc.a(_arm_muldivsf3.o)
 .bss           0x00000000        0x0 c:/program files (x86)/cypress/psoc creator/3.0/psoc creator/import/gnu_cs/arm/4.7.3/bin/../lib/gcc/arm-none-eabi/4.7.3/armv7-m\libgcc.a(_arm_muldivsf3.o)
 .text          0x00000000       0x40 c:/program files (x86)/cypress/psoc creator/3.0/psoc creator/import/gnu_cs/arm/4.7.3/bin/../lib/gcc/arm-none-eabi/4.7.3/armv7-m\libgcc.a(_arm_fixunssfsi.o)
 .data          0x00000000        0x0 c:/program files (x86)/cypress/psoc creator/3.0/psoc creator/import/gnu_cs/arm/4.7.3/bin/../lib/gcc/arm-none-eabi/4.7.3/armv7-m\libgcc.a(_arm_fixunssfsi.o)
 .bss           0x00000000        0x0 c:/program files (x86)/cypress/psoc creator/3.0/psoc creator/import/gnu_cs/arm/4.7.3/bin/../lib/gcc/arm-none-eabi/4.7.3/armv7-m\libgcc.a(_arm_fixunssfsi.o)
 .text          0x00000000        0x0 c:/program files (x86)/cypress/psoc creator/3.0/psoc creator/import/gnu_cs/arm/4.7.3/bin/../lib/gcc/arm-none-eabi/4.7.3/../../../../arm-none-eabi/lib/armv7-m\libc_s.a(lib_a-__atexit2.o)
 .data          0x00000000        0x0 c:/program files (x86)/cypress/psoc creator/3.0/psoc creator/import/gnu_cs/arm/4.7.3/bin/../lib/gcc/arm-none-eabi/4.7.3/../../../../arm-none-eabi/lib/armv7-m\libc_s.a(lib_a-__atexit2.o)
 .bss           0x00000000        0x0 c:/program files (x86)/cypress/psoc creator/3.0/psoc creator/import/gnu_cs/arm/4.7.3/bin/../lib/gcc/arm-none-eabi/4.7.3/../../../../arm-none-eabi/lib/armv7-m\libc_s.a(lib_a-__atexit2.o)
 .text.__register_exitproc
                0x00000000       0x14 c:/program files (x86)/cypress/psoc creator/3.0/psoc creator/import/gnu_cs/arm/4.7.3/bin/../lib/gcc/arm-none-eabi/4.7.3/../../../../arm-none-eabi/lib/armv7-m\libc_s.a(lib_a-__atexit2.o)
 .text          0x00000000        0x0 c:/program files (x86)/cypress/psoc creator/3.0/psoc creator/import/gnu_cs/arm/4.7.3/bin/../lib/gcc/arm-none-eabi/4.7.3/../../../../arm-none-eabi/lib/armv7-m\libc_s.a(lib_a-exit.o)
 .data          0x00000000        0x0 c:/program files (x86)/cypress/psoc creator/3.0/psoc creator/import/gnu_cs/arm/4.7.3/bin/../lib/gcc/arm-none-eabi/4.7.3/../../../../arm-none-eabi/lib/armv7-m\libc_s.a(lib_a-exit.o)
 .bss           0x00000000        0x0 c:/program files (x86)/cypress/psoc creator/3.0/psoc creator/import/gnu_cs/arm/4.7.3/bin/../lib/gcc/arm-none-eabi/4.7.3/../../../../arm-none-eabi/lib/armv7-m\libc_s.a(lib_a-exit.o)
 .text.exit     0x00000000       0x2c c:/program files (x86)/cypress/psoc creator/3.0/psoc creator/import/gnu_cs/arm/4.7.3/bin/../lib/gcc/arm-none-eabi/4.7.3/../../../../arm-none-eabi/lib/armv7-m\libc_s.a(lib_a-exit.o)
 .text          0x00000000        0x0 c:/program files (x86)/cypress/psoc creator/3.0/psoc creator/import/gnu_cs/arm/4.7.3/bin/../lib/gcc/arm-none-eabi/4.7.3/../../../../arm-none-eabi/lib/armv7-m\libc_s.a(lib_a-fini.o)
 .data          0x00000000        0x0 c:/program files (x86)/cypress/psoc creator/3.0/psoc creator/import/gnu_cs/arm/4.7.3/bin/../lib/gcc/arm-none-eabi/4.7.3/../../../../arm-none-eabi/lib/armv7-m\libc_s.a(lib_a-fini.o)
 .bss           0x00000000        0x0 c:/program files (x86)/cypress/psoc creator/3.0/psoc creator/import/gnu_cs/arm/4.7.3/bin/../lib/gcc/arm-none-eabi/4.7.3/../../../../arm-none-eabi/lib/armv7-m\libc_s.a(lib_a-fini.o)
 .text.__libc_fini_array
                0x00000000       0x2c c:/program files (x86)/cypress/psoc creator/3.0/psoc creator/import/gnu_cs/arm/4.7.3/bin/../lib/gcc/arm-none-eabi/4.7.3/../../../../arm-none-eabi/lib/armv7-m\libc_s.a(lib_a-fini.o)
 .text          0x00000000        0x0 c:/program files (x86)/cypress/psoc creator/3.0/psoc creator/import/gnu_cs/arm/4.7.3/bin/../lib/gcc/arm-none-eabi/4.7.3/../../../../arm-none-eabi/lib/armv7-m\libc_s.a(lib_a-impure.o)
 .data          0x00000000        0x0 c:/program files (x86)/cypress/psoc creator/3.0/psoc creator/import/gnu_cs/arm/4.7.3/bin/../lib/gcc/arm-none-eabi/4.7.3/../../../../arm-none-eabi/lib/armv7-m\libc_s.a(lib_a-impure.o)
 .bss           0x00000000        0x0 c:/program files (x86)/cypress/psoc creator/3.0/psoc creator/import/gnu_cs/arm/4.7.3/bin/../lib/gcc/arm-none-eabi/4.7.3/../../../../arm-none-eabi/lib/armv7-m\libc_s.a(lib_a-impure.o)
 .data.impure_data
                0x00000000       0x64 c:/program files (x86)/cypress/psoc creator/3.0/psoc creator/import/gnu_cs/arm/4.7.3/bin/../lib/gcc/arm-none-eabi/4.7.3/../../../../arm-none-eabi/lib/armv7-m\libc_s.a(lib_a-impure.o)
 .data._impure_ptr
                0x00000000        0x4 c:/program files (x86)/cypress/psoc creator/3.0/psoc creator/import/gnu_cs/arm/4.7.3/bin/../lib/gcc/arm-none-eabi/4.7.3/../../../../arm-none-eabi/lib/armv7-m\libc_s.a(lib_a-impure.o)
 .rodata.str1.1
                0x00000000        0x2 c:/program files (x86)/cypress/psoc creator/3.0/psoc creator/import/gnu_cs/arm/4.7.3/bin/../lib/gcc/arm-none-eabi/4.7.3/../../../../arm-none-eabi/lib/armv7-m\libc_s.a(lib_a-impure.o)
 .rodata._global_impure_ptr
                0x00000000        0x4 c:/program files (x86)/cypress/psoc creator/3.0/psoc creator/import/gnu_cs/arm/4.7.3/bin/../lib/gcc/arm-none-eabi/4.7.3/../../../../arm-none-eabi/lib/armv7-m\libc_s.a(lib_a-impure.o)
 .text          0x00000000        0x0 c:/program files (x86)/cypress/psoc creator/3.0/psoc creator/import/gnu_cs/arm/4.7.3/bin/../lib/gcc/arm-none-eabi/4.7.3/../../../../arm-none-eabi/lib/armv7-m\libc_s.a(lib_a-init.o)
 .data          0x00000000        0x0 c:/program files (x86)/cypress/psoc creator/3.0/psoc creator/import/gnu_cs/arm/4.7.3/bin/../lib/gcc/arm-none-eabi/4.7.3/../../../../arm-none-eabi/lib/armv7-m\libc_s.a(lib_a-init.o)
 .bss           0x00000000        0x0 c:/program files (x86)/cypress/psoc creator/3.0/psoc creator/import/gnu_cs/arm/4.7.3/bin/../lib/gcc/arm-none-eabi/4.7.3/../../../../arm-none-eabi/lib/armv7-m\libc_s.a(lib_a-init.o)
 .text          0x00000000        0x0 c:/program files (x86)/cypress/psoc creator/3.0/psoc creator/import/gnu_cs/arm/4.7.3/bin/../lib/gcc/arm-none-eabi/4.7.3/../../../../arm-none-eabi/lib/armv7-m\libc_s.a(lib_a-memcpy.o)
 .data          0x00000000        0x0 c:/program files (x86)/cypress/psoc creator/3.0/psoc creator/import/gnu_cs/arm/4.7.3/bin/../lib/gcc/arm-none-eabi/4.7.3/../../../../arm-none-eabi/lib/armv7-m\libc_s.a(lib_a-memcpy.o)
 .bss           0x00000000        0x0 c:/program files (x86)/cypress/psoc creator/3.0/psoc creator/import/gnu_cs/arm/4.7.3/bin/../lib/gcc/arm-none-eabi/4.7.3/../../../../arm-none-eabi/lib/armv7-m\libc_s.a(lib_a-memcpy.o)
 .text          0x00000000        0x0 c:/program files (x86)/cypress/psoc creator/3.0/psoc creator/import/gnu_cs/arm/4.7.3/bin/../lib/gcc/arm-none-eabi/4.7.3/../../../../arm-none-eabi/lib/armv7-m\libc_s.a(lib_a-memset.o)
 .data          0x00000000        0x0 c:/program files (x86)/cypress/psoc creator/3.0/psoc creator/import/gnu_cs/arm/4.7.3/bin/../lib/gcc/arm-none-eabi/4.7.3/../../../../arm-none-eabi/lib/armv7-m\libc_s.a(lib_a-memset.o)
 .bss           0x00000000        0x0 c:/program files (x86)/cypress/psoc creator/3.0/psoc creator/import/gnu_cs/arm/4.7.3/bin/../lib/gcc/arm-none-eabi/4.7.3/../../../../arm-none-eabi/lib/armv7-m\libc_s.a(lib_a-memset.o)
 .text          0x00000000        0x0 c:/program files (x86)/cypress/psoc creator/3.0/psoc creator/import/gnu_cs/arm/4.7.3/bin/../lib/gcc/arm-none-eabi/4.7.3/armv7-m/crtend.o
 .data          0x00000000        0x0 c:/program files (x86)/cypress/psoc creator/3.0/psoc creator/import/gnu_cs/arm/4.7.3/bin/../lib/gcc/arm-none-eabi/4.7.3/armv7-m/crtend.o
 .bss           0x00000000        0x0 c:/program files (x86)/cypress/psoc creator/3.0/psoc creator/import/gnu_cs/arm/4.7.3/bin/../lib/gcc/arm-none-eabi/4.7.3/armv7-m/crtend.o
 .text          0x00000000        0x0 c:/program files (x86)/cypress/psoc creator/3.0/psoc creator/import/gnu_cs/arm/4.7.3/bin/../lib/gcc/arm-none-eabi/4.7.3/armv7-m/crtn.o
 .data          0x00000000        0x0 c:/program files (x86)/cypress/psoc creator/3.0/psoc creator/import/gnu_cs/arm/4.7.3/bin/../lib/gcc/arm-none-eabi/4.7.3/armv7-m/crtn.o
 .bss           0x00000000        0x0 c:/program files (x86)/cypress/psoc creator/3.0/psoc creator/import/gnu_cs/arm/4.7.3/bin/../lib/gcc/arm-none-eabi/4.7.3/armv7-m/crtn.o

Memory Configuration

Name             Origin             Length             Attributes
rom              0x00000000         0x00040000         xr
ram              0x1fff8000         0x00010000         xrw
*default*        0x00000000         0xffffffff

Linker script and memory map

LOAD c:/program files (x86)/cypress/psoc creator/3.0/psoc creator/import/gnu_cs/arm/4.7.3/bin/../lib/gcc/arm-none-eabi/4.7.3/armv7-m/crti.o
LOAD c:/program files (x86)/cypress/psoc creator/3.0/psoc creator/import/gnu_cs/arm/4.7.3/bin/../lib/gcc/arm-none-eabi/4.7.3/armv7-m/crtbegin.o
LOAD c:/program files (x86)/cypress/psoc creator/3.0/psoc creator/import/gnu_cs/arm/4.7.3/bin/../lib/gcc/arm-none-eabi/4.7.3/../../../../arm-none-eabi/lib/armv7-m/crt0.o
START GROUP
LOAD .\CortexM3\ARM_GCC_473\Debug\main.o
LOAD .\CortexM3\ARM_GCC_473\Debug\cymetadata.o
LOAD .\CortexM3\ARM_GCC_473\Debug\Cm3Start.o
LOAD .\CortexM3\ARM_GCC_473\Debug\LAB2.a
LOAD C:\Program Files (x86)\Cypress\PSoC Creator\3.0\PSoC Creator\psoc\content\cycomponentlibrary\CyComponentLibrary.cylib\CortexM3\ARM_GCC_473\Debug\CyComponentLibrary.a
END GROUP
START GROUP
LOAD c:/program files (x86)/cypress/psoc creator/3.0/psoc creator/import/gnu_cs/arm/4.7.3/bin/../lib/gcc/arm-none-eabi/4.7.3/armv7-m\libgcc.a
LOAD c:/program files (x86)/cypress/psoc creator/3.0/psoc creator/import/gnu_cs/arm/4.7.3/bin/../lib/gcc/arm-none-eabi/4.7.3/../../../../arm-none-eabi/lib/armv7-m\libc_s.a
END GROUP
LOAD c:/program files (x86)/cypress/psoc creator/3.0/psoc creator/import/gnu_cs/arm/4.7.3/bin/../lib/gcc/arm-none-eabi/4.7.3/armv7-m/crtend.o
LOAD c:/program files (x86)/cypress/psoc creator/3.0/psoc creator/import/gnu_cs/arm/4.7.3/bin/../lib/gcc/arm-none-eabi/4.7.3/armv7-m/crtn.o
START GROUP
LOAD c:/program files (x86)/cypress/psoc creator/3.0/psoc creator/import/gnu_cs/arm/4.7.3/bin/../lib/gcc/arm-none-eabi/4.7.3/armv7-m\libgcc.a
LOAD c:/program files (x86)/cypress/psoc creator/3.0/psoc creator/import/gnu_cs/arm/4.7.3/bin/../lib/gcc/arm-none-eabi/4.7.3/../../../../arm-none-eabi/lib/armv7-m\libc.a
LOAD c:/program files (x86)/cypress/psoc creator/3.0/psoc creator/import/gnu_cs/arm/4.7.3/bin/../lib/gcc/arm-none-eabi/4.7.3/../../../../arm-none-eabi/lib/armv7-m\libnosys.a
END GROUP
                0x00000000                CY_APPL_ORIGIN = 0x0
                0x00000100                CY_FLASH_ROW_SIZE = 0x100
                0x00000020                CY_ECC_ROW_SIZE = 0x20
                0x00000000                CY_EE_IN_BTLDR = 0x0
                0x00000000                CY_APPL_LOADABLE = 0x0
                0x00000800                CY_EE_SIZE = 0x800
                0x00000001                CY_APPL_NUM = 0x1
                0x00000001                CY_APPL_MAX = 0x1
                0x00000040                CY_METADATA_SIZE = 0x40
                0x1fff8150                PROVIDE (__cy_heap_start, _end)
                0x00000001                PROVIDE (__cy_region_num, ((__cy_regions_end - __cy_regions) / 0x10))
                0x20008000                PROVIDE (__cy_stack, (ORIGIN (ram) + 0x10000))
                0x20004000                PROVIDE (__cy_heap_end, (__cy_stack - 0x4000))

.cybootloader   0x00000000        0x0
 *(.cybootloader)
                0x00000000                appl1_start = CY_APPL_ORIGIN?CY_APPL_ORIGIN:ALIGN (CY_FLASH_ROW_SIZE)
                0x0001ff00                appl2_start = (appl1_start + ALIGN ((((0x40000 - appl1_start) - (0x2 * CY_FLASH_ROW_SIZE)) / 0x2), CY_FLASH_ROW_SIZE))
                0x00000000                appl_start = (CY_APPL_NUM == 0x1)?appl1_start:appl2_start
                0x00000000                ecc_offset = ((appl_start / CY_FLASH_ROW_SIZE) * CY_ECC_ROW_SIZE)
                0x00000000                ee_offset = (CY_APPL_LOADABLE && ! (CY_EE_IN_BTLDR))?((CY_EE_SIZE / CY_APPL_MAX) * (CY_APPL_NUM - 0x1)):0x0
                0x00000800                ee_size = (CY_APPL_LOADABLE && ! (CY_EE_IN_BTLDR))?(CY_EE_SIZE / CY_APPL_MAX):CY_EE_SIZE
                0x00000000                PROVIDE (CY_ECC_OFFSET, ecc_offset)

.text           0x00000000     0x1e1a
 CREATE_OBJECT_SYMBOLS
                0x00000000                PROVIDE (__cy_interrupt_vector, RomVectors)
 *(.romvectors)
 .romvectors    0x00000000       0x10 .\CortexM3\ARM_GCC_473\Debug\Cm3Start.o
                0x00000000                RomVectors
                0x00000001                ASSERT ((. != __cy_interrupt_vector), No interrupt vector)
                0x00000001                ASSERT (CY_APPL_ORIGIN?(SIZEOF (.cybootloader) <= CY_APPL_ORIGIN):0x1, Wrong image location)
                0x00000010                PROVIDE (__cy_reset, Reset)
 *(.text.Reset)
 .text.Reset    0x00000010       0x1c .\CortexM3\ARM_GCC_473\Debug\Cm3Start.o
                0x00000010                Reset
                0x00000001                ASSERT ((. != __cy_reset), No reset code)
 *(.dma_init)
                0x00000001                ASSERT ((((appl_start + .) <= 0x10000) || 0x1), DMA Init must be within the first 64k of flash)
 *(.text .text.* .gnu.linkonce.t.*)
 .text          0x0000002c       0x54 c:/program files (x86)/cypress/psoc creator/3.0/psoc creator/import/gnu_cs/arm/4.7.3/bin/../lib/gcc/arm-none-eabi/4.7.3/armv7-m/crtbegin.o
 .text.main     0x00000080       0xd0 .\CortexM3\ARM_GCC_473\Debug\main.o
                0x00000080                main
 .text.IntDefaultHandler
                0x00000150        0x8 .\CortexM3\ARM_GCC_473\Debug\Cm3Start.o
                0x00000150                IntDefaultHandler
 .text.Start_c  0x00000158       0xcc .\CortexM3\ARM_GCC_473\Debug\Cm3Start.o
                0x00000158                Start_c
 .text.initialize_psoc
                0x00000224       0xb4 .\CortexM3\ARM_GCC_473\Debug\Cm3Start.o
                0x00000224                initialize_psoc
 .text.CYMEMZERO
                0x000002d8       0x20 .\CortexM3\ARM_GCC_473\Debug\LAB2.a(cyfitter_cfg.o)
 .text.CYCONFIGCPY
                0x000002f8       0x20 .\CortexM3\ARM_GCC_473\Debug\LAB2.a(cyfitter_cfg.o)
 .text.CyClockStartupError
                0x00000318        0xc .\CortexM3\ARM_GCC_473\Debug\LAB2.a(cyfitter_cfg.o)
 .text.cfg_write_bytes32
                0x00000324       0x84 .\CortexM3\ARM_GCC_473\Debug\LAB2.a(cyfitter_cfg.o)
 .text.ClockSetup
                0x000003a8      0x1ac .\CortexM3\ARM_GCC_473\Debug\LAB2.a(cyfitter_cfg.o)
 .text.AnalogSetDefault
                0x00000554       0x6c .\CortexM3\ARM_GCC_473\Debug\LAB2.a(cyfitter_cfg.o)
 .text.ADC_DelSig_1_AMux_Set
                0x000005c0       0x4c .\CortexM3\ARM_GCC_473\Debug\LAB2.a(cyfitter_cfg.o)
                0x000005c0                ADC_DelSig_1_AMux_Set
 .text.ADC_DelSig_1_AMux_Unset
                0x0000060c       0x50 .\CortexM3\ARM_GCC_473\Debug\LAB2.a(cyfitter_cfg.o)
                0x0000060c                ADC_DelSig_1_AMux_Unset
 .text.cyfitter_cfg
                0x0000065c      0x194 .\CortexM3\ARM_GCC_473\Debug\LAB2.a(cyfitter_cfg.o)
                0x0000065c                cyfitter_cfg
 .text.LCD_Char_1_Init
                0x000007f0       0x90 .\CortexM3\ARM_GCC_473\Debug\LAB2.a(LCD_Char_1.o)
                0x000007f0                LCD_Char_1_Init
 .text.LCD_Char_1_Enable
                0x00000880       0x1c .\CortexM3\ARM_GCC_473\Debug\LAB2.a(LCD_Char_1.o)
                0x00000880                LCD_Char_1_Enable
 .text.LCD_Char_1_Start
                0x0000089c       0x2c .\CortexM3\ARM_GCC_473\Debug\LAB2.a(LCD_Char_1.o)
                0x0000089c                LCD_Char_1_Start
 .text.LCD_Char_1_Position
                0x000008c8       0x78 .\CortexM3\ARM_GCC_473\Debug\LAB2.a(LCD_Char_1.o)
                0x000008c8                LCD_Char_1_Position
 .text.LCD_Char_1_PrintString
                0x00000940       0x40 .\CortexM3\ARM_GCC_473\Debug\LAB2.a(LCD_Char_1.o)
                0x00000940                LCD_Char_1_PrintString
 .text.LCD_Char_1_WriteData
                0x00000980       0x38 .\CortexM3\ARM_GCC_473\Debug\LAB2.a(LCD_Char_1.o)
                0x00000980                LCD_Char_1_WriteData
 .text.LCD_Char_1_WriteControl
                0x000009b8       0x38 .\CortexM3\ARM_GCC_473\Debug\LAB2.a(LCD_Char_1.o)
                0x000009b8                LCD_Char_1_WriteControl
 .text.LCD_Char_1_IsReady
                0x000009f0      0x208 .\CortexM3\ARM_GCC_473\Debug\LAB2.a(LCD_Char_1.o)
                0x000009f0                LCD_Char_1_IsReady
 .text.LCD_Char_1_WrDatNib
                0x00000bf8       0xb0 .\CortexM3\ARM_GCC_473\Debug\LAB2.a(LCD_Char_1.o)
 .text.LCD_Char_1_WrCntrlNib
                0x00000ca8       0x90 .\CortexM3\ARM_GCC_473\Debug\LAB2.a(LCD_Char_1.o)
 .text.LCD_Char_1_PrintNumber
                0x00000d38      0x104 .\CortexM3\ARM_GCC_473\Debug\LAB2.a(LCD_Char_1.o)
                0x00000d38                LCD_Char_1_PrintNumber
 .text.ADC_DelSig_1_Init
                0x00000e3c      0x190 .\CortexM3\ARM_GCC_473\Debug\LAB2.a(ADC_DelSig_1.o)
                0x00000e3c                ADC_DelSig_1_Init
 .text.ADC_DelSig_1_Enable
                0x00000fcc      0x1e4 .\CortexM3\ARM_GCC_473\Debug\LAB2.a(ADC_DelSig_1.o)
                0x00000fcc                ADC_DelSig_1_Enable
 .text.ADC_DelSig_1_Start
                0x000011b0       0x3c .\CortexM3\ARM_GCC_473\Debug\LAB2.a(ADC_DelSig_1.o)
                0x000011b0                ADC_DelSig_1_Start
 .text.ADC_DelSig_1_StartConvert
                0x000011ec       0x28 .\CortexM3\ARM_GCC_473\Debug\LAB2.a(ADC_DelSig_1.o)
                0x000011ec                ADC_DelSig_1_StartConvert
 .text.ADC_DelSig_1_IsEndConversion
                0x00001214       0x54 .\CortexM3\ARM_GCC_473\Debug\LAB2.a(ADC_DelSig_1.o)
                0x00001214                ADC_DelSig_1_IsEndConversion
 .text.ADC_DelSig_1_GetResult16
                0x00001268       0x90 .\CortexM3\ARM_GCC_473\Debug\LAB2.a(ADC_DelSig_1.o)
                0x00001268                ADC_DelSig_1_GetResult16
 .text.ADC_DelSig_1_InitConfig
                0x000012f8      0x1e8 .\CortexM3\ARM_GCC_473\Debug\LAB2.a(ADC_DelSig_1.o)
 .text.ADC_DelSig_1_GainCompensation
                0x000014e0      0x19c .\CortexM3\ARM_GCC_473\Debug\LAB2.a(ADC_DelSig_1.o)
 .text.ADC_DelSig_1_SetDSMRef0Reg
                0x0000167c       0xa8 .\CortexM3\ARM_GCC_473\Debug\LAB2.a(ADC_DelSig_1.o)
 .text.ADC_DelSig_1_ISR1
                0x00001724        0xc .\CortexM3\ARM_GCC_473\Debug\LAB2.a(ADC_DelSig_1_INT.o)
                0x00001724                ADC_DelSig_1_ISR1
 .text.ADC_DelSig_1_AMux_Start
                0x00001730       0x3c .\CortexM3\ARM_GCC_473\Debug\LAB2.a(ADC_DelSig_1_AMux.o)
                0x00001730                ADC_DelSig_1_AMux_Start
 .text.ADC_DelSig_1_AMux_Select
                0x0000176c       0x2c .\CortexM3\ARM_GCC_473\Debug\LAB2.a(ADC_DelSig_1_AMux.o)
                0x0000176c                ADC_DelSig_1_AMux_Select
 .text.ADC_DelSig_1_Ext_CP_Clk_SetDividerRegister
                0x00001798      0x1e8 .\CortexM3\ARM_GCC_473\Debug\LAB2.a(ADC_DelSig_1_Ext_CP_Clk.o)
                0x00001798                ADC_DelSig_1_Ext_CP_Clk_SetDividerRegister
 .text.ADC_DelSig_1_Ext_CP_Clk_GetDividerRegister
                0x00001980       0x18 .\CortexM3\ARM_GCC_473\Debug\LAB2.a(ADC_DelSig_1_Ext_CP_Clk.o)
                0x00001980                ADC_DelSig_1_Ext_CP_Clk_GetDividerRegister
 .text.ADC_DelSig_1_Ext_CP_Clk_SetModeRegister
                0x00001998       0x3c .\CortexM3\ARM_GCC_473\Debug\LAB2.a(ADC_DelSig_1_Ext_CP_Clk.o)
                0x00001998                ADC_DelSig_1_Ext_CP_Clk_SetModeRegister
 .text.ADC_DelSig_1_Ext_CP_Clk_GetSourceRegister
                0x000019d4       0x20 .\CortexM3\ARM_GCC_473\Debug\LAB2.a(ADC_DelSig_1_Ext_CP_Clk.o)
                0x000019d4                ADC_DelSig_1_Ext_CP_Clk_GetSourceRegister
 .text.ADC_DelSig_1_theACLK_SetDividerRegister
                0x000019f4      0x1e8 .\CortexM3\ARM_GCC_473\Debug\LAB2.a(ADC_DelSig_1_theACLK.o)
                0x000019f4                ADC_DelSig_1_theACLK_SetDividerRegister
 .text.ADC_DelSig_1_theACLK_GetDividerRegister
                0x00001bdc       0x18 .\CortexM3\ARM_GCC_473\Debug\LAB2.a(ADC_DelSig_1_theACLK.o)
                0x00001bdc                ADC_DelSig_1_theACLK_GetDividerRegister
 .text.ADC_DelSig_1_theACLK_SetModeRegister
                0x00001bf4       0x3c .\CortexM3\ARM_GCC_473\Debug\LAB2.a(ADC_DelSig_1_theACLK.o)
                0x00001bf4                ADC_DelSig_1_theACLK_SetModeRegister
 .text.ADC_DelSig_1_theACLK_GetSourceRegister
                0x00001c30       0x20 .\CortexM3\ARM_GCC_473\Debug\LAB2.a(ADC_DelSig_1_theACLK.o)
                0x00001c30                ADC_DelSig_1_theACLK_GetSourceRegister
 .text          0x00001c50       0x28 .\CortexM3\ARM_GCC_473\Debug\LAB2.a(CyBootAsmGnu.o)
                0x00001c50                CyDelayCycles
                0x00001c64                CyEnterCriticalSection
                0x00001c6c                CyExitCriticalSection
 .text.CyHalt   0x00001c78       0x18 .\CortexM3\ARM_GCC_473\Debug\LAB2.a(CyLib.o)
                0x00001c78                CyHalt
 .text.CyDelay  0x00001c90       0x48 .\CortexM3\ARM_GCC_473\Debug\LAB2.a(CyLib.o)
                0x00001c90                CyDelay
 .text.CyDelayUs
                0x00001cd8       0x28 .\CortexM3\ARM_GCC_473\Debug\LAB2.a(CyLib.o)
                0x00001cd8                CyDelayUs
 .text.CyIntSetVector
                0x00001d00       0x60 .\CortexM3\ARM_GCC_473\Debug\LAB2.a(CyLib.o)
                0x00001d00                CyIntSetVector
 .text.CyIntSetPriority
                0x00001d60       0x4c .\CortexM3\ARM_GCC_473\Debug\LAB2.a(CyLib.o)
                0x00001d60                CyIntSetPriority
 .text.__libc_init_array
                0x00001dac       0x4c c:/program files (x86)/cypress/psoc creator/3.0/psoc creator/import/gnu_cs/arm/4.7.3/bin/../lib/gcc/arm-none-eabi/4.7.3/../../../../arm-none-eabi/lib/armv7-m\libc_s.a(lib_a-init.o)
                0x00001dac                __libc_init_array
 .text.memcpy   0x00001df8       0x12 c:/program files (x86)/cypress/psoc creator/3.0/psoc creator/import/gnu_cs/arm/4.7.3/bin/../lib/gcc/arm-none-eabi/4.7.3/../../../../arm-none-eabi/lib/armv7-m\libc_s.a(lib_a-memcpy.o)
                0x00001df8                memcpy
 .text.memset   0x00001e0a       0x10 c:/program files (x86)/cypress/psoc creator/3.0/psoc creator/import/gnu_cs/arm/4.7.3/bin/../lib/gcc/arm-none-eabi/4.7.3/../../../../arm-none-eabi/lib/armv7-m\libc_s.a(lib_a-memset.o)
                0x00001e0a                memset
 *(.plt)
 *(.gnu.warning)
 *(.glue_7t)
 .glue_7t       0x00000000        0x0 linker stubs
 *(.glue_7)
 .glue_7        0x00000000        0x0 linker stubs
 *(.vfp11_veneer)
 .vfp11_veneer  0x00000000        0x0 linker stubs
 *(.bootloader)
 *(.ARM.extab* .gnu.linkonce.armextab.*)
 *(.gcc_except_table)

.v4_bx          0x00001e1c        0x0
 .v4_bx         0x00000000        0x0 linker stubs

.iplt           0x00001e1c        0x0
 .iplt          0x00000000        0x0 c:/program files (x86)/cypress/psoc creator/3.0/psoc creator/import/gnu_cs/arm/4.7.3/bin/../lib/gcc/arm-none-eabi/4.7.3/armv7-m/crtbegin.o

.eh_frame_hdr
 *(.eh_frame_hdr)

.eh_frame       0x00001e1c        0x4
 *(.eh_frame)
 .eh_frame      0x00001e1c        0x0 c:/program files (x86)/cypress/psoc creator/3.0/psoc creator/import/gnu_cs/arm/4.7.3/bin/../lib/gcc/arm-none-eabi/4.7.3/armv7-m/crtbegin.o
 .eh_frame      0x00001e1c        0x4 c:/program files (x86)/cypress/psoc creator/3.0/psoc creator/import/gnu_cs/arm/4.7.3/bin/../lib/gcc/arm-none-eabi/4.7.3/armv7-m/crtend.o
                0x00001e20                PROVIDE (__exidx_start, .)

.ARM.exidx
 *(.ARM.exidx* .gnu.linkonce.armexidx.*)
                0x00001e20                __exidx_end = .

.rodata         0x00001e20       0x88
 *(.rodata .rodata.* .gnu.linkonce.r.*)
 .rodata        0x00001e20       0x10 .\CortexM3\ARM_GCC_473\Debug\main.o
 .rodata        0x00001e30       0x44 .\CortexM3\ARM_GCC_473\Debug\LAB2.a(cyfitter_cfg.o)
                0x00001e30                ADC_DelSig_1_AMux__addrTable
                0x00001e38                ADC_DelSig_1_AMux__maskTable
                0x00001e74                . = ALIGN (0x4)
 *(.init)
 .init          0x00001e74        0x4 c:/program files (x86)/cypress/psoc creator/3.0/psoc creator/import/gnu_cs/arm/4.7.3/bin/../lib/gcc/arm-none-eabi/4.7.3/armv7-m/crti.o
                0x00001e74                _init
 .init          0x00001e78        0x8 c:/program files (x86)/cypress/psoc creator/3.0/psoc creator/import/gnu_cs/arm/4.7.3/bin/../lib/gcc/arm-none-eabi/4.7.3/armv7-m/crtn.o
                0x00001e80                . = ALIGN (0x4)
                0x00001e80                __preinit_array_start = .
 *(.preinit_array)
                0x00001e80                __preinit_array_end = .
                0x00001e80                . = ALIGN (0x4)
                0x00001e80                __init_array_start = .
 *(SORT(.init_array.*))
 *(.init_array)
 .init_array    0x00001e80        0x4 c:/program files (x86)/cypress/psoc creator/3.0/psoc creator/import/gnu_cs/arm/4.7.3/bin/../lib/gcc/arm-none-eabi/4.7.3/armv7-m/crtbegin.o
 .init_array    0x00001e84        0x4 .\CortexM3\ARM_GCC_473\Debug\Cm3Start.o
                0x00001e88                __init_array_end = .
                0x00001e88                . = ALIGN (0x4)
 *(.fini)
 .fini          0x00001e88        0x4 c:/program files (x86)/cypress/psoc creator/3.0/psoc creator/import/gnu_cs/arm/4.7.3/bin/../lib/gcc/arm-none-eabi/4.7.3/armv7-m/crti.o
                0x00001e88                _fini
 .fini          0x00001e8c        0x8 c:/program files (x86)/cypress/psoc creator/3.0/psoc creator/import/gnu_cs/arm/4.7.3/bin/../lib/gcc/arm-none-eabi/4.7.3/armv7-m/crtn.o
                0x00001e94                . = ALIGN (0x4)
                0x00001e94                __fini_array_start = .
 *(.fini_array)
 .fini_array    0x00001e94        0x4 c:/program files (x86)/cypress/psoc creator/3.0/psoc creator/import/gnu_cs/arm/4.7.3/bin/../lib/gcc/arm-none-eabi/4.7.3/armv7-m/crtbegin.o
 *(SORT(.fini_array.*))
                0x00001e98                __fini_array_end = .
                0x00001e98                . = ALIGN (0x4)
 *crtbegin.o(.ctors)
 *(EXCLUDE_FILE(*crtend.o) .ctors)
 *(SORT(.ctors.*))
 *crtend.o(.ctors)
                0x00001e98                . = ALIGN (0x4)
 *crtbegin.o(.dtors)
 *(EXCLUDE_FILE(*crtend.o) .dtors)
 *(SORT(.dtors.*))
 *crtend.o(.dtors)
                0x00001e98                . = ALIGN (0x4)
                0x00001e98                __cy_regions = .
                0x00001e98        0x4 LONG 0x1ea8 __cy_region_init_ram
                0x00001e9c        0x4 LONG 0x1fff8108 __cy_region_start_data
                0x00001ea0        0x4 LONG 0x18 __cy_region_init_size_ram
                0x00001ea4        0x4 LONG 0x30 __cy_region_zero_size_ram
                0x00001ea8                __cy_regions_end = .
                0x00001ea8                . = ALIGN (0x8)
                0x00001ea8                _etext = .

.ramvectors     0x1fff8000      0x100
                0x1fff8000                __cy_region_start_ram = .
 *(.ramvectors)
 .ramvectors    0x1fff8000      0x100 .\CortexM3\ARM_GCC_473\Debug\Cm3Start.o
                0x1fff8000                CyRamVectors

.noinit         0x1fff8100        0x5
 *(.noinit)
 .noinit        0x1fff8100        0x4 .\CortexM3\ARM_GCC_473\Debug\Cm3Start.o
 .noinit        0x1fff8104        0x1 .\CortexM3\ARM_GCC_473\Debug\LAB2.a(CyLib.o)
                0x1fff8104                CyResetStatus

.data           0x1fff8108       0x18 load address 0x00001ea8
                0x1fff8108                __cy_region_start_data = .
 *(.jcr)
 .jcr           0x1fff8108        0x0 c:/program files (x86)/cypress/psoc creator/3.0/psoc creator/import/gnu_cs/arm/4.7.3/bin/../lib/gcc/arm-none-eabi/4.7.3/armv7-m/crtbegin.o
 .jcr           0x1fff8108        0x4 c:/program files (x86)/cypress/psoc creator/3.0/psoc creator/import/gnu_cs/arm/4.7.3/bin/../lib/gcc/arm-none-eabi/4.7.3/armv7-m/crtend.o
 *(.got.plt)
 *(.got)
 *(.shdata)
 *(.data .data.* .gnu.linkonce.d.*)
 .data          0x1fff810c        0x1 .\CortexM3\ARM_GCC_473\Debug\LAB2.a(ADC_DelSig_1.o)
                0x1fff810c                ADC_DelSig_1_Config
 .data          0x1fff810d        0x1 .\CortexM3\ARM_GCC_473\Debug\LAB2.a(ADC_DelSig_1_AMux.o)
 *fill*         0x1fff810e        0x2 00
 .data          0x1fff8110       0x10 .\CortexM3\ARM_GCC_473\Debug\LAB2.a(CyLib.o)
                0x1fff8110                cydelay_freq_hz
                0x1fff8114                cydelay_freq_khz
                0x1fff8118                cydelay_freq_mhz
                0x1fff811c                cydelay_32k_ms
                0x1fff8120                . = ALIGN (0x8)
 *(.ram)
                0x1fff8120                _edata = .

.igot.plt       0x1fff8120        0x0 load address 0x00001ec0
 .igot.plt      0x00000000        0x0 c:/program files (x86)/cypress/psoc creator/3.0/psoc creator/import/gnu_cs/arm/4.7.3/bin/../lib/gcc/arm-none-eabi/4.7.3/armv7-m/crtbegin.o

.bss            0x1fff8120       0x30 load address 0x00001ec0
                0x1fff8120                PROVIDE (__bss_start__, .)
 *(.shbss)
 *(.bss .bss.* .gnu.linkonce.b.*)
 .bss           0x1fff8120       0x1c c:/program files (x86)/cypress/psoc creator/3.0/psoc creator/import/gnu_cs/arm/4.7.3/bin/../lib/gcc/arm-none-eabi/4.7.3/armv7-m/crtbegin.o
 .bss           0x1fff813c        0x2 .\CortexM3\ARM_GCC_473\Debug\main.o
                0x1fff813c                adcResult
 .bss           0x1fff813e        0x2 .\CortexM3\ARM_GCC_473\Debug\LAB2.a(LCD_Char_1.o)
                0x1fff813e                LCD_Char_1_enableState
                0x1fff813f                LCD_Char_1_initVar
 .bss           0x1fff8140        0x8 .\CortexM3\ARM_GCC_473\Debug\LAB2.a(ADC_DelSig_1.o)
                0x1fff8140                ADC_DelSig_1_convDone
                0x1fff8141                ADC_DelSig_1_stopConversion
                0x1fff8142                ADC_DelSig_1_initVar
                0x1fff8143                ADC_DelSig_1_started
 *(COMMON)
 COMMON         0x1fff8148        0x8 .\CortexM3\ARM_GCC_473\Debug\LAB2.a(ADC_DelSig_1.o)
                0x1fff8148                ADC_DelSig_1_CountsPerVolt
                0x1fff814c                ADC_DelSig_1_Offset
                0x1fff8150                . = ALIGN (0x8)
 *(.ram.b)
                0x1fff8150                _end = .
                0x1fff8150                __end = .
                0x1fff8150                PROVIDE (end, .)
                0x1fff8150                PROVIDE (__bss_end__, .)
                0x00001ea8                __cy_region_init_ram = LOADADDR (.data)
                0x00000018                __cy_region_init_size_ram = (_edata - ADDR (.data))
                0x00000030                __cy_region_zero_size_ram = (_end - _edata)

.heap           0x1fff8150     0x1000 load address 0x00001ec0
                0x1fff8150                . = _end
                0x1fff9150                . = (. + 0x1000)
 *fill*         0x1fff8150     0x1000 00
                0x1fff9150                __cy_heap_limit = .

.stack          0x20004000     0x4000
                0x20004000                __cy_stack_limit = .
                0x20008000                . = (. + 0x4000)
 *fill*         0x20004000     0x4000 00
                0x00000001                ASSERT ((__cy_stack_limit >= __cy_heap_limit), region RAM overflowed with stack)

.cyloadermeta
 *(.cyloadermeta)

.cyloadablemeta
 *(.cyloadablemeta)

.cyconfigecc    0x80000000       0x78
 *(.cyconfigecc)
 .cyconfigecc   0x80000000       0x78 .\CortexM3\ARM_GCC_473\Debug\cymetadata.o
                0x80000000                cy_meta_configecc

.cycustnvl      0x90000000        0x4
 *(.cycustnvl)
 .cycustnvl     0x90000000        0x4 .\CortexM3\ARM_GCC_473\Debug\cymetadata.o
                0x90000000                cy_meta_custnvl

.cywolatch      0x90100000        0x4
 *(.cywolatch)
 .cywolatch     0x90100000        0x4 .\CortexM3\ARM_GCC_473\Debug\cymetadata.o
                0x90100000                cy_meta_wonvl

.cyeeprom       0x90200000        0x0
 *(.cyeeprom)
                0x00000001                ASSERT ((. <= ((0x90200000 + ee_offset) + ee_size)), .cyeeprom data will not fit in EEPROM)

.cyflashprotect
                0x90400000      0x100
 *(.cyflashprotect)
 .cyflashprotect
                0x90400000      0x100 .\CortexM3\ARM_GCC_473\Debug\cymetadata.o
                0x90400000                cy_meta_flashprotect

.cymeta         0x90500000        0xc
 *(.cymeta)
 .cymeta        0x90500000        0xc .\CortexM3\ARM_GCC_473\Debug\cymetadata.o
                0x90500000                cy_metadata

.rel.dyn        0x00001ec0        0x0 load address 0x9050000c
 .rel.iplt      0x00000000        0x0 c:/program files (x86)/cypress/psoc creator/3.0/psoc creator/import/gnu_cs/arm/4.7.3/bin/../lib/gcc/arm-none-eabi/4.7.3/armv7-m/crtbegin.o

.stab
 *(.stab)

.stabstr
 *(.stabstr)

.debug
 *(.debug)

.line
 *(.line)

.debug_srcinfo
 *(.debug_srcinfo)

.debug_sfnames
 *(.debug_sfnames)

.debug_aranges  0x00000000      0x760
 *(.debug_aranges)
 .debug_aranges
                0x00000000       0x20 .\CortexM3\ARM_GCC_473\Debug\main.o
 .debug_aranges
                0x00000020       0x18 .\CortexM3\ARM_GCC_473\Debug\cymetadata.o
 .debug_aranges
                0x00000038       0x40 .\CortexM3\ARM_GCC_473\Debug\Cm3Start.o
 .debug_aranges
                0x00000078       0x70 .\CortexM3\ARM_GCC_473\Debug\LAB2.a(cyfitter_cfg.o)
 .debug_aranges
                0x000000e8       0x90 .\CortexM3\ARM_GCC_473\Debug\LAB2.a(LCD_Char_1.o)
 .debug_aranges
                0x00000178       0xe8 .\CortexM3\ARM_GCC_473\Debug\LAB2.a(ADC_DelSig_1.o)
 .debug_aranges
                0x00000260       0x38 .\CortexM3\ARM_GCC_473\Debug\LAB2.a(ADC_DelSig_1_INT.o)
 .debug_aranges
                0x00000298       0x30 .\CortexM3\ARM_GCC_473\Debug\LAB2.a(ADC_DelSig_1_AMux.o)
 .debug_aranges
                0x000002c8       0x70 .\CortexM3\ARM_GCC_473\Debug\LAB2.a(ADC_DelSig_1_Ext_CP_Clk.o)
 .debug_aranges
                0x00000338       0x80 .\CortexM3\ARM_GCC_473\Debug\LAB2.a(ADC_DelSig_1_theACLK.o)
 .debug_aranges
                0x000003b8       0x20 .\CortexM3\ARM_GCC_473\Debug\LAB2.a(CyBootAsmGnu.o)
 .debug_aranges
                0x000003d8      0x218 .\CortexM3\ARM_GCC_473\Debug\LAB2.a(CyLib.o)
 .debug_aranges
                0x000005f0       0x90 .\CortexM3\ARM_GCC_473\Debug\LAB2.a(cyPm.o)
 .debug_aranges
                0x00000680       0x78 .\CortexM3\ARM_GCC_473\Debug\LAB2.a(CyFlash.o)
 .debug_aranges
                0x000006f8       0x68 .\CortexM3\ARM_GCC_473\Debug\LAB2.a(CySpc.o)

.debug_pubnames
 *(.debug_pubnames)

.debug_info     0x00000000     0x36bc
 *(.debug_info .gnu.linkonce.wi.*)
 .debug_info    0x00000000       0xed .\CortexM3\ARM_GCC_473\Debug\main.o
 .debug_info    0x000000ed      0x13e .\CortexM3\ARM_GCC_473\Debug\cymetadata.o
 .debug_info    0x0000022b      0x2ea .\CortexM3\ARM_GCC_473\Debug\Cm3Start.o
 .debug_info    0x00000515      0x470 .\CortexM3\ARM_GCC_473\Debug\LAB2.a(cyfitter_cfg.o)
 .debug_info    0x00000985      0x3d2 .\CortexM3\ARM_GCC_473\Debug\LAB2.a(LCD_Char_1.o)
 .debug_info    0x00000d57      0x7a9 .\CortexM3\ARM_GCC_473\Debug\LAB2.a(ADC_DelSig_1.o)
 .debug_info    0x00001500       0xe4 .\CortexM3\ARM_GCC_473\Debug\LAB2.a(ADC_DelSig_1_INT.o)
 .debug_info    0x000015e4      0x11c .\CortexM3\ARM_GCC_473\Debug\LAB2.a(ADC_DelSig_1_AMux.o)
 .debug_info    0x00001700      0x294 .\CortexM3\ARM_GCC_473\Debug\LAB2.a(ADC_DelSig_1_Ext_CP_Clk.o)
 .debug_info    0x00001994      0x2da .\CortexM3\ARM_GCC_473\Debug\LAB2.a(ADC_DelSig_1_theACLK.o)
 .debug_info    0x00001c6e       0x87 .\CortexM3\ARM_GCC_473\Debug\LAB2.a(CyBootAsmGnu.o)
 .debug_info    0x00001cf5      0xcd7 .\CortexM3\ARM_GCC_473\Debug\LAB2.a(CyLib.o)
 .debug_info    0x000029cc      0x5c3 .\CortexM3\ARM_GCC_473\Debug\LAB2.a(cyPm.o)
 .debug_info    0x00002f8f      0x354 .\CortexM3\ARM_GCC_473\Debug\LAB2.a(CyFlash.o)
 .debug_info    0x000032e3      0x3d9 .\CortexM3\ARM_GCC_473\Debug\LAB2.a(CySpc.o)

.debug_abbrev   0x00000000     0x1010
 *(.debug_abbrev)
 .debug_abbrev  0x00000000       0x89 .\CortexM3\ARM_GCC_473\Debug\main.o
 .debug_abbrev  0x00000089       0x5d .\CortexM3\ARM_GCC_473\Debug\cymetadata.o
 .debug_abbrev  0x000000e6      0x175 .\CortexM3\ARM_GCC_473\Debug\Cm3Start.o
 .debug_abbrev  0x0000025b      0x1b2 .\CortexM3\ARM_GCC_473\Debug\LAB2.a(cyfitter_cfg.o)
 .debug_abbrev  0x0000040d      0x122 .\CortexM3\ARM_GCC_473\Debug\LAB2.a(LCD_Char_1.o)
 .debug_abbrev  0x0000052f      0x192 .\CortexM3\ARM_GCC_473\Debug\LAB2.a(ADC_DelSig_1.o)
 .debug_abbrev  0x000006c1       0x44 .\CortexM3\ARM_GCC_473\Debug\LAB2.a(ADC_DelSig_1_INT.o)
 .debug_abbrev  0x00000705       0x71 .\CortexM3\ARM_GCC_473\Debug\LAB2.a(ADC_DelSig_1_AMux.o)
 .debug_abbrev  0x00000776      0x11f .\CortexM3\ARM_GCC_473\Debug\LAB2.a(ADC_DelSig_1_Ext_CP_Clk.o)
 .debug_abbrev  0x00000895      0x11f .\CortexM3\ARM_GCC_473\Debug\LAB2.a(ADC_DelSig_1_theACLK.o)
 .debug_abbrev  0x000009b4       0x14 .\CortexM3\ARM_GCC_473\Debug\LAB2.a(CyBootAsmGnu.o)
 .debug_abbrev  0x000009c8      0x207 .\CortexM3\ARM_GCC_473\Debug\LAB2.a(CyLib.o)
 .debug_abbrev  0x00000bcf      0x170 .\CortexM3\ARM_GCC_473\Debug\LAB2.a(cyPm.o)
 .debug_abbrev  0x00000d3f      0x172 .\CortexM3\ARM_GCC_473\Debug\LAB2.a(CyFlash.o)
 .debug_abbrev  0x00000eb1      0x15f .\CortexM3\ARM_GCC_473\Debug\LAB2.a(CySpc.o)

.debug_line     0x00000000     0x1db3
 *(.debug_line)
 .debug_line    0x00000000      0x129 .\CortexM3\ARM_GCC_473\Debug\main.o
 .debug_line    0x00000129       0x53 .\CortexM3\ARM_GCC_473\Debug\cymetadata.o
 .debug_line    0x0000017c      0x1b0 .\CortexM3\ARM_GCC_473\Debug\Cm3Start.o
 .debug_line    0x0000032c      0x225 .\CortexM3\ARM_GCC_473\Debug\LAB2.a(cyfitter_cfg.o)
 .debug_line    0x00000551      0x200 .\CortexM3\ARM_GCC_473\Debug\LAB2.a(LCD_Char_1.o)
 .debug_line    0x00000751      0x36e .\CortexM3\ARM_GCC_473\Debug\LAB2.a(ADC_DelSig_1.o)
 .debug_line    0x00000abf       0x97 .\CortexM3\ARM_GCC_473\Debug\LAB2.a(ADC_DelSig_1_INT.o)
 .debug_line    0x00000b56       0xa8 .\CortexM3\ARM_GCC_473\Debug\LAB2.a(ADC_DelSig_1_AMux.o)
 .debug_line    0x00000bfe      0x1ae .\CortexM3\ARM_GCC_473\Debug\LAB2.a(ADC_DelSig_1_Ext_CP_Clk.o)
 .debug_line    0x00000dac      0x1cf .\CortexM3\ARM_GCC_473\Debug\LAB2.a(ADC_DelSig_1_theACLK.o)
 .debug_line    0x00000f7b       0x68 .\CortexM3\ARM_GCC_473\Debug\LAB2.a(CyBootAsmGnu.o)
 .debug_line    0x00000fe3      0x73b .\CortexM3\ARM_GCC_473\Debug\LAB2.a(CyLib.o)
 .debug_line    0x0000171e      0x347 .\CortexM3\ARM_GCC_473\Debug\LAB2.a(cyPm.o)
 .debug_line    0x00001a65      0x1a7 .\CortexM3\ARM_GCC_473\Debug\LAB2.a(CyFlash.o)
 .debug_line    0x00001c0c      0x1a7 .\CortexM3\ARM_GCC_473\Debug\LAB2.a(CySpc.o)

.debug_frame    0x00000000     0x17d4
 *(.debug_frame)
 .debug_frame   0x00000000       0x30 .\CortexM3\ARM_GCC_473\Debug\main.o
 .debug_frame   0x00000030       0xa4 .\CortexM3\ARM_GCC_473\Debug\Cm3Start.o
 .debug_frame   0x000000d4      0x158 .\CortexM3\ARM_GCC_473\Debug\LAB2.a(cyfitter_cfg.o)
 .debug_frame   0x0000022c      0x1e0 .\CortexM3\ARM_GCC_473\Debug\LAB2.a(LCD_Char_1.o)
 .debug_frame   0x0000040c      0x31c .\CortexM3\ARM_GCC_473\Debug\LAB2.a(ADC_DelSig_1.o)
 .debug_frame   0x00000728       0x80 .\CortexM3\ARM_GCC_473\Debug\LAB2.a(ADC_DelSig_1_INT.o)
 .debug_frame   0x000007a8       0x70 .\CortexM3\ARM_GCC_473\Debug\LAB2.a(ADC_DelSig_1_AMux.o)
 .debug_frame   0x00000818      0x14c .\CortexM3\ARM_GCC_473\Debug\LAB2.a(ADC_DelSig_1_Ext_CP_Clk.o)
 .debug_frame   0x00000964      0x184 .\CortexM3\ARM_GCC_473\Debug\LAB2.a(ADC_DelSig_1_theACLK.o)
 .debug_frame   0x00000ae8      0x778 .\CortexM3\ARM_GCC_473\Debug\LAB2.a(CyLib.o)
 .debug_frame   0x00001260      0x1d0 .\CortexM3\ARM_GCC_473\Debug\LAB2.a(cyPm.o)
 .debug_frame   0x00001430      0x178 .\CortexM3\ARM_GCC_473\Debug\LAB2.a(CyFlash.o)
 .debug_frame   0x000015a8      0x13c .\CortexM3\ARM_GCC_473\Debug\LAB2.a(CySpc.o)
 .debug_frame   0x000016e4       0x28 c:/program files (x86)/cypress/psoc creator/3.0/psoc creator/import/gnu_cs/arm/4.7.3/bin/../lib/gcc/arm-none-eabi/4.7.3/../../../../arm-none-eabi/lib/armv7-m\libc_s.a(lib_a-__atexit2.o)
 .debug_frame   0x0000170c       0x28 c:/program files (x86)/cypress/psoc creator/3.0/psoc creator/import/gnu_cs/arm/4.7.3/bin/../lib/gcc/arm-none-eabi/4.7.3/../../../../arm-none-eabi/lib/armv7-m\libc_s.a(lib_a-exit.o)
 .debug_frame   0x00001734       0x2c c:/program files (x86)/cypress/psoc creator/3.0/psoc creator/import/gnu_cs/arm/4.7.3/bin/../lib/gcc/arm-none-eabi/4.7.3/../../../../arm-none-eabi/lib/armv7-m\libc_s.a(lib_a-fini.o)
 .debug_frame   0x00001760       0x2c c:/program files (x86)/cypress/psoc creator/3.0/psoc creator/import/gnu_cs/arm/4.7.3/bin/../lib/gcc/arm-none-eabi/4.7.3/../../../../arm-none-eabi/lib/armv7-m\libc_s.a(lib_a-init.o)
 .debug_frame   0x0000178c       0x28 c:/program files (x86)/cypress/psoc creator/3.0/psoc creator/import/gnu_cs/arm/4.7.3/bin/../lib/gcc/arm-none-eabi/4.7.3/../../../../arm-none-eabi/lib/armv7-m\libc_s.a(lib_a-memcpy.o)
 .debug_frame   0x000017b4       0x20 c:/program files (x86)/cypress/psoc creator/3.0/psoc creator/import/gnu_cs/arm/4.7.3/bin/../lib/gcc/arm-none-eabi/4.7.3/../../../../arm-none-eabi/lib/armv7-m\libc_s.a(lib_a-memset.o)

.debug_str      0x00000000     0x1bad
 *(.debug_str)
 .debug_str     0x00000000      0x11a .\CortexM3\ARM_GCC_473\Debug\main.o
                                0x153 (size before relaxing)
 .debug_str     0x0000011a       0x7d .\CortexM3\ARM_GCC_473\Debug\cymetadata.o
                                0x19c (size before relaxing)
 .debug_str     0x00000197      0x119 .\CortexM3\ARM_GCC_473\Debug\Cm3Start.o
                                0x258 (size before relaxing)
 .debug_str     0x000002b0      0x1c7 .\CortexM3\ARM_GCC_473\Debug\LAB2.a(cyfitter_cfg.o)
                                0x319 (size before relaxing)
 .debug_str     0x00000477      0x1ec .\CortexM3\ARM_GCC_473\Debug\LAB2.a(LCD_Char_1.o)
                                0x323 (size before relaxing)
 .debug_str     0x00000663      0x440 .\CortexM3\ARM_GCC_473\Debug\LAB2.a(ADC_DelSig_1.o)
                                0x5c9 (size before relaxing)
 .debug_str     0x00000aa3       0x74 .\CortexM3\ARM_GCC_473\Debug\LAB2.a(ADC_DelSig_1_INT.o)
                                0x193 (size before relaxing)
 .debug_str     0x00000b17       0x9e .\CortexM3\ARM_GCC_473\Debug\LAB2.a(ADC_DelSig_1_AMux.o)
                                0x1c2 (size before relaxing)
 .debug_str     0x00000bb5      0x222 .\CortexM3\ARM_GCC_473\Debug\LAB2.a(ADC_DelSig_1_Ext_CP_Clk.o)
                                0x360 (size before relaxing)
 .debug_str     0x00000dd7      0x20a .\CortexM3\ARM_GCC_473\Debug\LAB2.a(ADC_DelSig_1_theACLK.o)
                                0x391 (size before relaxing)
 .debug_str     0x00000fe1      0x62d .\CortexM3\ARM_GCC_473\Debug\LAB2.a(CyLib.o)
                                0x7be (size before relaxing)
 .debug_str     0x0000160e      0x371 .\CortexM3\ARM_GCC_473\Debug\LAB2.a(cyPm.o)
                                0x4cd (size before relaxing)
 .debug_str     0x0000197f      0x130 .\CortexM3\ARM_GCC_473\Debug\LAB2.a(CyFlash.o)
                                0x293 (size before relaxing)
 .debug_str     0x00001aaf       0xfe .\CortexM3\ARM_GCC_473\Debug\LAB2.a(CySpc.o)
                                0x26f (size before relaxing)

.debug_loc      0x00000000     0x26a8
 *(.debug_loc)
 .debug_loc     0x00000000       0x38 .\CortexM3\ARM_GCC_473\Debug\main.o
 .debug_loc     0x00000038      0x100 .\CortexM3\ARM_GCC_473\Debug\Cm3Start.o
 .debug_loc     0x00000138      0x268 .\CortexM3\ARM_GCC_473\Debug\LAB2.a(cyfitter_cfg.o)
 .debug_loc     0x000003a0      0x318 .\CortexM3\ARM_GCC_473\Debug\LAB2.a(LCD_Char_1.o)
 .debug_loc     0x000006b8      0x58c .\CortexM3\ARM_GCC_473\Debug\LAB2.a(ADC_DelSig_1.o)
 .debug_loc     0x00000c44       0xb0 .\CortexM3\ARM_GCC_473\Debug\LAB2.a(ADC_DelSig_1_INT.o)
 .debug_loc     0x00000cf4       0xa8 .\CortexM3\ARM_GCC_473\Debug\LAB2.a(ADC_DelSig_1_AMux.o)
 .debug_loc     0x00000d9c      0x22c .\CortexM3\ARM_GCC_473\Debug\LAB2.a(ADC_DelSig_1_Ext_CP_Clk.o)
 .debug_loc     0x00000fc8      0x290 .\CortexM3\ARM_GCC_473\Debug\LAB2.a(ADC_DelSig_1_theACLK.o)
 .debug_loc     0x00001258      0xce0 .\CortexM3\ARM_GCC_473\Debug\LAB2.a(CyLib.o)
 .debug_loc     0x00001f38      0x2e8 .\CortexM3\ARM_GCC_473\Debug\LAB2.a(cyPm.o)
 .debug_loc     0x00002220      0x258 .\CortexM3\ARM_GCC_473\Debug\LAB2.a(CyFlash.o)
 .debug_loc     0x00002478      0x230 .\CortexM3\ARM_GCC_473\Debug\LAB2.a(CySpc.o)

.debug_macinfo
 *(.debug_macinfo)

.debug_ranges   0x00000000      0x658
 *(.debug_ranges)
 .debug_ranges  0x00000000       0x10 .\CortexM3\ARM_GCC_473\Debug\main.o
 .debug_ranges  0x00000010       0x30 .\CortexM3\ARM_GCC_473\Debug\Cm3Start.o
 .debug_ranges  0x00000040       0x60 .\CortexM3\ARM_GCC_473\Debug\LAB2.a(cyfitter_cfg.o)
 .debug_ranges  0x000000a0       0x80 .\CortexM3\ARM_GCC_473\Debug\LAB2.a(LCD_Char_1.o)
 .debug_ranges  0x00000120       0xd8 .\CortexM3\ARM_GCC_473\Debug\LAB2.a(ADC_DelSig_1.o)
 .debug_ranges  0x000001f8       0x28 .\CortexM3\ARM_GCC_473\Debug\LAB2.a(ADC_DelSig_1_INT.o)
 .debug_ranges  0x00000220       0x20 .\CortexM3\ARM_GCC_473\Debug\LAB2.a(ADC_DelSig_1_AMux.o)
 .debug_ranges  0x00000240       0x60 .\CortexM3\ARM_GCC_473\Debug\LAB2.a(ADC_DelSig_1_Ext_CP_Clk.o)
 .debug_ranges  0x000002a0       0x70 .\CortexM3\ARM_GCC_473\Debug\LAB2.a(ADC_DelSig_1_theACLK.o)
 .debug_ranges  0x00000310      0x208 .\CortexM3\ARM_GCC_473\Debug\LAB2.a(CyLib.o)
 .debug_ranges  0x00000518       0x80 .\CortexM3\ARM_GCC_473\Debug\LAB2.a(cyPm.o)
 .debug_ranges  0x00000598       0x68 .\CortexM3\ARM_GCC_473\Debug\LAB2.a(CyFlash.o)
 .debug_ranges  0x00000600       0x58 .\CortexM3\ARM_GCC_473\Debug\LAB2.a(CySpc.o)

.comment        0x00000000       0x70
 .comment       0x00000000       0x70 .\CortexM3\ARM_GCC_473\Debug\main.o
                                 0x71 (size before relaxing)
 .comment       0x00000000       0x71 .\CortexM3\ARM_GCC_473\Debug\cymetadata.o
 .comment       0x00000000       0x71 .\CortexM3\ARM_GCC_473\Debug\Cm3Start.o
 .comment       0x00000000       0x71 .\CortexM3\ARM_GCC_473\Debug\LAB2.a(cyfitter_cfg.o)
 .comment       0x00000000       0x71 .\CortexM3\ARM_GCC_473\Debug\LAB2.a(LCD_Char_1.o)
 .comment       0x00000000       0x71 .\CortexM3\ARM_GCC_473\Debug\LAB2.a(ADC_DelSig_1.o)
 .comment       0x00000000       0x71 .\CortexM3\ARM_GCC_473\Debug\LAB2.a(ADC_DelSig_1_INT.o)
 .comment       0x00000000       0x71 .\CortexM3\ARM_GCC_473\Debug\LAB2.a(ADC_DelSig_1_AMux.o)
 .comment       0x00000000       0x71 .\CortexM3\ARM_GCC_473\Debug\LAB2.a(ADC_DelSig_1_Ext_CP_Clk.o)
 .comment       0x00000000       0x71 .\CortexM3\ARM_GCC_473\Debug\LAB2.a(ADC_DelSig_1_theACLK.o)
 .comment       0x00000000       0x71 .\CortexM3\ARM_GCC_473\Debug\LAB2.a(CyLib.o)
 .comment       0x00000000       0x71 .\CortexM3\ARM_GCC_473\Debug\LAB2.a(cyPm.o)
 .comment       0x00000000       0x71 .\CortexM3\ARM_GCC_473\Debug\LAB2.a(CyFlash.o)
 .comment       0x00000000       0x71 .\CortexM3\ARM_GCC_473\Debug\LAB2.a(CySpc.o)

.debug_weaknames
 *(.debug_weaknames)

.debug_funcnames
 *(.debug_funcnames)

.debug_typenames
 *(.debug_typenames)

.debug_varnames
 *(.debug_varnames)

.note.gnu.arm.ident
 *(.note.gnu.arm.ident)

.ARM.attributes
                0x00000000       0x29
 *(.ARM.attributes)
 .ARM.attributes
                0x00000000       0x1d c:/program files (x86)/cypress/psoc creator/3.0/psoc creator/import/gnu_cs/arm/4.7.3/bin/../lib/gcc/arm-none-eabi/4.7.3/armv7-m/crti.o
 .ARM.attributes
                0x0000001d       0x2d c:/program files (x86)/cypress/psoc creator/3.0/psoc creator/import/gnu_cs/arm/4.7.3/bin/../lib/gcc/arm-none-eabi/4.7.3/armv7-m/crtbegin.o
 .ARM.attributes
                0x0000004a       0x1b c:/program files (x86)/cypress/psoc creator/3.0/psoc creator/import/gnu_cs/arm/4.7.3/bin/../lib/gcc/arm-none-eabi/4.7.3/../../../../arm-none-eabi/lib/armv7-m/crt0.o
 .ARM.attributes
                0x00000065       0x33 .\CortexM3\ARM_GCC_473\Debug\main.o
 .ARM.attributes
                0x00000098       0x33 .\CortexM3\ARM_GCC_473\Debug\cymetadata.o
 .ARM.attributes
                0x000000cb       0x33 .\CortexM3\ARM_GCC_473\Debug\Cm3Start.o
 .ARM.attributes
                0x000000fe       0x33 .\CortexM3\ARM_GCC_473\Debug\LAB2.a(cyfitter_cfg.o)
 .ARM.attributes
                0x00000131       0x33 .\CortexM3\ARM_GCC_473\Debug\LAB2.a(LCD_Char_1.o)
 .ARM.attributes
                0x00000164       0x33 .\CortexM3\ARM_GCC_473\Debug\LAB2.a(ADC_DelSig_1.o)
 .ARM.attributes
                0x00000197       0x33 .\CortexM3\ARM_GCC_473\Debug\LAB2.a(ADC_DelSig_1_INT.o)
 .ARM.attributes
                0x000001ca       0x33 .\CortexM3\ARM_GCC_473\Debug\LAB2.a(ADC_DelSig_1_AMux.o)
 .ARM.attributes
                0x000001fd       0x33 .\CortexM3\ARM_GCC_473\Debug\LAB2.a(ADC_DelSig_1_Ext_CP_Clk.o)
 .ARM.attributes
                0x00000230       0x33 .\CortexM3\ARM_GCC_473\Debug\LAB2.a(ADC_DelSig_1_theACLK.o)
 .ARM.attributes
                0x00000263       0x21 .\CortexM3\ARM_GCC_473\Debug\LAB2.a(CyBootAsmGnu.o)
 .ARM.attributes
                0x00000284       0x33 .\CortexM3\ARM_GCC_473\Debug\LAB2.a(CyLib.o)
 .ARM.attributes
                0x000002b7       0x33 .\CortexM3\ARM_GCC_473\Debug\LAB2.a(cyPm.o)
 .ARM.attributes
                0x000002ea       0x33 .\CortexM3\ARM_GCC_473\Debug\LAB2.a(CyFlash.o)
 .ARM.attributes
                0x0000031d       0x33 .\CortexM3\ARM_GCC_473\Debug\LAB2.a(CySpc.o)
 .ARM.attributes
                0x00000350       0x1d c:/program files (x86)/cypress/psoc creator/3.0/psoc creator/import/gnu_cs/arm/4.7.3/bin/../lib/gcc/arm-none-eabi/4.7.3/armv7-m\libgcc.a(_arm_addsubdf3.o)
 .ARM.attributes
                0x0000036d       0x1d c:/program files (x86)/cypress/psoc creator/3.0/psoc creator/import/gnu_cs/arm/4.7.3/bin/../lib/gcc/arm-none-eabi/4.7.3/armv7-m\libgcc.a(_arm_cmpdf2.o)
 .ARM.attributes
                0x0000038a       0x1d c:/program files (x86)/cypress/psoc creator/3.0/psoc creator/import/gnu_cs/arm/4.7.3/bin/../lib/gcc/arm-none-eabi/4.7.3/armv7-m\libgcc.a(_arm_addsubsf3.o)
 .ARM.attributes
                0x000003a7       0x1d c:/program files (x86)/cypress/psoc creator/3.0/psoc creator/import/gnu_cs/arm/4.7.3/bin/../lib/gcc/arm-none-eabi/4.7.3/armv7-m\libgcc.a(_arm_muldivsf3.o)
 .ARM.attributes
                0x000003c4       0x1d c:/program files (x86)/cypress/psoc creator/3.0/psoc creator/import/gnu_cs/arm/4.7.3/bin/../lib/gcc/arm-none-eabi/4.7.3/armv7-m\libgcc.a(_arm_fixunssfsi.o)
 .ARM.attributes
                0x000003e1       0x2d c:/program files (x86)/cypress/psoc creator/3.0/psoc creator/import/gnu_cs/arm/4.7.3/bin/../lib/gcc/arm-none-eabi/4.7.3/../../../../arm-none-eabi/lib/armv7-m\libc_s.a(lib_a-__atexit2.o)
 .ARM.attributes
                0x0000040e       0x2d c:/program files (x86)/cypress/psoc creator/3.0/psoc creator/import/gnu_cs/arm/4.7.3/bin/../lib/gcc/arm-none-eabi/4.7.3/../../../../arm-none-eabi/lib/armv7-m\libc_s.a(lib_a-exit.o)
 .ARM.attributes
                0x0000043b       0x2d c:/program files (x86)/cypress/psoc creator/3.0/psoc creator/import/gnu_cs/arm/4.7.3/bin/../lib/gcc/arm-none-eabi/4.7.3/../../../../arm-none-eabi/lib/armv7-m\libc_s.a(lib_a-fini.o)
 .ARM.attributes
                0x00000468       0x2d c:/program files (x86)/cypress/psoc creator/3.0/psoc creator/import/gnu_cs/arm/4.7.3/bin/../lib/gcc/arm-none-eabi/4.7.3/../../../../arm-none-eabi/lib/armv7-m\libc_s.a(lib_a-impure.o)
 .ARM.attributes
                0x00000495       0x2d c:/program files (x86)/cypress/psoc creator/3.0/psoc creator/import/gnu_cs/arm/4.7.3/bin/../lib/gcc/arm-none-eabi/4.7.3/../../../../arm-none-eabi/lib/armv7-m\libc_s.a(lib_a-init.o)
 .ARM.attributes
                0x000004c2       0x2d c:/program files (x86)/cypress/psoc creator/3.0/psoc creator/import/gnu_cs/arm/4.7.3/bin/../lib/gcc/arm-none-eabi/4.7.3/../../../../arm-none-eabi/lib/armv7-m\libc_s.a(lib_a-memcpy.o)
 .ARM.attributes
                0x000004ef       0x2d c:/program files (x86)/cypress/psoc creator/3.0/psoc creator/import/gnu_cs/arm/4.7.3/bin/../lib/gcc/arm-none-eabi/4.7.3/../../../../arm-none-eabi/lib/armv7-m\libc_s.a(lib_a-memset.o)
 .ARM.attributes
                0x0000051c       0x2d c:/program files (x86)/cypress/psoc creator/3.0/psoc creator/import/gnu_cs/arm/4.7.3/bin/../lib/gcc/arm-none-eabi/4.7.3/armv7-m/crtend.o
 .ARM.attributes
                0x00000549       0x1d c:/program files (x86)/cypress/psoc creator/3.0/psoc creator/import/gnu_cs/arm/4.7.3/bin/../lib/gcc/arm-none-eabi/4.7.3/armv7-m/crtn.o

/DISCARD/
 *(.note.GNU-stack)
OUTPUT(.\CortexM3\ARM_GCC_473\Debug\LAB2.elf elf32-littlearm)
